[1.708s] Invoking command in '/home/igor/gral-iiriondo/unitree_ws/build/asr': PYTHONPATH=/home/igor/gral-iiriondo/unitree_ws/build/asr/prefix_override:/usr/lib/python3/dist-packages/colcon_core/task/python/colcon_distutils_commands:/home/igor/gral-iiriondo/unitree_ws/install/asr/lib/python3.10/site-packages:${PYTHONPATH} /usr/bin/python3 -W ignore:setup.py install is deprecated -W ignore:easy_install command is deprecated setup.py develop --editable --build-directory /home/igor/gral-iiriondo/unitree_ws/build/asr/build --no-deps symlink_data
[2.440s] running develop
[2.990s] running egg_info
[2.991s] creating asr.egg-info
[2.991s] writing asr.egg-info/PKG-INFO
[2.992s] writing dependency_links to asr.egg-info/dependency_links.txt
[2.992s] writing entry points to asr.egg-info/entry_points.txt
[2.992s] writing requirements to asr.egg-info/requires.txt
[2.993s] writing top-level names to asr.egg-info/top_level.txt
[2.994s] writing manifest file 'asr.egg-info/SOURCES.txt'
[2.997s] reading manifest file 'asr.egg-info/SOURCES.txt'
[2.999s] writing manifest file 'asr.egg-info/SOURCES.txt'
[3.002s] running build_ext
[3.004s] Creating /home/igor/gral-iiriondo/unitree_ws/install/asr/lib/python3.10/site-packages/asr.egg-link (link to .)
[3.004s] Installing vosk_node script to /home/igor/gral-iiriondo/unitree_ws/install/asr/lib/asr
[3.005s] Installing whisper_medium_node script to /home/igor/gral-iiriondo/unitree_ws/install/asr/lib/asr
[3.005s] 
[3.008s] Installed /home/igor/gral-iiriondo/unitree_ws/build/asr
[3.008s] running symlink_data
[3.008s] creating /home/igor/gral-iiriondo/unitree_ws/install/asr/share/ament_index
[3.009s] creating /home/igor/gral-iiriondo/unitree_ws/install/asr/share/ament_index/resource_index
[3.009s] creating /home/igor/gral-iiriondo/unitree_ws/install/asr/share/ament_index/resource_index/packages
[3.009s] symbolically linking /home/igor/gral-iiriondo/unitree_ws/build/asr/resource/asr -> /home/igor/gral-iiriondo/unitree_ws/install/asr/share/ament_index/resource_index/packages
[3.009s] symbolically linking /home/igor/gral-iiriondo/unitree_ws/build/asr/package.xml -> /home/igor/gral-iiriondo/unitree_ws/install/asr/share/asr
[3.009s] creating /home/igor/gral-iiriondo/unitree_ws/install/asr/share/asr/launch
[3.009s] symbolically linking /home/igor/gral-iiriondo/unitree_ws/build/asr/launch/whisper_medium.launch.py -> /home/igor/gral-iiriondo/unitree_ws/install/asr/share/asr/launch
[3.010s] symbolically linking /home/igor/gral-iiriondo/unitree_ws/build/asr/launch/vosk.launch.py -> /home/igor/gral-iiriondo/unitree_ws/install/asr/share/asr/launch
[3.073s] Invoked command in '/home/igor/gral-iiriondo/unitree_ws/build/asr' returned '0': PYTHONPATH=/home/igor/gral-iiriondo/unitree_ws/build/asr/prefix_override:/usr/lib/python3/dist-packages/colcon_core/task/python/colcon_distutils_commands:/home/igor/gral-iiriondo/unitree_ws/install/asr/lib/python3.10/site-packages:${PYTHONPATH} /usr/bin/python3 -W ignore:setup.py install is deprecated -W ignore:easy_install command is deprecated setup.py develop --editable --build-directory /home/igor/gral-iiriondo/unitree_ws/build/asr/build --no-deps symlink_data
