[3.233s] Invoking command in '/home/tknika/gral-iiriondo/unitree_ws/build/object_recognition': CMAKE_PREFIX_PATH=/home/tknika/gral-iiriondo/unitree_ws/install/object_recognition_interfaces:/home/tknika/gral-iiriondo/unitree_ws/install/speech_to_goal_interfaces:/home/tknika/gral-iiriondo/unitree_ws/install/aruco_markers_msgs LD_LIBRARY_PATH=/home/tknika/gral-iiriondo/unitree_ws/install/object_recognition_interfaces/lib:/home/tknika/gral-iiriondo/unitree_ws/install/speech_to_goal_interfaces/lib:/home/tknika/gral-iiriondo/unitree_ws/install/aruco_markers_msgs/lib:/usr/lib/aarch64-linux-gnu/nvidia:/usr/local/cuda/lib64:/usr/local/cuda-12.6/lib64:/usr/lib/aarch64-linux-gnu/nvidia:/usr/local/cuda/lib64:/opt/ros/humble/opt/rviz_ogre_vendor/lib:/opt/ros/humble/lib/aarch64-linux-gnu:/opt/ros/humble/lib:/usr/local/cuda-12.6/lib64 PYTHONPATH=/home/tknika/gral-iiriondo/unitree_ws/build/object_recognition/prefix_override:/usr/lib/python3/dist-packages/colcon_core/task/python/colcon_distutils_commands:/home/tknika/gral-iiriondo/unitree_ws/install/object_recognition/lib/python3.10/site-packages:${PYTHONPATH} /usr/bin/python3 -W ignore:setup.py install is deprecated -W ignore:easy_install command is deprecated setup.py develop --editable --build-directory /home/tknika/gral-iiriondo/unitree_ws/build/object_recognition/build --no-deps symlink_data
[4.039s] running develop
[4.555s] running egg_info
[4.556s] creating object_recognition.egg-info
[4.584s] writing object_recognition.egg-info/PKG-INFO
[4.584s] writing dependency_links to object_recognition.egg-info/dependency_links.txt
[4.585s] writing entry points to object_recognition.egg-info/entry_points.txt
[4.585s] writing requirements to object_recognition.egg-info/requires.txt
[4.585s] writing top-level names to object_recognition.egg-info/top_level.txt
[4.586s] writing manifest file 'object_recognition.egg-info/SOURCES.txt'
[4.646s] reading manifest file 'object_recognition.egg-info/SOURCES.txt'
[4.648s] writing manifest file 'object_recognition.egg-info/SOURCES.txt'
[4.680s] running build_ext
[4.681s] Creating /home/tknika/gral-iiriondo/unitree_ws/install/object_recognition/lib/python3.10/site-packages/object-recognition.egg-link (link to .)
[4.682s] Installing object_recognition_vit_node script to /home/tknika/gral-iiriondo/unitree_ws/install/object_recognition/lib/object_recognition
[4.682s] Installing object_recognition_yolo_cls_node script to /home/tknika/gral-iiriondo/unitree_ws/install/object_recognition/lib/object_recognition
[4.683s] Installing object_recognition_yolo_node script to /home/tknika/gral-iiriondo/unitree_ws/install/object_recognition/lib/object_recognition
[4.683s] 
[4.683s] Installed /home/tknika/gral-iiriondo/unitree_ws/build/object_recognition
[4.683s] running symlink_data
[4.683s] creating /home/tknika/gral-iiriondo/unitree_ws/install/object_recognition/share/ament_index
[4.684s] creating /home/tknika/gral-iiriondo/unitree_ws/install/object_recognition/share/ament_index/resource_index
[4.684s] creating /home/tknika/gral-iiriondo/unitree_ws/install/object_recognition/share/ament_index/resource_index/packages
[4.684s] symbolically linking /home/tknika/gral-iiriondo/unitree_ws/build/object_recognition/resource/object_recognition -> /home/tknika/gral-iiriondo/unitree_ws/install/object_recognition/share/ament_index/resource_index/packages
[4.684s] symbolically linking /home/tknika/gral-iiriondo/unitree_ws/build/object_recognition/package.xml -> /home/tknika/gral-iiriondo/unitree_ws/install/object_recognition/share/object_recognition
[4.867s] Invoked command in '/home/tknika/gral-iiriondo/unitree_ws/build/object_recognition' returned '0': CMAKE_PREFIX_PATH=/home/tknika/gral-iiriondo/unitree_ws/install/object_recognition_interfaces:/home/tknika/gral-iiriondo/unitree_ws/install/speech_to_goal_interfaces:/home/tknika/gral-iiriondo/unitree_ws/install/aruco_markers_msgs LD_LIBRARY_PATH=/home/tknika/gral-iiriondo/unitree_ws/install/object_recognition_interfaces/lib:/home/tknika/gral-iiriondo/unitree_ws/install/speech_to_goal_interfaces/lib:/home/tknika/gral-iiriondo/unitree_ws/install/aruco_markers_msgs/lib:/usr/lib/aarch64-linux-gnu/nvidia:/usr/local/cuda/lib64:/usr/local/cuda-12.6/lib64:/usr/lib/aarch64-linux-gnu/nvidia:/usr/local/cuda/lib64:/opt/ros/humble/opt/rviz_ogre_vendor/lib:/opt/ros/humble/lib/aarch64-linux-gnu:/opt/ros/humble/lib:/usr/local/cuda-12.6/lib64 PYTHONPATH=/home/tknika/gral-iiriondo/unitree_ws/build/object_recognition/prefix_override:/usr/lib/python3/dist-packages/colcon_core/task/python/colcon_distutils_commands:/home/tknika/gral-iiriondo/unitree_ws/install/object_recognition/lib/python3.10/site-packages:${PYTHONPATH} /usr/bin/python3 -W ignore:setup.py install is deprecated -W ignore:easy_install command is deprecated setup.py develop --editable --build-directory /home/tknika/gral-iiriondo/unitree_ws/build/object_recognition/build --no-deps symlink_data
