[2.525s] Invoking command in '/home/tknika/gral-iiriondo/unitree_ws/build/object_recognition': AMENT_PREFIX_PATH=/home/tknika/gral-iiriondo/unitree_ws/install/object_recognition_interfaces:${AMENT_PREFIX_PATH} CMAKE_PREFIX_PATH=/home/tknika/gral-iiriondo/unitree_ws/install/object_recognition_interfaces LD_LIBRARY_PATH=/home/tknika/gral-iiriondo/unitree_ws/install/object_recognition_interfaces/lib:/usr/lib/aarch64-linux-gnu/nvidia:/usr/local/cuda/lib64:/opt/ros/humble/opt/rviz_ogre_vendor/lib:/opt/ros/humble/lib/aarch64-linux-gnu:/opt/ros/humble/lib:/usr/local/cuda-12.6/lib64 PYTHONPATH=/home/tknika/gral-iiriondo/unitree_ws/build/object_recognition/prefix_override:/usr/lib/python3/dist-packages/colcon_core/task/python/colcon_distutils_commands:/home/tknika/gral-iiriondo/unitree_ws/install/object_recognition/lib/python3.10/site-packages:/home/tknika/gral-iiriondo/unitree_ws/install/object_recognition_interfaces/local/lib/python3.10/dist-packages:${PYTHONPATH} /usr/bin/python3 -W ignore:setup.py install is deprecated -W ignore:easy_install command is deprecated setup.py develop --editable --build-directory /home/tknika/gral-iiriondo/unitree_ws/build/object_recognition/build --no-deps symlink_data
[2.872s] /home/tknika/.local/lib/python3.10/site-packages/setuptools/_distutils/dist.py:289: UserWarning: Unknown distribution option: 'tests_require'
[2.872s]   warnings.warn(msg)
[3.185s] running develop
[3.557s] running egg_info
[3.586s] writing object_recognition.egg-info/PKG-INFO
[3.587s] writing dependency_links to object_recognition.egg-info/dependency_links.txt
[3.588s] writing entry points to object_recognition.egg-info/entry_points.txt
[3.588s] writing requirements to object_recognition.egg-info/requires.txt
[3.588s] writing top-level names to object_recognition.egg-info/top_level.txt
[3.651s] reading manifest file 'object_recognition.egg-info/SOURCES.txt'
[3.654s] writing manifest file 'object_recognition.egg-info/SOURCES.txt'
[3.686s] running build_ext
[3.686s] Creating /home/tknika/gral-iiriondo/unitree_ws/install/object_recognition/lib/python3.10/site-packages/object-recognition.egg-link (link to .)
[3.688s] Installing object_recognition_vit_node script to /home/tknika/gral-iiriondo/unitree_ws/install/object_recognition/lib/object_recognition
[3.688s] Installing object_recognition_yolo_cls_node script to /home/tknika/gral-iiriondo/unitree_ws/install/object_recognition/lib/object_recognition
[3.689s] Installing object_recognition_yolo_node script to /home/tknika/gral-iiriondo/unitree_ws/install/object_recognition/lib/object_recognition
[3.689s] 
[3.689s] Installed /home/tknika/gral-iiriondo/unitree_ws/build/object_recognition
[3.690s] running symlink_data
[3.788s] Invoked command in '/home/tknika/gral-iiriondo/unitree_ws/build/object_recognition' returned '0': AMENT_PREFIX_PATH=/home/tknika/gral-iiriondo/unitree_ws/install/object_recognition_interfaces:${AMENT_PREFIX_PATH} CMAKE_PREFIX_PATH=/home/tknika/gral-iiriondo/unitree_ws/install/object_recognition_interfaces LD_LIBRARY_PATH=/home/tknika/gral-iiriondo/unitree_ws/install/object_recognition_interfaces/lib:/usr/lib/aarch64-linux-gnu/nvidia:/usr/local/cuda/lib64:/opt/ros/humble/opt/rviz_ogre_vendor/lib:/opt/ros/humble/lib/aarch64-linux-gnu:/opt/ros/humble/lib:/usr/local/cuda-12.6/lib64 PYTHONPATH=/home/tknika/gral-iiriondo/unitree_ws/build/object_recognition/prefix_override:/usr/lib/python3/dist-packages/colcon_core/task/python/colcon_distutils_commands:/home/tknika/gral-iiriondo/unitree_ws/install/object_recognition/lib/python3.10/site-packages:/home/tknika/gral-iiriondo/unitree_ws/install/object_recognition_interfaces/local/lib/python3.10/dist-packages:${PYTHONPATH} /usr/bin/python3 -W ignore:setup.py install is deprecated -W ignore:easy_install command is deprecated setup.py develop --editable --build-directory /home/tknika/gral-iiriondo/unitree_ws/build/object_recognition/build --no-deps symlink_data
