[8.392s] Invoking command in '/home/tknika/gral-iiriondo-main/unitree_ws/build/standing_mode': PS1=\[\e]0;\u@\h: \w\a\]${debian_chroot:+($debian_chroot)}\[\033[01;32m\]\u@\h\[\033[00m\]:\[\033[01;34m\]\w\[\033[00m\]\$ PYTHONPATH=/home/tknika/gral-iiriondo-main/unitree_ws/build/standing_mode/prefix_override:/usr/lib/python3/dist-packages/colcon_core/task/python/colcon_distutils_commands:/home/tknika/gral-iiriondo-main/unitree_ws/install/standing_mode/lib/python3.10/site-packages:${PYTHONPATH} VIRTUAL_ENV_PROMPT=(unitree_env) /usr/bin/python3 -W ignore:setup.py install is deprecated -W ignore:easy_install command is deprecated setup.py develop --editable --build-directory /home/tknika/gral-iiriondo-main/unitree_ws/build/standing_mode/build --no-deps symlink_data
[14.497s] running develop
[14.498s] running egg_info
[14.499s] creating standing_mode.egg-info
[14.499s] writing standing_mode.egg-info/PKG-INFO
[14.499s] writing dependency_links to standing_mode.egg-info/dependency_links.txt
[14.499s] writing entry points to standing_mode.egg-info/entry_points.txt
[14.499s] writing requirements to standing_mode.egg-info/requires.txt
[14.500s] writing top-level names to standing_mode.egg-info/top_level.txt
[14.500s] writing manifest file 'standing_mode.egg-info/SOURCES.txt'
[14.500s] reading manifest file 'standing_mode.egg-info/SOURCES.txt'
[14.500s] writing manifest file 'standing_mode.egg-info/SOURCES.txt'
[14.500s] running build_ext
[14.501s] Creating /home/tknika/gral-iiriondo-main/unitree_ws/install/standing_mode/lib/python3.10/site-packages/standing-mode.egg-link (link to .)
[14.501s] Installing standing_mode script to /home/tknika/gral-iiriondo-main/unitree_ws/install/standing_mode/lib/standing_mode
[14.501s] 
[14.502s] Installed /home/tknika/gral-iiriondo-main/unitree_ws/build/standing_mode
[14.502s] running symlink_data
[14.503s] creating /home/tknika/gral-iiriondo-main/unitree_ws/install/standing_mode/share/ament_index
[14.503s] creating /home/tknika/gral-iiriondo-main/unitree_ws/install/standing_mode/share/ament_index/resource_index
[14.503s] creating /home/tknika/gral-iiriondo-main/unitree_ws/install/standing_mode/share/ament_index/resource_index/packages
[14.503s] symbolically linking /home/tknika/gral-iiriondo-main/unitree_ws/build/standing_mode/resource/standing_mode -> /home/tknika/gral-iiriondo-main/unitree_ws/install/standing_mode/share/ament_index/resource_index/packages
[14.504s] symbolically linking /home/tknika/gral-iiriondo-main/unitree_ws/build/standing_mode/package.xml -> /home/tknika/gral-iiriondo-main/unitree_ws/install/standing_mode/share/standing_mode
[14.504s] creating /home/tknika/gral-iiriondo-main/unitree_ws/install/standing_mode/share/standing_mode/launch
[14.504s] symbolically linking /home/tknika/gral-iiriondo-main/unitree_ws/build/standing_mode/launch/standing_mode.launch.py -> /home/tknika/gral-iiriondo-main/unitree_ws/install/standing_mode/share/standing_mode/launch
[14.505s] creating /home/tknika/gral-iiriondo-main/unitree_ws/install/standing_mode/share/standing_mode/script
[14.505s] symbolically linking /home/tknika/gral-iiriondo-main/unitree_ws/build/standing_mode/script/unitree_stand.py -> /home/tknika/gral-iiriondo-main/unitree_ws/install/standing_mode/share/standing_mode/script
[14.638s] Invoked command in '/home/tknika/gral-iiriondo-main/unitree_ws/build/standing_mode' returned '0': PS1=\[\e]0;\u@\h: \w\a\]${debian_chroot:+($debian_chroot)}\[\033[01;32m\]\u@\h\[\033[00m\]:\[\033[01;34m\]\w\[\033[00m\]\$ PYTHONPATH=/home/tknika/gral-iiriondo-main/unitree_ws/build/standing_mode/prefix_override:/usr/lib/python3/dist-packages/colcon_core/task/python/colcon_distutils_commands:/home/tknika/gral-iiriondo-main/unitree_ws/install/standing_mode/lib/python3.10/site-packages:${PYTHONPATH} VIRTUAL_ENV_PROMPT=(unitree_env) /usr/bin/python3 -W ignore:setup.py install is deprecated -W ignore:easy_install command is deprecated setup.py develop --editable --build-directory /home/tknika/gral-iiriondo-main/unitree_ws/build/standing_mode/build --no-deps symlink_data
