running develop
running egg_info
creating go1_description.egg-info
writing go1_description.egg-info/PKG-INFO
writing dependency_links to go1_description.egg-info/dependency_links.txt
writing entry points to go1_description.egg-info/entry_points.txt
writing requirements to go1_description.egg-info/requires.txt
writing top-level names to go1_description.egg-info/top_level.txt
writing manifest file 'go1_description.egg-info/SOURCES.txt'
reading manifest file 'go1_description.egg-info/SOURCES.txt'
writing manifest file 'go1_description.egg-info/SOURCES.txt'
running build_ext
Creating /home/igor/gral-iiriondo/unitree_ws/install/go1_description/lib/python3.10/site-packages/go1-description.egg-link (link to .)

Installed /home/igor/gral-iiriondo/unitree_ws/build/go1_description
running symlink_data
creating /home/igor/gral-iiriondo/unitree_ws/install/go1_description/share/ament_index
creating /home/igor/gral-iiriondo/unitree_ws/install/go1_description/share/ament_index/resource_index
creating /home/igor/gral-iiriondo/unitree_ws/install/go1_description/share/ament_index/resource_index/packages
symbolically linking /home/igor/gral-iiriondo/unitree_ws/build/go1_description/resource/go1_description -> /home/igor/gral-iiriondo/unitree_ws/install/go1_description/share/ament_index/resource_index/packages
symbolically linking /home/igor/gral-iiriondo/unitree_ws/build/go1_description/package.xml -> /home/igor/gral-iiriondo/unitree_ws/install/go1_description/share/go1_description
creating /home/igor/gral-iiriondo/unitree_ws/install/go1_description/share/go1_description/launch
symbolically linking /home/igor/gral-iiriondo/unitree_ws/build/go1_description/launch/go1_rviz.launch.py -> /home/igor/gral-iiriondo/unitree_ws/install/go1_description/share/go1_description/launch
creating /home/igor/gral-iiriondo/unitree_ws/install/go1_description/share/go1_description/urdf
symbolically linking /home/igor/gral-iiriondo/unitree_ws/build/go1_description/urdf/go1.urdf -> /home/igor/gral-iiriondo/unitree_ws/install/go1_description/share/go1_description/urdf
creating /home/igor/gral-iiriondo/unitree_ws/install/go1_description/share/go1_description/xacro
symbolically linking /home/igor/gral-iiriondo/unitree_ws/build/go1_description/xacro/materials.xacro -> /home/igor/gral-iiriondo/unitree_ws/install/go1_description/share/go1_description/xacro
symbolically linking /home/igor/gral-iiriondo/unitree_ws/build/go1_description/xacro/transmission.xacro -> /home/igor/gral-iiriondo/unitree_ws/install/go1_description/share/go1_description/xacro
symbolically linking /home/igor/gral-iiriondo/unitree_ws/build/go1_description/xacro/leg.xacro -> /home/igor/gral-iiriondo/unitree_ws/install/go1_description/share/go1_description/xacro
symbolically linking /home/igor/gral-iiriondo/unitree_ws/build/go1_description/xacro/depthCamera.xacro -> /home/igor/gral-iiriondo/unitree_ws/install/go1_description/share/go1_description/xacro
symbolically linking /home/igor/gral-iiriondo/unitree_ws/build/go1_description/xacro/gazebo.xacro -> /home/igor/gral-iiriondo/unitree_ws/install/go1_description/share/go1_description/xacro
symbolically linking /home/igor/gral-iiriondo/unitree_ws/build/go1_description/xacro/const.xacro -> /home/igor/gral-iiriondo/unitree_ws/install/go1_description/share/go1_description/xacro
symbolically linking /home/igor/gral-iiriondo/unitree_ws/build/go1_description/xacro/ultraSound.xacro -> /home/igor/gral-iiriondo/unitree_ws/install/go1_description/share/go1_description/xacro
symbolically linking /home/igor/gral-iiriondo/unitree_ws/build/go1_description/xacro/robot.xacro -> /home/igor/gral-iiriondo/unitree_ws/install/go1_description/share/go1_description/xacro
creating /home/igor/gral-iiriondo/unitree_ws/install/go1_description/share/go1_description/meshes
symbolically linking /home/igor/gral-iiriondo/unitree_ws/build/go1_description/meshes/thigh.dae -> /home/igor/gral-iiriondo/unitree_ws/install/go1_description/share/go1_description/meshes
symbolically linking /home/igor/gral-iiriondo/unitree_ws/build/go1_description/meshes/depthCamera.dae -> /home/igor/gral-iiriondo/unitree_ws/install/go1_description/share/go1_description/meshes
symbolically linking /home/igor/gral-iiriondo/unitree_ws/build/go1_description/meshes/hip.dae -> /home/igor/gral-iiriondo/unitree_ws/install/go1_description/share/go1_description/meshes
symbolically linking /home/igor/gral-iiriondo/unitree_ws/build/go1_description/meshes/calf.dae -> /home/igor/gral-iiriondo/unitree_ws/install/go1_description/share/go1_description/meshes
symbolically linking /home/igor/gral-iiriondo/unitree_ws/build/go1_description/meshes/thigh_mirror.dae -> /home/igor/gral-iiriondo/unitree_ws/install/go1_description/share/go1_description/meshes
symbolically linking /home/igor/gral-iiriondo/unitree_ws/build/go1_description/meshes/ultraSound.dae -> /home/igor/gral-iiriondo/unitree_ws/install/go1_description/share/go1_description/meshes
symbolically linking /home/igor/gral-iiriondo/unitree_ws/build/go1_description/meshes/trunk.dae -> /home/igor/gral-iiriondo/unitree_ws/install/go1_description/share/go1_description/meshes
