[1.078s] Invoking command in '/home/igor/gral-iiriondo/unitree_ws/build/aruco_detector': CMAKE_PREFIX_PATH=/home/igor/gral-iiriondo/unitree_ws/install/aruco_markers_msgs:/home/igor/gral-iiriondo/unitree_ws/install/speech_to_goal_interfaces:/home/igor/gral-iiriondo/unitree_ws/install/object_recognition_interfaces LD_LIBRARY_PATH=/home/igor/gral-iiriondo/unitree_ws/install/aruco_markers_msgs/lib:/home/igor/gral-iiriondo/unitree_ws/install/speech_to_goal_interfaces/lib:/home/igor/gral-iiriondo/unitree_ws/install/object_recognition_interfaces/lib:/opt/ros/humble/opt/zenoh_cpp_vendor/lib:/opt/ros/humble/opt/rviz_ogre_vendor/lib:/opt/ros/humble/lib/x86_64-linux-gnu:/opt/ros/humble/lib PYTHONPATH=/home/igor/gral-iiriondo/unitree_ws/build/aruco_detector/prefix_override:/usr/lib/python3/dist-packages/colcon_core/task/python/colcon_distutils_commands:/home/igor/gral-iiriondo/unitree_ws/install/aruco_detector/lib/python3.10/site-packages:/home/igor/gral-iiriondo/unitree_ws/install/aruco_markers_msgs/lib/python3.8/site-packages:${PYTHONPATH} /usr/bin/python3 -W ignore:setup.py install is deprecated -W ignore:easy_install command is deprecated setup.py develop --editable --build-directory /home/igor/gral-iiriondo/unitree_ws/build/aruco_detector/build --no-deps symlink_data
[1.528s] running develop
[1.888s] running egg_info
[1.888s] creating aruco_detector.egg-info
[1.888s] writing aruco_detector.egg-info/PKG-INFO
[1.889s] writing dependency_links to aruco_detector.egg-info/dependency_links.txt
[1.889s] writing entry points to aruco_detector.egg-info/entry_points.txt
[1.889s] writing requirements to aruco_detector.egg-info/requires.txt
[1.890s] writing top-level names to aruco_detector.egg-info/top_level.txt
[1.890s] writing manifest file 'aruco_detector.egg-info/SOURCES.txt'
[1.892s] reading manifest file 'aruco_detector.egg-info/SOURCES.txt'
[1.894s] writing manifest file 'aruco_detector.egg-info/SOURCES.txt'
[1.898s] running build_ext
[1.899s] Creating /home/igor/gral-iiriondo/unitree_ws/install/aruco_detector/lib/python3.10/site-packages/aruco-detector.egg-link (link to .)
[1.901s] Installing aruco_detector_node script to /home/igor/gral-iiriondo/unitree_ws/install/aruco_detector/lib/aruco_detector
[1.902s] Installing aruco_mapper_node script to /home/igor/gral-iiriondo/unitree_ws/install/aruco_detector/lib/aruco_detector
[1.902s] 
[1.902s] Installed /home/igor/gral-iiriondo/unitree_ws/build/aruco_detector
[1.902s] running symlink_data
[1.902s] creating /home/igor/gral-iiriondo/unitree_ws/install/aruco_detector/share/ament_index
[1.903s] creating /home/igor/gral-iiriondo/unitree_ws/install/aruco_detector/share/ament_index/resource_index
[1.903s] creating /home/igor/gral-iiriondo/unitree_ws/install/aruco_detector/share/ament_index/resource_index/packages
[1.903s] symbolically linking /home/igor/gral-iiriondo/unitree_ws/build/aruco_detector/resource/aruco_detector -> /home/igor/gral-iiriondo/unitree_ws/install/aruco_detector/share/ament_index/resource_index/packages
[1.903s] symbolically linking /home/igor/gral-iiriondo/unitree_ws/build/aruco_detector/package.xml -> /home/igor/gral-iiriondo/unitree_ws/install/aruco_detector/share/aruco_detector
[1.903s] creating /home/igor/gral-iiriondo/unitree_ws/install/aruco_detector/share/aruco_detector/launch
[1.904s] symbolically linking /home/igor/gral-iiriondo/unitree_ws/build/aruco_detector/launch/aruco_full.launch.py -> /home/igor/gral-iiriondo/unitree_ws/install/aruco_detector/share/aruco_detector/launch
[1.904s] symbolically linking /home/igor/gral-iiriondo/unitree_ws/build/aruco_detector/launch/aruco_detector.launch.py -> /home/igor/gral-iiriondo/unitree_ws/install/aruco_detector/share/aruco_detector/launch
[1.904s] creating /home/igor/gral-iiriondo/unitree_ws/install/aruco_detector/share/aruco_detector/config
[1.904s] symbolically linking /home/igor/gral-iiriondo/unitree_ws/build/aruco_detector/config/aruco_detector.yaml -> /home/igor/gral-iiriondo/unitree_ws/install/aruco_detector/share/aruco_detector/config
[1.904s] symbolically linking /home/igor/gral-iiriondo/unitree_ws/build/aruco_detector/config/proba.yaml -> /home/igor/gral-iiriondo/unitree_ws/install/aruco_detector/share/aruco_detector/config
[1.948s] Invoked command in '/home/igor/gral-iiriondo/unitree_ws/build/aruco_detector' returned '0': CMAKE_PREFIX_PATH=/home/igor/gral-iiriondo/unitree_ws/install/aruco_markers_msgs:/home/igor/gral-iiriondo/unitree_ws/install/speech_to_goal_interfaces:/home/igor/gral-iiriondo/unitree_ws/install/object_recognition_interfaces LD_LIBRARY_PATH=/home/igor/gral-iiriondo/unitree_ws/install/aruco_markers_msgs/lib:/home/igor/gral-iiriondo/unitree_ws/install/speech_to_goal_interfaces/lib:/home/igor/gral-iiriondo/unitree_ws/install/object_recognition_interfaces/lib:/opt/ros/humble/opt/zenoh_cpp_vendor/lib:/opt/ros/humble/opt/rviz_ogre_vendor/lib:/opt/ros/humble/lib/x86_64-linux-gnu:/opt/ros/humble/lib PYTHONPATH=/home/igor/gral-iiriondo/unitree_ws/build/aruco_detector/prefix_override:/usr/lib/python3/dist-packages/colcon_core/task/python/colcon_distutils_commands:/home/igor/gral-iiriondo/unitree_ws/install/aruco_detector/lib/python3.10/site-packages:/home/igor/gral-iiriondo/unitree_ws/install/aruco_markers_msgs/lib/python3.8/site-packages:${PYTHONPATH} /usr/bin/python3 -W ignore:setup.py install is deprecated -W ignore:easy_install command is deprecated setup.py develop --editable --build-directory /home/igor/gral-iiriondo/unitree_ws/build/aruco_detector/build --no-deps symlink_data
