running develop
running egg_info
creating object_recognition.egg-info
writing object_recognition.egg-info/PKG-INFO
writing dependency_links to object_recognition.egg-info/dependency_links.txt
writing entry points to object_recognition.egg-info/entry_points.txt
writing requirements to object_recognition.egg-info/requires.txt
writing top-level names to object_recognition.egg-info/top_level.txt
writing manifest file 'object_recognition.egg-info/SOURCES.txt'
reading manifest file 'object_recognition.egg-info/SOURCES.txt'
writing manifest file 'object_recognition.egg-info/SOURCES.txt'
running build_ext
Creating /home/igor/gral-iiriondo/unitree_ws/install/object_recognition/lib/python3.10/site-packages/object-recognition.egg-link (link to .)
Installing object_recognition_node script to /home/igor/gral-iiriondo/unitree_ws/install/object_recognition/lib/object_recognition

Installed /home/igor/gral-iiriondo/unitree_ws/build/object_recognition
running symlink_data
creating /home/igor/gral-iiriondo/unitree_ws/install/object_recognition/share/ament_index
creating /home/igor/gral-iiriondo/unitree_ws/install/object_recognition/share/ament_index/resource_index
creating /home/igor/gral-iiriondo/unitree_ws/install/object_recognition/share/ament_index/resource_index/packages
symbolically linking /home/igor/gral-iiriondo/unitree_ws/build/object_recognition/resource/object_recognition -> /home/igor/gral-iiriondo/unitree_ws/install/object_recognition/share/ament_index/resource_index/packages
symbolically linking /home/igor/gral-iiriondo/unitree_ws/build/object_recognition/package.xml -> /home/igor/gral-iiriondo/unitree_ws/install/object_recognition/share/object_recognition
