[1.966s] Invoking command in '/home/igor/gral-iiriondo/unitree_ws/build/object_recognition': CMAKE_PREFIX_PATH=/home/igor/gral-iiriondo/unitree_ws/install/object_recognition_interfaces:/home/igor/gral-iiriondo/unitree_ws/install/speech_to_goal_interfaces:/home/igor/gral-iiriondo/unitree_ws/install/aruco_markers_msgs LD_LIBRARY_PATH=/home/igor/gral-iiriondo/unitree_ws/install/object_recognition_interfaces/lib:/home/igor/gral-iiriondo/unitree_ws/install/speech_to_goal_interfaces/lib:/home/igor/gral-iiriondo/unitree_ws/install/aruco_markers_msgs/lib:/opt/ros/humble/opt/zenoh_cpp_vendor/lib:/opt/ros/humble/opt/rviz_ogre_vendor/lib:/opt/ros/humble/lib/x86_64-linux-gnu:/opt/ros/humble/lib PYTHONPATH=/home/igor/gral-iiriondo/unitree_ws/build/object_recognition/prefix_override:/usr/lib/python3/dist-packages/colcon_core/task/python/colcon_distutils_commands:/home/igor/gral-iiriondo/unitree_ws/install/object_recognition/lib/python3.10/site-packages:/home/igor/gral-iiriondo/unitree_ws/install/object_recognition_interfaces/lib/python3.8/site-packages:${PYTHONPATH} /usr/bin/python3 -W ignore:setup.py install is deprecated -W ignore:easy_install command is deprecated setup.py develop --editable --build-directory /home/igor/gral-iiriondo/unitree_ws/build/object_recognition/build --no-deps symlink_data
[2.601s] running develop
[3.141s] running egg_info
[3.142s] creating object_recognition.egg-info
[3.142s] writing object_recognition.egg-info/PKG-INFO
[3.143s] writing dependency_links to object_recognition.egg-info/dependency_links.txt
[3.144s] writing entry points to object_recognition.egg-info/entry_points.txt
[3.144s] writing requirements to object_recognition.egg-info/requires.txt
[3.145s] writing top-level names to object_recognition.egg-info/top_level.txt
[3.145s] writing manifest file 'object_recognition.egg-info/SOURCES.txt'
[3.148s] reading manifest file 'object_recognition.egg-info/SOURCES.txt'
[3.150s] writing manifest file 'object_recognition.egg-info/SOURCES.txt'
[3.154s] running build_ext
[3.156s] Creating /home/igor/gral-iiriondo/unitree_ws/install/object_recognition/lib/python3.10/site-packages/object-recognition.egg-link (link to .)
[3.156s] Installing object_recognition_node script to /home/igor/gral-iiriondo/unitree_ws/install/object_recognition/lib/object_recognition
[3.157s] 
[3.157s] Installed /home/igor/gral-iiriondo/unitree_ws/build/object_recognition
[3.157s] running symlink_data
[3.158s] creating /home/igor/gral-iiriondo/unitree_ws/install/object_recognition/share/ament_index
[3.158s] creating /home/igor/gral-iiriondo/unitree_ws/install/object_recognition/share/ament_index/resource_index
[3.158s] creating /home/igor/gral-iiriondo/unitree_ws/install/object_recognition/share/ament_index/resource_index/packages
[3.158s] symbolically linking /home/igor/gral-iiriondo/unitree_ws/build/object_recognition/resource/object_recognition -> /home/igor/gral-iiriondo/unitree_ws/install/object_recognition/share/ament_index/resource_index/packages
[3.159s] symbolically linking /home/igor/gral-iiriondo/unitree_ws/build/object_recognition/package.xml -> /home/igor/gral-iiriondo/unitree_ws/install/object_recognition/share/object_recognition
[3.224s] Invoked command in '/home/igor/gral-iiriondo/unitree_ws/build/object_recognition' returned '0': CMAKE_PREFIX_PATH=/home/igor/gral-iiriondo/unitree_ws/install/object_recognition_interfaces:/home/igor/gral-iiriondo/unitree_ws/install/speech_to_goal_interfaces:/home/igor/gral-iiriondo/unitree_ws/install/aruco_markers_msgs LD_LIBRARY_PATH=/home/igor/gral-iiriondo/unitree_ws/install/object_recognition_interfaces/lib:/home/igor/gral-iiriondo/unitree_ws/install/speech_to_goal_interfaces/lib:/home/igor/gral-iiriondo/unitree_ws/install/aruco_markers_msgs/lib:/opt/ros/humble/opt/zenoh_cpp_vendor/lib:/opt/ros/humble/opt/rviz_ogre_vendor/lib:/opt/ros/humble/lib/x86_64-linux-gnu:/opt/ros/humble/lib PYTHONPATH=/home/igor/gral-iiriondo/unitree_ws/build/object_recognition/prefix_override:/usr/lib/python3/dist-packages/colcon_core/task/python/colcon_distutils_commands:/home/igor/gral-iiriondo/unitree_ws/install/object_recognition/lib/python3.10/site-packages:/home/igor/gral-iiriondo/unitree_ws/install/object_recognition_interfaces/lib/python3.8/site-packages:${PYTHONPATH} /usr/bin/python3 -W ignore:setup.py install is deprecated -W ignore:easy_install command is deprecated setup.py develop --editable --build-directory /home/igor/gral-iiriondo/unitree_ws/build/object_recognition/build --no-deps symlink_data
