running develop
running egg_info
creating standing_mode.egg-info
writing standing_mode.egg-info/PKG-INFO
writing dependency_links to standing_mode.egg-info/dependency_links.txt
writing entry points to standing_mode.egg-info/entry_points.txt
writing requirements to standing_mode.egg-info/requires.txt
writing top-level names to standing_mode.egg-info/top_level.txt
writing manifest file 'standing_mode.egg-info/SOURCES.txt'
reading manifest file 'standing_mode.egg-info/SOURCES.txt'
writing manifest file 'standing_mode.egg-info/SOURCES.txt'
running build_ext
Creating /home/igor/gral-iiriondo/unitree_ws/install/standing_mode/lib/python3.10/site-packages/standing-mode.egg-link (link to .)
Installing standing_mode script to /home/igor/gral-iiriondo/unitree_ws/install/standing_mode/lib/standing_mode

Installed /home/igor/gral-iiriondo/unitree_ws/build/standing_mode
running symlink_data
creating /home/igor/gral-iiriondo/unitree_ws/install/standing_mode/share/ament_index
creating /home/igor/gral-iiriondo/unitree_ws/install/standing_mode/share/ament_index/resource_index
creating /home/igor/gral-iiriondo/unitree_ws/install/standing_mode/share/ament_index/resource_index/packages
symbolically linking /home/igor/gral-iiriondo/unitree_ws/build/standing_mode/resource/standing_mode -> /home/igor/gral-iiriondo/unitree_ws/install/standing_mode/share/ament_index/resource_index/packages
symbolically linking /home/igor/gral-iiriondo/unitree_ws/build/standing_mode/package.xml -> /home/igor/gral-iiriondo/unitree_ws/install/standing_mode/share/standing_mode
creating /home/igor/gral-iiriondo/unitree_ws/install/standing_mode/share/standing_mode/launch
symbolically linking /home/igor/gral-iiriondo/unitree_ws/build/standing_mode/launch/standing_mode.launch.py -> /home/igor/gral-iiriondo/unitree_ws/install/standing_mode/share/standing_mode/launch
