[2.570s] Invoking command in '/home/tknika/gral-iiriondo/unitree_ws/build/speech_to_goal': AMENT_PREFIX_PATH=/home/tknika/gral-iiriondo/unitree_ws/install/speech_to_goal_interfaces:/home/tknika/gral-iiriondo/unitree_ws/install/object_recognition_interfaces:${AMENT_PREFIX_PATH} CMAKE_PREFIX_PATH=/home/tknika/gral-iiriondo/unitree_ws/install/speech_to_goal_interfaces:/home/tknika/gral-iiriondo/unitree_ws/install/object_recognition_interfaces LD_LIBRARY_PATH=/home/tknika/gral-iiriondo/unitree_ws/install/speech_to_goal_interfaces/lib:/home/tknika/gral-iiriondo/unitree_ws/install/object_recognition_interfaces/lib:/usr/lib/aarch64-linux-gnu/nvidia:/usr/local/cuda/lib64:/opt/ros/humble/opt/rviz_ogre_vendor/lib:/opt/ros/humble/lib/aarch64-linux-gnu:/opt/ros/humble/lib:/usr/local/cuda-12.6/lib64 PYTHONPATH=/home/tknika/gral-iiriondo/unitree_ws/build/speech_to_goal/prefix_override:/usr/lib/python3/dist-packages/colcon_core/task/python/colcon_distutils_commands:/home/tknika/gral-iiriondo/unitree_ws/install/speech_to_goal/lib/python3.10/site-packages:/home/tknika/gral-iiriondo/unitree_ws/install/speech_to_goal_interfaces/local/lib/python3.10/dist-packages:/home/tknika/gral-iiriondo/unitree_ws/install/object_recognition_interfaces/local/lib/python3.10/dist-packages:${PYTHONPATH} /usr/bin/python3 -W ignore:setup.py install is deprecated -W ignore:easy_install command is deprecated setup.py develop --editable --build-directory /home/tknika/gral-iiriondo/unitree_ws/build/speech_to_goal/build --no-deps symlink_data
[3.246s] running develop
[3.620s] running egg_info
[3.651s] writing speech_to_goal.egg-info/PKG-INFO
[3.653s] writing dependency_links to speech_to_goal.egg-info/dependency_links.txt
[3.653s] writing entry points to speech_to_goal.egg-info/entry_points.txt
[3.654s] writing requirements to speech_to_goal.egg-info/requires.txt
[3.654s] writing top-level names to speech_to_goal.egg-info/top_level.txt
[3.722s] reading manifest file 'speech_to_goal.egg-info/SOURCES.txt'
[3.725s] writing manifest file 'speech_to_goal.egg-info/SOURCES.txt'
[3.758s] running build_ext
[3.759s] Creating /home/tknika/gral-iiriondo/unitree_ws/install/speech_to_goal/lib/python3.10/site-packages/speech-to-goal.egg-link (link to .)
[3.760s] Installing intent_classifier_node script to /home/tknika/gral-iiriondo/unitree_ws/install/speech_to_goal/lib/speech_to_goal
[3.761s] Installing speech_to_goal_llm_node script to /home/tknika/gral-iiriondo/unitree_ws/install/speech_to_goal/lib/speech_to_goal
[3.761s] Installing speech_to_goal_main_planner_node script to /home/tknika/gral-iiriondo/unitree_ws/install/speech_to_goal/lib/speech_to_goal
[3.761s] Installing speech_to_goal_main_planner_node_logs script to /home/tknika/gral-iiriondo/unitree_ws/install/speech_to_goal/lib/speech_to_goal
[3.762s] Installing speech_to_goal_node script to /home/tknika/gral-iiriondo/unitree_ws/install/speech_to_goal/lib/speech_to_goal
[3.762s] 
[3.762s] Installed /home/tknika/gral-iiriondo/unitree_ws/build/speech_to_goal
[3.762s] running symlink_data
[3.851s] Invoked command in '/home/tknika/gral-iiriondo/unitree_ws/build/speech_to_goal' returned '0': AMENT_PREFIX_PATH=/home/tknika/gral-iiriondo/unitree_ws/install/speech_to_goal_interfaces:/home/tknika/gral-iiriondo/unitree_ws/install/object_recognition_interfaces:${AMENT_PREFIX_PATH} CMAKE_PREFIX_PATH=/home/tknika/gral-iiriondo/unitree_ws/install/speech_to_goal_interfaces:/home/tknika/gral-iiriondo/unitree_ws/install/object_recognition_interfaces LD_LIBRARY_PATH=/home/tknika/gral-iiriondo/unitree_ws/install/speech_to_goal_interfaces/lib:/home/tknika/gral-iiriondo/unitree_ws/install/object_recognition_interfaces/lib:/usr/lib/aarch64-linux-gnu/nvidia:/usr/local/cuda/lib64:/opt/ros/humble/opt/rviz_ogre_vendor/lib:/opt/ros/humble/lib/aarch64-linux-gnu:/opt/ros/humble/lib:/usr/local/cuda-12.6/lib64 PYTHONPATH=/home/tknika/gral-iiriondo/unitree_ws/build/speech_to_goal/prefix_override:/usr/lib/python3/dist-packages/colcon_core/task/python/colcon_distutils_commands:/home/tknika/gral-iiriondo/unitree_ws/install/speech_to_goal/lib/python3.10/site-packages:/home/tknika/gral-iiriondo/unitree_ws/install/speech_to_goal_interfaces/local/lib/python3.10/dist-packages:/home/tknika/gral-iiriondo/unitree_ws/install/object_recognition_interfaces/local/lib/python3.10/dist-packages:${PYTHONPATH} /usr/bin/python3 -W ignore:setup.py install is deprecated -W ignore:easy_install command is deprecated setup.py develop --editable --build-directory /home/tknika/gral-iiriondo/unitree_ws/build/speech_to_goal/build --no-deps symlink_data
