[5.315s] Invoking command in '/home/tknika/gral-iiriondo-main/unitree_ws/build/speech_to_goal': AMENT_PREFIX_PATH=/home/tknika/gral-iiriondo-main/unitree_ws/install/speech_to_goal_interfaces:/home/tknika/gral-iiriondo-main/unitree_ws/install/object_recognition_interfaces:${AMENT_PREFIX_PATH} CMAKE_PREFIX_PATH=/home/tknika/gral-iiriondo-main/unitree_ws/install/speech_to_goal_interfaces:/home/tknika/gral-iiriondo-main/unitree_ws/install/object_recognition_interfaces PS1=\[\e]0;\u@\h: \w\a\]${debian_chroot:+($debian_chroot)}\[\033[01;32m\]\u@\h\[\033[00m\]:\[\033[01;34m\]\w\[\033[00m\]\$ PYTHONPATH=/home/tknika/gral-iiriondo-main/unitree_ws/build/speech_to_goal/prefix_override:/usr/lib/python3/dist-packages/colcon_core/task/python/colcon_distutils_commands:/home/tknika/gral-iiriondo-main/unitree_ws/install/speech_to_goal/lib/python3.10/site-packages:/home/tknika/gral-iiriondo-main/unitree_ws/install/speech_to_goal_interfaces/local/lib/python3.10/dist-packages:/home/tknika/gral-iiriondo-main/unitree_ws/install/object_recognition_interfaces/local/lib/python3.10/dist-packages:${PYTHONPATH} VIRTUAL_ENV_PROMPT=(unitree_env) /usr/bin/python3 -W ignore:setup.py install is deprecated -W ignore:easy_install command is deprecated setup.py develop --editable --build-directory /home/tknika/gral-iiriondo-main/unitree_ws/build/speech_to_goal/build --no-deps symlink_data
[6.306s] running develop
[6.949s] running egg_info
[6.990s] writing speech_to_goal.egg-info/PKG-INFO
[6.991s] writing dependency_links to speech_to_goal.egg-info/dependency_links.txt
[6.991s] writing entry points to speech_to_goal.egg-info/entry_points.txt
[6.992s] writing requirements to speech_to_goal.egg-info/requires.txt
[6.992s] writing top-level names to speech_to_goal.egg-info/top_level.txt
[7.079s] reading manifest file 'speech_to_goal.egg-info/SOURCES.txt'
[7.080s] writing manifest file 'speech_to_goal.egg-info/SOURCES.txt'
[7.126s] running build_ext
[7.126s] Creating /home/tknika/gral-iiriondo-main/unitree_ws/install/speech_to_goal/lib/python3.10/site-packages/speech-to-goal.egg-link (link to .)
[7.127s] Installing intent_classifier_node script to /home/tknika/gral-iiriondo-main/unitree_ws/install/speech_to_goal/lib/speech_to_goal
[7.128s] Installing speech_to_goal_llm_node script to /home/tknika/gral-iiriondo-main/unitree_ws/install/speech_to_goal/lib/speech_to_goal
[7.128s] Installing speech_to_goal_main_planner_node script to /home/tknika/gral-iiriondo-main/unitree_ws/install/speech_to_goal/lib/speech_to_goal
[7.128s] Installing speech_to_goal_node script to /home/tknika/gral-iiriondo-main/unitree_ws/install/speech_to_goal/lib/speech_to_goal
[7.129s] 
[7.129s] Installed /home/tknika/gral-iiriondo-main/unitree_ws/build/speech_to_goal
[7.129s] running symlink_data
[7.321s] Invoked command in '/home/tknika/gral-iiriondo-main/unitree_ws/build/speech_to_goal' returned '0': AMENT_PREFIX_PATH=/home/tknika/gral-iiriondo-main/unitree_ws/install/speech_to_goal_interfaces:/home/tknika/gral-iiriondo-main/unitree_ws/install/object_recognition_interfaces:${AMENT_PREFIX_PATH} CMAKE_PREFIX_PATH=/home/tknika/gral-iiriondo-main/unitree_ws/install/speech_to_goal_interfaces:/home/tknika/gral-iiriondo-main/unitree_ws/install/object_recognition_interfaces PS1=\[\e]0;\u@\h: \w\a\]${debian_chroot:+($debian_chroot)}\[\033[01;32m\]\u@\h\[\033[00m\]:\[\033[01;34m\]\w\[\033[00m\]\$ PYTHONPATH=/home/tknika/gral-iiriondo-main/unitree_ws/build/speech_to_goal/prefix_override:/usr/lib/python3/dist-packages/colcon_core/task/python/colcon_distutils_commands:/home/tknika/gral-iiriondo-main/unitree_ws/install/speech_to_goal/lib/python3.10/site-packages:/home/tknika/gral-iiriondo-main/unitree_ws/install/speech_to_goal_interfaces/local/lib/python3.10/dist-packages:/home/tknika/gral-iiriondo-main/unitree_ws/install/object_recognition_interfaces/local/lib/python3.10/dist-packages:${PYTHONPATH} VIRTUAL_ENV_PROMPT=(unitree_env) /usr/bin/python3 -W ignore:setup.py install is deprecated -W ignore:easy_install command is deprecated setup.py develop --editable --build-directory /home/tknika/gral-iiriondo-main/unitree_ws/build/speech_to_goal/build --no-deps symlink_data
