[5.295s] Invoking command in '/home/tknika/gral-iiriondo/unitree_ws/build/standing_mode': PYTHONPATH=/home/tknika/gral-iiriondo/unitree_ws/build/standing_mode/prefix_override:/usr/lib/python3/dist-packages/colcon_core/task/python/colcon_distutils_commands:/home/tknika/gral-iiriondo/unitree_ws/install/standing_mode/lib/python3.10/site-packages:${PYTHONPATH} /usr/bin/python3 -W ignore:setup.py install is deprecated -W ignore:easy_install command is deprecated setup.py develop --editable --build-directory /home/tknika/gral-iiriondo/unitree_ws/build/standing_mode/build --no-deps symlink_data
[7.018s] running develop
[8.200s] running egg_info
[8.201s] creating standing_mode.egg-info
[8.232s] writing standing_mode.egg-info/PKG-INFO
[8.233s] writing dependency_links to standing_mode.egg-info/dependency_links.txt
[8.233s] writing entry points to standing_mode.egg-info/entry_points.txt
[8.234s] writing requirements to standing_mode.egg-info/requires.txt
[8.234s] writing top-level names to standing_mode.egg-info/top_level.txt
[8.234s] writing manifest file 'standing_mode.egg-info/SOURCES.txt'
[8.356s] reading manifest file 'standing_mode.egg-info/SOURCES.txt'
[8.364s] writing manifest file 'standing_mode.egg-info/SOURCES.txt'
[8.479s] running build_ext
[8.479s] Creating /home/tknika/gral-iiriondo/unitree_ws/install/standing_mode/lib/python3.10/site-packages/standing-mode.egg-link (link to .)
[8.482s] Installing standing_mode script to /home/tknika/gral-iiriondo/unitree_ws/install/standing_mode/lib/standing_mode
[8.492s] 
[8.493s] Installed /home/tknika/gral-iiriondo/unitree_ws/build/standing_mode
[8.493s] running symlink_data
[8.493s] creating /home/tknika/gral-iiriondo/unitree_ws/install/standing_mode/share/ament_index
[8.493s] creating /home/tknika/gral-iiriondo/unitree_ws/install/standing_mode/share/ament_index/resource_index
[8.493s] creating /home/tknika/gral-iiriondo/unitree_ws/install/standing_mode/share/ament_index/resource_index/packages
[8.496s] symbolically linking /home/tknika/gral-iiriondo/unitree_ws/build/standing_mode/resource/standing_mode -> /home/tknika/gral-iiriondo/unitree_ws/install/standing_mode/share/ament_index/resource_index/packages
[8.496s] symbolically linking /home/tknika/gral-iiriondo/unitree_ws/build/standing_mode/package.xml -> /home/tknika/gral-iiriondo/unitree_ws/install/standing_mode/share/standing_mode
[8.496s] creating /home/tknika/gral-iiriondo/unitree_ws/install/standing_mode/share/standing_mode/launch
[8.496s] symbolically linking /home/tknika/gral-iiriondo/unitree_ws/build/standing_mode/launch/standing_mode.launch.py -> /home/tknika/gral-iiriondo/unitree_ws/install/standing_mode/share/standing_mode/launch
[8.496s] creating /home/tknika/gral-iiriondo/unitree_ws/install/standing_mode/share/standing_mode/script
[8.497s] symbolically linking /home/tknika/gral-iiriondo/unitree_ws/build/standing_mode/script/unitree_stand.py -> /home/tknika/gral-iiriondo/unitree_ws/install/standing_mode/share/standing_mode/script
[9.046s] Invoked command in '/home/tknika/gral-iiriondo/unitree_ws/build/standing_mode' returned '0': PYTHONPATH=/home/tknika/gral-iiriondo/unitree_ws/build/standing_mode/prefix_override:/usr/lib/python3/dist-packages/colcon_core/task/python/colcon_distutils_commands:/home/tknika/gral-iiriondo/unitree_ws/install/standing_mode/lib/python3.10/site-packages:${PYTHONPATH} /usr/bin/python3 -W ignore:setup.py install is deprecated -W ignore:easy_install command is deprecated setup.py develop --editable --build-directory /home/tknika/gral-iiriondo/unitree_ws/build/standing_mode/build --no-deps symlink_data
