-- The C compiler identification is GNU 9.5.0
-- The CXX compiler identification is GNU 9.5.0
-- Detecting C compiler ABI info
-- Detecting C compiler ABI info - done
-- Check for working C compiler: /usr/bin/gcc-9 - skipped
-- Detecting C compile features
-- Detecting C compile features - done
-- Detecting CXX compiler ABI info
-- Detecting CXX compiler ABI info - done
-- Check for working CXX compiler: /usr/bin/g++-9 - skipped
-- Detecting CXX compile features
-- Detecting CXX compile features - done
-- Found ament_cmake: 1.3.14 (/opt/ros/humble/share/ament_cmake/cmake)
-- Found Python3: /usr/bin/python3.8 (found version "3.8.20") found components: Interpreter 
-- Override CMake install command with custom implementation using symlinks instead of copying resources
-- Found std_msgs: 4.9.1 (/opt/ros/humble/share/std_msgs/cmake)
-- Found rosidl_generator_c: 3.1.8 (/opt/ros/humble/share/rosidl_generator_c/cmake)
-- Found rosidl_adapter: 3.1.8 (/opt/ros/humble/share/rosidl_adapter/cmake)
-- Found rosidl_generator_cpp: 3.1.8 (/opt/ros/humble/share/rosidl_generator_cpp/cmake)
-- Using all available rosidl_typesupport_c: rosidl_typesupport_fastrtps_c;rosidl_typesupport_introspection_c
-- Using all available rosidl_typesupport_cpp: rosidl_typesupport_fastrtps_cpp;rosidl_typesupport_introspection_cpp
-- Found geometry_msgs: 4.9.1 (/opt/ros/humble/share/geometry_msgs/cmake)
-- Found rosidl_default_generators: 1.2.1 (/opt/ros/humble/share/rosidl_default_generators/cmake)
-- Found ament_cmake_ros: 0.10.0 (/opt/ros/humble/share/ament_cmake_ros/cmake)
-- Using all available rosidl_typesupport_c: rosidl_typesupport_fastrtps_c;rosidl_typesupport_introspection_c
-- Using all available rosidl_typesupport_cpp: rosidl_typesupport_fastrtps_cpp;rosidl_typesupport_introspection_cpp
-- Found PythonInterp: /usr/bin/python3 (found suitable version "3.10.12", minimum required is "3.6") 
-- Found python_cmake_module: 0.10.0 (/opt/ros/humble/share/python_cmake_module/cmake)
-- Found PythonLibs: /usr/lib/x86_64-linux-gnu/libpython3.10.so (found suitable version "3.10.12", minimum required is "3.5") 
-- Using PYTHON_EXECUTABLE: /usr/bin/python3
-- Using PYTHON_INCLUDE_DIRS: /usr/include/python3.10
-- Using PYTHON_LIBRARIES: /usr/lib/x86_64-linux-gnu/libpython3.10.so
-- Found PythonExtra: .so  
-- Found ament_lint_auto: 0.12.15 (/opt/ros/humble/share/ament_lint_auto/cmake)
-- Added test 'copyright' to check source files copyright and LICENSE
-- Added test 'lint_cmake' to check CMake code style
-- Added test 'xmllint' to check XML markup files
-- Configuring done
-- Generating done
-- Build files have been written to: /home/igor/gral-iiriondo/unitree_ws/build/aruco_markers_msgs
[  2%] [34m[1mGenerating C code for ROS interfaces[0m
[  5%] [34m[1mGenerating Rust code for ROS interfaces[0m
[  7%] Built target ament_cmake_python_symlink_aruco_markers_msgs
[  7%] [34m[1mGenerating C++ code for ROS interfaces[0m
[ 10%] [32mBuilding C object CMakeFiles/aruco_markers_msgs__rosidl_generator_c.dir/rosidl_generator_c/aruco_markers_msgs/msg/detail/marker__functions.c.o[0m
[ 12%] [32mBuilding C object CMakeFiles/aruco_markers_msgs__rosidl_generator_c.dir/rosidl_generator_c/aruco_markers_msgs/msg/detail/marker_array__functions.c.o[0m
[ 15%] [32m[1mLinking C shared library libaruco_markers_msgs__rosidl_generator_c.so[0m
[ 15%] Built target aruco_markers_msgs__rs
[ 15%] Built target aruco_markers_msgs__rosidl_generator_c
[ 17%] [34m[1mGenerating C type support for eProsima Fast-RTPS[0m
[ 20%] [34m[1mGenerating C introspection for ROS interfaces[0m
running egg_info
creating aruco_markers_msgs.egg-info
writing aruco_markers_msgs.egg-info/PKG-INFO
writing dependency_links to aruco_markers_msgs.egg-info/dependency_links.txt
writing top-level names to aruco_markers_msgs.egg-info/top_level.txt
writing manifest file 'aruco_markers_msgs.egg-info/SOURCES.txt'
reading manifest file 'aruco_markers_msgs.egg-info/SOURCES.txt'
writing manifest file 'aruco_markers_msgs.egg-info/SOURCES.txt'
[ 20%] Built target ament_cmake_python_build_aruco_markers_msgs_egg
[ 22%] [34m[1mGenerating C type support dispatch for ROS interfaces[0m
[ 22%] Built target aruco_markers_msgs__cpp
[ 25%] [32mBuilding CXX object CMakeFiles/aruco_markers_msgs__rosidl_typesupport_fastrtps_c.dir/rosidl_typesupport_fastrtps_c/aruco_markers_msgs/msg/detail/marker__type_support_c.cpp.o[0m
[ 27%] [32mBuilding C object CMakeFiles/aruco_markers_msgs__rosidl_typesupport_introspection_c.dir/rosidl_typesupport_introspection_c/aruco_markers_msgs/msg/detail/marker__type_support.c.o[0m
[ 30%] [32mBuilding CXX object CMakeFiles/aruco_markers_msgs__rosidl_typesupport_c.dir/rosidl_typesupport_c/aruco_markers_msgs/msg/marker__type_support.cpp.o[0m
[ 32%] [32mBuilding CXX object CMakeFiles/aruco_markers_msgs__rosidl_typesupport_c.dir/rosidl_typesupport_c/aruco_markers_msgs/msg/marker_array__type_support.cpp.o[0m
[ 35%] [32mBuilding C object CMakeFiles/aruco_markers_msgs__rosidl_typesupport_introspection_c.dir/rosidl_typesupport_introspection_c/aruco_markers_msgs/msg/detail/marker_array__type_support.c.o[0m
[ 37%] [32m[1mLinking C shared library libaruco_markers_msgs__rosidl_typesupport_introspection_c.so[0m
[ 40%] [32m[1mLinking CXX shared library libaruco_markers_msgs__rosidl_typesupport_c.so[0m
[ 40%] Built target aruco_markers_msgs__rosidl_typesupport_introspection_c
[ 40%] Built target aruco_markers_msgs__rosidl_typesupport_c
[ 42%] [32mBuilding CXX object CMakeFiles/aruco_markers_msgs__rosidl_typesupport_fastrtps_c.dir/rosidl_typesupport_fastrtps_c/aruco_markers_msgs/msg/detail/marker_array__type_support_c.cpp.o[0m
[ 45%] [32m[1mLinking CXX shared library libaruco_markers_msgs__rosidl_typesupport_fastrtps_c.so[0m
[ 45%] Built target aruco_markers_msgs__rosidl_typesupport_fastrtps_c
[ 47%] [34m[1mGenerating C++ type support dispatch for ROS interfaces[0m
[ 50%] [32mBuilding CXX object CMakeFiles/aruco_markers_msgs__rosidl_typesupport_cpp.dir/rosidl_typesupport_cpp/aruco_markers_msgs/msg/marker__type_support.cpp.o[0m
[ 52%] [32mBuilding CXX object CMakeFiles/aruco_markers_msgs__rosidl_typesupport_cpp.dir/rosidl_typesupport_cpp/aruco_markers_msgs/msg/marker_array__type_support.cpp.o[0m
[ 55%] [32m[1mLinking CXX shared library libaruco_markers_msgs__rosidl_typesupport_cpp.so[0m
[ 55%] Built target aruco_markers_msgs__rosidl_typesupport_cpp
[ 57%] [34m[1mGenerating C++ introspection for ROS interfaces[0m
[ 60%] [32mBuilding CXX object CMakeFiles/aruco_markers_msgs__rosidl_typesupport_introspection_cpp.dir/rosidl_typesupport_introspection_cpp/aruco_markers_msgs/msg/detail/marker__type_support.cpp.o[0m
[ 62%] [32mBuilding CXX object CMakeFiles/aruco_markers_msgs__rosidl_typesupport_introspection_cpp.dir/rosidl_typesupport_introspection_cpp/aruco_markers_msgs/msg/detail/marker_array__type_support.cpp.o[0m
[ 65%] [32m[1mLinking CXX shared library libaruco_markers_msgs__rosidl_typesupport_introspection_cpp.so[0m
[ 65%] Built target aruco_markers_msgs__rosidl_typesupport_introspection_cpp
[ 67%] [34m[1mGenerating C++ type support for eProsima Fast-RTPS[0m
[ 70%] [32mBuilding CXX object CMakeFiles/aruco_markers_msgs__rosidl_typesupport_fastrtps_cpp.dir/rosidl_typesupport_fastrtps_cpp/aruco_markers_msgs/msg/detail/dds_fastrtps/marker__type_support.cpp.o[0m
[ 72%] [32mBuilding CXX object CMakeFiles/aruco_markers_msgs__rosidl_typesupport_fastrtps_cpp.dir/rosidl_typesupport_fastrtps_cpp/aruco_markers_msgs/msg/detail/dds_fastrtps/marker_array__type_support.cpp.o[0m
[ 75%] [32m[1mLinking CXX shared library libaruco_markers_msgs__rosidl_typesupport_fastrtps_cpp.so[0m
[ 75%] Built target aruco_markers_msgs__rosidl_typesupport_fastrtps_cpp
[ 75%] Built target aruco_markers_msgs
[ 77%] [34m[1mGenerating Python code for ROS interfaces[0m
[ 77%] Built target aruco_markers_msgs__py
[ 80%] [32mBuilding C object CMakeFiles/aruco_markers_msgs__rosidl_generator_py.dir/rosidl_generator_py/aruco_markers_msgs/msg/_marker_s.c.o[0m
[ 82%] [32mBuilding C object CMakeFiles/aruco_markers_msgs__rosidl_generator_py.dir/rosidl_generator_py/aruco_markers_msgs/msg/_marker_array_s.c.o[0m
[ 85%] [32m[1mLinking C shared library rosidl_generator_py/aruco_markers_msgs/libaruco_markers_msgs__rosidl_generator_py.so[0m
[ 85%] Built target aruco_markers_msgs__rosidl_generator_py
[ 87%] [32mBuilding C object CMakeFiles/aruco_markers_msgs__rosidl_typesupport_fastrtps_c__pyext.dir/rosidl_generator_py/aruco_markers_msgs/_aruco_markers_msgs_s.ep.rosidl_typesupport_fastrtps_c.c.o[0m
[ 90%] [32m[1mLinking C shared library rosidl_generator_py/aruco_markers_msgs/aruco_markers_msgs_s__rosidl_typesupport_fastrtps_c.cpython-310-x86_64-linux-gnu.so[0m
[ 90%] Built target aruco_markers_msgs__rosidl_typesupport_fastrtps_c__pyext
[ 92%] [32mBuilding C object CMakeFiles/aruco_markers_msgs__rosidl_typesupport_c__pyext.dir/rosidl_generator_py/aruco_markers_msgs/_aruco_markers_msgs_s.ep.rosidl_typesupport_c.c.o[0m
[ 95%] [32m[1mLinking C shared library rosidl_generator_py/aruco_markers_msgs/aruco_markers_msgs_s__rosidl_typesupport_c.cpython-310-x86_64-linux-gnu.so[0m
[ 95%] Built target aruco_markers_msgs__rosidl_typesupport_c__pyext
[ 97%] [32mBuilding C object CMakeFiles/aruco_markers_msgs__rosidl_typesupport_introspection_c__pyext.dir/rosidl_generator_py/aruco_markers_msgs/_aruco_markers_msgs_s.ep.rosidl_typesupport_introspection_c.c.o[0m
[100%] [32m[1mLinking C shared library rosidl_generator_py/aruco_markers_msgs/aruco_markers_msgs_s__rosidl_typesupport_introspection_c.cpython-310-x86_64-linux-gnu.so[0m
[100%] Built target aruco_markers_msgs__rosidl_typesupport_introspection_c__pyext
-- Install configuration: ""
-- Execute custom install script
-- Symlinking: /home/igor/gral-iiriondo/unitree_ws/install/aruco_markers_msgs/share/ament_index/resource_index/rosidl_interfaces/aruco_markers_msgs
-- Symlinking: /home/igor/gral-iiriondo/unitree_ws/install/aruco_markers_msgs/include/aruco_markers_msgs/aruco_markers_msgs/msg/detail/marker__functions.h
-- Symlinking: /home/igor/gral-iiriondo/unitree_ws/install/aruco_markers_msgs/include/aruco_markers_msgs/aruco_markers_msgs/msg/detail/marker__struct.h
-- Symlinking: /home/igor/gral-iiriondo/unitree_ws/install/aruco_markers_msgs/include/aruco_markers_msgs/aruco_markers_msgs/msg/detail/marker__type_support.h
-- Symlinking: /home/igor/gral-iiriondo/unitree_ws/install/aruco_markers_msgs/include/aruco_markers_msgs/aruco_markers_msgs/msg/detail/marker_array__functions.h
-- Symlinking: /home/igor/gral-iiriondo/unitree_ws/install/aruco_markers_msgs/include/aruco_markers_msgs/aruco_markers_msgs/msg/detail/marker_array__struct.h
-- Symlinking: /home/igor/gral-iiriondo/unitree_ws/install/aruco_markers_msgs/include/aruco_markers_msgs/aruco_markers_msgs/msg/detail/marker_array__type_support.h
-- Symlinking: /home/igor/gral-iiriondo/unitree_ws/install/aruco_markers_msgs/include/aruco_markers_msgs/aruco_markers_msgs/msg/marker.h
-- Symlinking: /home/igor/gral-iiriondo/unitree_ws/install/aruco_markers_msgs/include/aruco_markers_msgs/aruco_markers_msgs/msg/marker_array.h
-- Symlinking: /home/igor/gral-iiriondo/unitree_ws/install/aruco_markers_msgs/include/aruco_markers_msgs/aruco_markers_msgs/msg/rosidl_generator_c__visibility_control.h
-- Symlinking: /home/igor/gral-iiriondo/unitree_ws/install/aruco_markers_msgs/share/aruco_markers_msgs/environment/library_path.sh
-- Symlinking: /home/igor/gral-iiriondo/unitree_ws/install/aruco_markers_msgs/share/aruco_markers_msgs/environment/library_path.dsv
-- Symlinking: /home/igor/gral-iiriondo/unitree_ws/install/aruco_markers_msgs/include/aruco_markers_msgs/aruco_markers_msgs/msg/detail/marker__rosidl_typesupport_fastrtps_c.h
-- Symlinking: /home/igor/gral-iiriondo/unitree_ws/install/aruco_markers_msgs/include/aruco_markers_msgs/aruco_markers_msgs/msg/detail/marker_array__rosidl_typesupport_fastrtps_c.h
-- Symlinking: /home/igor/gral-iiriondo/unitree_ws/install/aruco_markers_msgs/include/aruco_markers_msgs/aruco_markers_msgs/msg/rosidl_typesupport_fastrtps_c__visibility_control.h
-- Symlinking: /home/igor/gral-iiriondo/unitree_ws/install/aruco_markers_msgs/include/aruco_markers_msgs/aruco_markers_msgs/msg/detail/marker__builder.hpp
-- Symlinking: /home/igor/gral-iiriondo/unitree_ws/install/aruco_markers_msgs/include/aruco_markers_msgs/aruco_markers_msgs/msg/detail/marker__struct.hpp
-- Symlinking: /home/igor/gral-iiriondo/unitree_ws/install/aruco_markers_msgs/include/aruco_markers_msgs/aruco_markers_msgs/msg/detail/marker__traits.hpp
-- Symlinking: /home/igor/gral-iiriondo/unitree_ws/install/aruco_markers_msgs/include/aruco_markers_msgs/aruco_markers_msgs/msg/detail/marker__type_support.hpp
-- Symlinking: /home/igor/gral-iiriondo/unitree_ws/install/aruco_markers_msgs/include/aruco_markers_msgs/aruco_markers_msgs/msg/detail/marker_array__builder.hpp
-- Symlinking: /home/igor/gral-iiriondo/unitree_ws/install/aruco_markers_msgs/include/aruco_markers_msgs/aruco_markers_msgs/msg/detail/marker_array__struct.hpp
-- Symlinking: /home/igor/gral-iiriondo/unitree_ws/install/aruco_markers_msgs/include/aruco_markers_msgs/aruco_markers_msgs/msg/detail/marker_array__traits.hpp
-- Symlinking: /home/igor/gral-iiriondo/unitree_ws/install/aruco_markers_msgs/include/aruco_markers_msgs/aruco_markers_msgs/msg/detail/marker_array__type_support.hpp
-- Symlinking: /home/igor/gral-iiriondo/unitree_ws/install/aruco_markers_msgs/include/aruco_markers_msgs/aruco_markers_msgs/msg/marker.hpp
-- Symlinking: /home/igor/gral-iiriondo/unitree_ws/install/aruco_markers_msgs/include/aruco_markers_msgs/aruco_markers_msgs/msg/marker_array.hpp
-- Symlinking: /home/igor/gral-iiriondo/unitree_ws/install/aruco_markers_msgs/include/aruco_markers_msgs/aruco_markers_msgs/msg/rosidl_generator_cpp__visibility_control.hpp
-- Symlinking: /home/igor/gral-iiriondo/unitree_ws/install/aruco_markers_msgs/include/aruco_markers_msgs/aruco_markers_msgs/msg/detail/marker__rosidl_typesupport_fastrtps_cpp.hpp
-- Symlinking: /home/igor/gral-iiriondo/unitree_ws/install/aruco_markers_msgs/include/aruco_markers_msgs/aruco_markers_msgs/msg/detail/marker_array__rosidl_typesupport_fastrtps_cpp.hpp
-- Symlinking: /home/igor/gral-iiriondo/unitree_ws/install/aruco_markers_msgs/include/aruco_markers_msgs/aruco_markers_msgs/msg/rosidl_typesupport_fastrtps_cpp__visibility_control.h
-- Symlinking: /home/igor/gral-iiriondo/unitree_ws/install/aruco_markers_msgs/include/aruco_markers_msgs/aruco_markers_msgs/msg/detail/marker__rosidl_typesupport_introspection_c.h
-- Symlinking: /home/igor/gral-iiriondo/unitree_ws/install/aruco_markers_msgs/include/aruco_markers_msgs/aruco_markers_msgs/msg/detail/marker_array__rosidl_typesupport_introspection_c.h
-- Symlinking: /home/igor/gral-iiriondo/unitree_ws/install/aruco_markers_msgs/include/aruco_markers_msgs/aruco_markers_msgs/msg/rosidl_typesupport_introspection_c__visibility_control.h
-- Symlinking: /home/igor/gral-iiriondo/unitree_ws/install/aruco_markers_msgs/include/aruco_markers_msgs/aruco_markers_msgs/msg/detail/marker__rosidl_typesupport_introspection_cpp.hpp
-- Symlinking: /home/igor/gral-iiriondo/unitree_ws/install/aruco_markers_msgs/include/aruco_markers_msgs/aruco_markers_msgs/msg/detail/marker_array__rosidl_typesupport_introspection_cpp.hpp
-- Symlinking: /home/igor/gral-iiriondo/unitree_ws/install/aruco_markers_msgs/share/aruco_markers_msgs/environment/pythonpath.sh
-- Symlinking: /home/igor/gral-iiriondo/unitree_ws/install/aruco_markers_msgs/share/aruco_markers_msgs/environment/pythonpath.dsv
-- Symlinking: /home/igor/gral-iiriondo/unitree_ws/install/aruco_markers_msgs/lib/python3.8/site-packages/aruco_markers_msgs-0.0.3-py3.8.egg-info/PKG-INFO
-- Symlinking: /home/igor/gral-iiriondo/unitree_ws/install/aruco_markers_msgs/lib/python3.8/site-packages/aruco_markers_msgs-0.0.3-py3.8.egg-info/SOURCES.txt
-- Symlinking: /home/igor/gral-iiriondo/unitree_ws/install/aruco_markers_msgs/lib/python3.8/site-packages/aruco_markers_msgs-0.0.3-py3.8.egg-info/dependency_links.txt
-- Symlinking: /home/igor/gral-iiriondo/unitree_ws/install/aruco_markers_msgs/lib/python3.8/site-packages/aruco_markers_msgs-0.0.3-py3.8.egg-info/top_level.txt
-- Symlinking: /home/igor/gral-iiriondo/unitree_ws/install/aruco_markers_msgs/lib/python3.8/site-packages/aruco_markers_msgs/__init__.py
-- Symlinking: /home/igor/gral-iiriondo/unitree_ws/install/aruco_markers_msgs/lib/python3.8/site-packages/aruco_markers_msgs/_aruco_markers_msgs_s.ep.rosidl_typesupport_c.c
-- Symlinking: /home/igor/gral-iiriondo/unitree_ws/install/aruco_markers_msgs/lib/python3.8/site-packages/aruco_markers_msgs/_aruco_markers_msgs_s.ep.rosidl_typesupport_fastrtps_c.c
-- Symlinking: /home/igor/gral-iiriondo/unitree_ws/install/aruco_markers_msgs/lib/python3.8/site-packages/aruco_markers_msgs/_aruco_markers_msgs_s.ep.rosidl_typesupport_introspection_c.c
-- Symlinking: /home/igor/gral-iiriondo/unitree_ws/install/aruco_markers_msgs/lib/python3.8/site-packages/aruco_markers_msgs/aruco_markers_msgs_s__rosidl_typesupport_c.cpython-310-x86_64-linux-gnu.so
-- Symlinking: /home/igor/gral-iiriondo/unitree_ws/install/aruco_markers_msgs/lib/python3.8/site-packages/aruco_markers_msgs/aruco_markers_msgs_s__rosidl_typesupport_fastrtps_c.cpython-310-x86_64-linux-gnu.so
-- Symlinking: /home/igor/gral-iiriondo/unitree_ws/install/aruco_markers_msgs/lib/python3.8/site-packages/aruco_markers_msgs/aruco_markers_msgs_s__rosidl_typesupport_introspection_c.cpython-310-x86_64-linux-gnu.so
-- Symlinking: /home/igor/gral-iiriondo/unitree_ws/install/aruco_markers_msgs/lib/python3.8/site-packages/aruco_markers_msgs/libaruco_markers_msgs__rosidl_generator_py.so
-- Symlinking: /home/igor/gral-iiriondo/unitree_ws/install/aruco_markers_msgs/lib/python3.8/site-packages/aruco_markers_msgs/msg/__init__.py
-- Symlinking: /home/igor/gral-iiriondo/unitree_ws/install/aruco_markers_msgs/lib/python3.8/site-packages/aruco_markers_msgs/msg/_marker.py
-- Symlinking: /home/igor/gral-iiriondo/unitree_ws/install/aruco_markers_msgs/lib/python3.8/site-packages/aruco_markers_msgs/msg/_marker_array.py
-- Symlinking: /home/igor/gral-iiriondo/unitree_ws/install/aruco_markers_msgs/lib/python3.8/site-packages/aruco_markers_msgs/msg/_marker_array_s.c
-- Symlinking: /home/igor/gral-iiriondo/unitree_ws/install/aruco_markers_msgs/lib/python3.8/site-packages/aruco_markers_msgs/msg/_marker_s.c
-- Up-to-date symlink: /home/igor/gral-iiriondo/unitree_ws/install/aruco_markers_msgs/lib/python3.8/site-packages/aruco_markers_msgs/aruco_markers_msgs_s__rosidl_typesupport_fastrtps_c.cpython-310-x86_64-linux-gnu.so
-- Up-to-date symlink: /home/igor/gral-iiriondo/unitree_ws/install/aruco_markers_msgs/lib/python3.8/site-packages/aruco_markers_msgs/aruco_markers_msgs_s__rosidl_typesupport_introspection_c.cpython-310-x86_64-linux-gnu.so
-- Up-to-date symlink: /home/igor/gral-iiriondo/unitree_ws/install/aruco_markers_msgs/lib/python3.8/site-packages/aruco_markers_msgs/aruco_markers_msgs_s__rosidl_typesupport_c.cpython-310-x86_64-linux-gnu.so
-- Symlinking: /home/igor/gral-iiriondo/unitree_ws/install/aruco_markers_msgs/share/ament_index/resource_index/rust_packages/aruco_markers_msgs
-- Symlinking: /home/igor/gral-iiriondo/unitree_ws/install/aruco_markers_msgs/share/aruco_markers_msgs/rust/Cargo.toml
-- Symlinking: /home/igor/gral-iiriondo/unitree_ws/install/aruco_markers_msgs/share/aruco_markers_msgs/rust/build.rs
-- Symlinking: /home/igor/gral-iiriondo/unitree_ws/install/aruco_markers_msgs/share/aruco_markers_msgs/rust/src/lib.rs
-- Symlinking: /home/igor/gral-iiriondo/unitree_ws/install/aruco_markers_msgs/share/aruco_markers_msgs/rust/src/msg.rs
-- Symlinking: /home/igor/gral-iiriondo/unitree_ws/install/aruco_markers_msgs/share/aruco_markers_msgs/rust/src/msg/rmw.rs
-- Symlinking: /home/igor/gral-iiriondo/unitree_ws/install/aruco_markers_msgs/share/aruco_markers_msgs/msg/Marker.idl
-- Symlinking: /home/igor/gral-iiriondo/unitree_ws/install/aruco_markers_msgs/share/aruco_markers_msgs/msg/MarkerArray.idl
-- Symlinking: /home/igor/gral-iiriondo/unitree_ws/install/aruco_markers_msgs/share/aruco_markers_msgs/msg/Marker.msg
-- Symlinking: /home/igor/gral-iiriondo/unitree_ws/install/aruco_markers_msgs/share/aruco_markers_msgs/msg/MarkerArray.msg
-- Symlinking: /home/igor/gral-iiriondo/unitree_ws/install/aruco_markers_msgs/share/ament_index/resource_index/package_run_dependencies/aruco_markers_msgs
-- Symlinking: /home/igor/gral-iiriondo/unitree_ws/install/aruco_markers_msgs/share/ament_index/resource_index/parent_prefix_path/aruco_markers_msgs
-- Symlinking: /home/igor/gral-iiriondo/unitree_ws/install/aruco_markers_msgs/share/aruco_markers_msgs/environment/ament_prefix_path.sh
-- Symlinking: /home/igor/gral-iiriondo/unitree_ws/install/aruco_markers_msgs/share/aruco_markers_msgs/environment/ament_prefix_path.dsv
-- Symlinking: /home/igor/gral-iiriondo/unitree_ws/install/aruco_markers_msgs/share/aruco_markers_msgs/environment/path.sh
-- Symlinking: /home/igor/gral-iiriondo/unitree_ws/install/aruco_markers_msgs/share/aruco_markers_msgs/environment/path.dsv
-- Symlinking: /home/igor/gral-iiriondo/unitree_ws/install/aruco_markers_msgs/share/aruco_markers_msgs/local_setup.bash
-- Symlinking: /home/igor/gral-iiriondo/unitree_ws/install/aruco_markers_msgs/share/aruco_markers_msgs/local_setup.sh
-- Symlinking: /home/igor/gral-iiriondo/unitree_ws/install/aruco_markers_msgs/share/aruco_markers_msgs/local_setup.zsh
-- Symlinking: /home/igor/gral-iiriondo/unitree_ws/install/aruco_markers_msgs/share/aruco_markers_msgs/local_setup.dsv
-- Symlinking: /home/igor/gral-iiriondo/unitree_ws/install/aruco_markers_msgs/share/aruco_markers_msgs/package.dsv
-- Symlinking: /home/igor/gral-iiriondo/unitree_ws/install/aruco_markers_msgs/share/ament_index/resource_index/packages/aruco_markers_msgs
-- Symlinking: /home/igor/gral-iiriondo/unitree_ws/install/aruco_markers_msgs/share/aruco_markers_msgs/cmake/rosidl_cmake-extras.cmake
-- Symlinking: /home/igor/gral-iiriondo/unitree_ws/install/aruco_markers_msgs/share/aruco_markers_msgs/cmake/ament_cmake_export_dependencies-extras.cmake
-- Symlinking: /home/igor/gral-iiriondo/unitree_ws/install/aruco_markers_msgs/share/aruco_markers_msgs/cmake/ament_cmake_export_include_directories-extras.cmake
-- Symlinking: /home/igor/gral-iiriondo/unitree_ws/install/aruco_markers_msgs/share/aruco_markers_msgs/cmake/ament_cmake_export_libraries-extras.cmake
-- Symlinking: /home/igor/gral-iiriondo/unitree_ws/install/aruco_markers_msgs/share/aruco_markers_msgs/cmake/ament_cmake_export_targets-extras.cmake
-- Symlinking: /home/igor/gral-iiriondo/unitree_ws/install/aruco_markers_msgs/share/aruco_markers_msgs/cmake/rosidl_cmake_export_typesupport_targets-extras.cmake
-- Symlinking: /home/igor/gral-iiriondo/unitree_ws/install/aruco_markers_msgs/share/aruco_markers_msgs/cmake/rosidl_cmake_export_typesupport_libraries-extras.cmake
-- Symlinking: /home/igor/gral-iiriondo/unitree_ws/install/aruco_markers_msgs/share/aruco_markers_msgs/cmake/aruco_markers_msgsConfig.cmake
-- Symlinking: /home/igor/gral-iiriondo/unitree_ws/install/aruco_markers_msgs/share/aruco_markers_msgs/cmake/aruco_markers_msgsConfig-version.cmake
-- Symlinking: /home/igor/gral-iiriondo/unitree_ws/install/aruco_markers_msgs/share/aruco_markers_msgs/package.xml
-- Installing: /home/igor/gral-iiriondo/unitree_ws/install/aruco_markers_msgs/lib/libaruco_markers_msgs__rosidl_generator_c.so
-- Set runtime path of "/home/igor/gral-iiriondo/unitree_ws/install/aruco_markers_msgs/lib/libaruco_markers_msgs__rosidl_generator_c.so" to ""
-- Installing: /home/igor/gral-iiriondo/unitree_ws/install/aruco_markers_msgs/lib/libaruco_markers_msgs__rosidl_typesupport_fastrtps_c.so
-- Set runtime path of "/home/igor/gral-iiriondo/unitree_ws/install/aruco_markers_msgs/lib/libaruco_markers_msgs__rosidl_typesupport_fastrtps_c.so" to ""
-- Installing: /home/igor/gral-iiriondo/unitree_ws/install/aruco_markers_msgs/lib/libaruco_markers_msgs__rosidl_typesupport_fastrtps_cpp.so
-- Set runtime path of "/home/igor/gral-iiriondo/unitree_ws/install/aruco_markers_msgs/lib/libaruco_markers_msgs__rosidl_typesupport_fastrtps_cpp.so" to ""
-- Installing: /home/igor/gral-iiriondo/unitree_ws/install/aruco_markers_msgs/lib/libaruco_markers_msgs__rosidl_typesupport_introspection_c.so
-- Set runtime path of "/home/igor/gral-iiriondo/unitree_ws/install/aruco_markers_msgs/lib/libaruco_markers_msgs__rosidl_typesupport_introspection_c.so" to ""
-- Installing: /home/igor/gral-iiriondo/unitree_ws/install/aruco_markers_msgs/lib/libaruco_markers_msgs__rosidl_typesupport_c.so
-- Set runtime path of "/home/igor/gral-iiriondo/unitree_ws/install/aruco_markers_msgs/lib/libaruco_markers_msgs__rosidl_typesupport_c.so" to ""
-- Installing: /home/igor/gral-iiriondo/unitree_ws/install/aruco_markers_msgs/lib/libaruco_markers_msgs__rosidl_typesupport_introspection_cpp.so
-- Set runtime path of "/home/igor/gral-iiriondo/unitree_ws/install/aruco_markers_msgs/lib/libaruco_markers_msgs__rosidl_typesupport_introspection_cpp.so" to ""
-- Installing: /home/igor/gral-iiriondo/unitree_ws/install/aruco_markers_msgs/lib/libaruco_markers_msgs__rosidl_typesupport_cpp.so
-- Set runtime path of "/home/igor/gral-iiriondo/unitree_ws/install/aruco_markers_msgs/lib/libaruco_markers_msgs__rosidl_typesupport_cpp.so" to ""
Listing '/home/igor/gral-iiriondo/unitree_ws/install/aruco_markers_msgs/lib/python3.8/site-packages/aruco_markers_msgs'...
Compiling '/home/igor/gral-iiriondo/unitree_ws/install/aruco_markers_msgs/lib/python3.8/site-packages/aruco_markers_msgs/__init__.py'...
Listing '/home/igor/gral-iiriondo/unitree_ws/install/aruco_markers_msgs/lib/python3.8/site-packages/aruco_markers_msgs/msg'...
Compiling '/home/igor/gral-iiriondo/unitree_ws/install/aruco_markers_msgs/lib/python3.8/site-packages/aruco_markers_msgs/msg/__init__.py'...
Compiling '/home/igor/gral-iiriondo/unitree_ws/install/aruco_markers_msgs/lib/python3.8/site-packages/aruco_markers_msgs/msg/_marker.py'...
Compiling '/home/igor/gral-iiriondo/unitree_ws/install/aruco_markers_msgs/lib/python3.8/site-packages/aruco_markers_msgs/msg/_marker_array.py'...
-- Installing: /home/igor/gral-iiriondo/unitree_ws/install/aruco_markers_msgs/lib/libaruco_markers_msgs__rosidl_generator_py.so
-- Set runtime path of "/home/igor/gral-iiriondo/unitree_ws/install/aruco_markers_msgs/lib/libaruco_markers_msgs__rosidl_generator_py.so" to ""
-- Installing: /home/igor/gral-iiriondo/unitree_ws/install/aruco_markers_msgs/share/aruco_markers_msgs/cmake/export_aruco_markers_msgs__rosidl_generator_cExport.cmake
-- Installing: /home/igor/gral-iiriondo/unitree_ws/install/aruco_markers_msgs/share/aruco_markers_msgs/cmake/export_aruco_markers_msgs__rosidl_generator_cExport-noconfig.cmake
-- Installing: /home/igor/gral-iiriondo/unitree_ws/install/aruco_markers_msgs/share/aruco_markers_msgs/cmake/export_aruco_markers_msgs__rosidl_typesupport_fastrtps_cExport.cmake
-- Installing: /home/igor/gral-iiriondo/unitree_ws/install/aruco_markers_msgs/share/aruco_markers_msgs/cmake/export_aruco_markers_msgs__rosidl_typesupport_fastrtps_cExport-noconfig.cmake
-- Installing: /home/igor/gral-iiriondo/unitree_ws/install/aruco_markers_msgs/share/aruco_markers_msgs/cmake/export_aruco_markers_msgs__rosidl_generator_cppExport.cmake
-- Installing: /home/igor/gral-iiriondo/unitree_ws/install/aruco_markers_msgs/share/aruco_markers_msgs/cmake/export_aruco_markers_msgs__rosidl_typesupport_fastrtps_cppExport.cmake
-- Installing: /home/igor/gral-iiriondo/unitree_ws/install/aruco_markers_msgs/share/aruco_markers_msgs/cmake/export_aruco_markers_msgs__rosidl_typesupport_fastrtps_cppExport-noconfig.cmake
-- Installing: /home/igor/gral-iiriondo/unitree_ws/install/aruco_markers_msgs/share/aruco_markers_msgs/cmake/aruco_markers_msgs__rosidl_typesupport_introspection_cExport.cmake
-- Installing: /home/igor/gral-iiriondo/unitree_ws/install/aruco_markers_msgs/share/aruco_markers_msgs/cmake/aruco_markers_msgs__rosidl_typesupport_introspection_cExport-noconfig.cmake
-- Installing: /home/igor/gral-iiriondo/unitree_ws/install/aruco_markers_msgs/share/aruco_markers_msgs/cmake/aruco_markers_msgs__rosidl_typesupport_cExport.cmake
-- Installing: /home/igor/gral-iiriondo/unitree_ws/install/aruco_markers_msgs/share/aruco_markers_msgs/cmake/aruco_markers_msgs__rosidl_typesupport_cExport-noconfig.cmake
-- Installing: /home/igor/gral-iiriondo/unitree_ws/install/aruco_markers_msgs/share/aruco_markers_msgs/cmake/aruco_markers_msgs__rosidl_typesupport_introspection_cppExport.cmake
-- Installing: /home/igor/gral-iiriondo/unitree_ws/install/aruco_markers_msgs/share/aruco_markers_msgs/cmake/aruco_markers_msgs__rosidl_typesupport_introspection_cppExport-noconfig.cmake
-- Installing: /home/igor/gral-iiriondo/unitree_ws/install/aruco_markers_msgs/share/aruco_markers_msgs/cmake/aruco_markers_msgs__rosidl_typesupport_cppExport.cmake
-- Installing: /home/igor/gral-iiriondo/unitree_ws/install/aruco_markers_msgs/share/aruco_markers_msgs/cmake/aruco_markers_msgs__rosidl_typesupport_cppExport-noconfig.cmake
-- Installing: /home/igor/gral-iiriondo/unitree_ws/install/aruco_markers_msgs/share/aruco_markers_msgs/cmake/export_aruco_markers_msgs__rosidl_generator_pyExport.cmake
-- Installing: /home/igor/gral-iiriondo/unitree_ws/install/aruco_markers_msgs/share/aruco_markers_msgs/cmake/export_aruco_markers_msgs__rosidl_generator_pyExport-noconfig.cmake
