[0.040s] Invoking command in '/home/igor/gral-iiriondo/unitree_ws/build/aruco_markers_msgs': CMAKE_PREFIX_PATH=${CMAKE_PREFIX_PATH}:/home/igor/gral-iiriondo/unitree_ws/install/standing_mode:/home/igor/gral-iiriondo/unitree_ws/install/speech_to_goal:/home/igor/gral-iiriondo/unitree_ws/install/object_recognition:/home/igor/gral-iiriondo/unitree_ws/install/mapping_configuration:/home/igor/gral-iiriondo/unitree_ws/install/go1_description:/home/igor/gral-iiriondo/unitree_ws/install/asr:/home/igor/gral-iiriondo/unitree_ws/install/aruco_detector:/opt/ros/humble /usr/bin/cmake /home/igor/gral-iiriondo/unitree_ws/src/aruco_markers_msgs -DPython3_EXECUTABLE=/usr/bin/python3.8 -DAMENT_CMAKE_SYMLINK_INSTALL=1 -DCMAKE_INSTALL_PREFIX=/home/igor/gral-iiriondo/unitree_ws/install/aruco_markers_msgs
[0.172s] -- The C compiler identification is GNU 9.5.0
[0.333s] -- The CXX compiler identification is GNU 9.5.0
[0.351s] -- Detecting C compiler ABI info
[0.525s] -- Detecting C compiler ABI info - done
[0.559s] -- Check for working C compiler: /usr/bin/gcc-9 - skipped
[0.560s] -- Detecting C compile features
[0.562s] -- Detecting C compile features - done
[0.572s] -- Detecting CXX compiler ABI info
[0.791s] -- Detecting CXX compiler ABI info - done
[0.821s] -- Check for working CXX compiler: /usr/bin/g++-9 - skipped
[0.821s] -- Detecting CXX compile features
[0.822s] -- Detecting CXX compile features - done
[0.830s] -- Found ament_cmake: 1.3.14 (/opt/ros/humble/share/ament_cmake/cmake)
[1.256s] -- Found Python3: /usr/bin/python3.8 (found version "3.8.20") found components: Interpreter 
[1.399s] -- Override CMake install command with custom implementation using symlinks instead of copying resources
[1.456s] -- Found std_msgs: 4.9.1 (/opt/ros/humble/share/std_msgs/cmake)
[1.565s] -- Found rosidl_generator_c: 3.1.8 (/opt/ros/humble/share/rosidl_generator_c/cmake)
[1.578s] -- Found rosidl_adapter: 3.1.8 (/opt/ros/humble/share/rosidl_adapter/cmake)
[1.601s] -- Found rosidl_generator_cpp: 3.1.8 (/opt/ros/humble/share/rosidl_generator_cpp/cmake)
[1.641s] -- Using all available rosidl_typesupport_c: rosidl_typesupport_fastrtps_c;rosidl_typesupport_introspection_c
[1.693s] -- Using all available rosidl_typesupport_cpp: rosidl_typesupport_fastrtps_cpp;rosidl_typesupport_introspection_cpp
[1.784s] -- Found geometry_msgs: 4.9.1 (/opt/ros/humble/share/geometry_msgs/cmake)
[1.826s] -- Found rosidl_default_generators: 1.2.1 (/opt/ros/humble/share/rosidl_default_generators/cmake)
[2.813s] -- Found ament_cmake_ros: 0.10.0 (/opt/ros/humble/share/ament_cmake_ros/cmake)
[4.205s] -- Using all available rosidl_typesupport_c: rosidl_typesupport_fastrtps_c;rosidl_typesupport_introspection_c
[4.897s] -- Using all available rosidl_typesupport_cpp: rosidl_typesupport_fastrtps_cpp;rosidl_typesupport_introspection_cpp
[5.130s] -- Found PythonInterp: /usr/bin/python3 (found suitable version "3.10.12", minimum required is "3.6") 
[5.138s] -- Found python_cmake_module: 0.10.0 (/opt/ros/humble/share/python_cmake_module/cmake)
[5.384s] -- Found PythonLibs: /usr/lib/x86_64-linux-gnu/libpython3.10.so (found suitable version "3.10.12", minimum required is "3.5") 
[5.385s] -- Using PYTHON_EXECUTABLE: /usr/bin/python3
[5.385s] -- Using PYTHON_INCLUDE_DIRS: /usr/include/python3.10
[5.385s] -- Using PYTHON_LIBRARIES: /usr/lib/x86_64-linux-gnu/libpython3.10.so
[5.453s] -- Found PythonExtra: .so  
[5.925s] -- Found ament_lint_auto: 0.12.15 (/opt/ros/humble/share/ament_lint_auto/cmake)
[6.067s] -- Added test 'copyright' to check source files copyright and LICENSE
[6.085s] -- Added test 'lint_cmake' to check CMake code style
[6.098s] -- Added test 'xmllint' to check XML markup files
[6.124s] -- Configuring done
[6.482s] -- Generating done
[6.629s] -- Build files have been written to: /home/igor/gral-iiriondo/unitree_ws/build/aruco_markers_msgs
[6.729s] Invoked command in '/home/igor/gral-iiriondo/unitree_ws/build/aruco_markers_msgs' returned '0': CMAKE_PREFIX_PATH=${CMAKE_PREFIX_PATH}:/home/igor/gral-iiriondo/unitree_ws/install/standing_mode:/home/igor/gral-iiriondo/unitree_ws/install/speech_to_goal:/home/igor/gral-iiriondo/unitree_ws/install/object_recognition:/home/igor/gral-iiriondo/unitree_ws/install/mapping_configuration:/home/igor/gral-iiriondo/unitree_ws/install/go1_description:/home/igor/gral-iiriondo/unitree_ws/install/asr:/home/igor/gral-iiriondo/unitree_ws/install/aruco_detector:/opt/ros/humble /usr/bin/cmake /home/igor/gral-iiriondo/unitree_ws/src/aruco_markers_msgs -DPython3_EXECUTABLE=/usr/bin/python3.8 -DAMENT_CMAKE_SYMLINK_INSTALL=1 -DCMAKE_INSTALL_PREFIX=/home/igor/gral-iiriondo/unitree_ws/install/aruco_markers_msgs
[6.730s] Invoking command in '/home/igor/gral-iiriondo/unitree_ws/build/aruco_markers_msgs': CMAKE_PREFIX_PATH=${CMAKE_PREFIX_PATH}:/home/igor/gral-iiriondo/unitree_ws/install/standing_mode:/home/igor/gral-iiriondo/unitree_ws/install/speech_to_goal:/home/igor/gral-iiriondo/unitree_ws/install/object_recognition:/home/igor/gral-iiriondo/unitree_ws/install/mapping_configuration:/home/igor/gral-iiriondo/unitree_ws/install/go1_description:/home/igor/gral-iiriondo/unitree_ws/install/asr:/home/igor/gral-iiriondo/unitree_ws/install/aruco_detector:/opt/ros/humble /usr/bin/cmake --build /home/igor/gral-iiriondo/unitree_ws/build/aruco_markers_msgs -- -j4 -l4
[7.036s] [  2%] [34m[1mGenerating C code for ROS interfaces[0m
[7.095s] [  5%] [34m[1mGenerating Rust code for ROS interfaces[0m
[7.164s] [  7%] Built target ament_cmake_python_symlink_aruco_markers_msgs
[7.174s] [  7%] [34m[1mGenerating C++ code for ROS interfaces[0m
[8.979s] [ 10%] [32mBuilding C object CMakeFiles/aruco_markers_msgs__rosidl_generator_c.dir/rosidl_generator_c/aruco_markers_msgs/msg/detail/marker__functions.c.o[0m
[9.564s] [ 12%] [32mBuilding C object CMakeFiles/aruco_markers_msgs__rosidl_generator_c.dir/rosidl_generator_c/aruco_markers_msgs/msg/detail/marker_array__functions.c.o[0m
[9.882s] [ 15%] [32m[1mLinking C shared library libaruco_markers_msgs__rosidl_generator_c.so[0m
[9.963s] [ 15%] Built target aruco_markers_msgs__rs
[10.255s] [ 15%] Built target aruco_markers_msgs__rosidl_generator_c
[10.368s] [ 17%] [34m[1mGenerating C type support for eProsima Fast-RTPS[0m
[10.382s] [ 20%] [34m[1mGenerating C introspection for ROS interfaces[0m
[11.430s] running egg_info
[11.430s] creating aruco_markers_msgs.egg-info
[11.432s] writing aruco_markers_msgs.egg-info/PKG-INFO
[11.432s] writing dependency_links to aruco_markers_msgs.egg-info/dependency_links.txt
[11.432s] writing top-level names to aruco_markers_msgs.egg-info/top_level.txt
[11.432s] writing manifest file 'aruco_markers_msgs.egg-info/SOURCES.txt'
[11.447s] reading manifest file 'aruco_markers_msgs.egg-info/SOURCES.txt'
[11.447s] writing manifest file 'aruco_markers_msgs.egg-info/SOURCES.txt'
[11.506s] [ 20%] Built target ament_cmake_python_build_aruco_markers_msgs_egg
[11.539s] [ 22%] [34m[1mGenerating C type support dispatch for ROS interfaces[0m
[12.506s] [ 22%] Built target aruco_markers_msgs__cpp
[13.554s] [ 25%] [32mBuilding CXX object CMakeFiles/aruco_markers_msgs__rosidl_typesupport_fastrtps_c.dir/rosidl_typesupport_fastrtps_c/aruco_markers_msgs/msg/detail/marker__type_support_c.cpp.o[0m
[15.122s] [ 27%] [32mBuilding C object CMakeFiles/aruco_markers_msgs__rosidl_typesupport_introspection_c.dir/rosidl_typesupport_introspection_c/aruco_markers_msgs/msg/detail/marker__type_support.c.o[0m
[15.269s] [ 30%] [32mBuilding CXX object CMakeFiles/aruco_markers_msgs__rosidl_typesupport_c.dir/rosidl_typesupport_c/aruco_markers_msgs/msg/marker__type_support.cpp.o[0m
[15.435s] [ 32%] [32mBuilding CXX object CMakeFiles/aruco_markers_msgs__rosidl_typesupport_c.dir/rosidl_typesupport_c/aruco_markers_msgs/msg/marker_array__type_support.cpp.o[0m
[15.465s] [ 35%] [32mBuilding C object CMakeFiles/aruco_markers_msgs__rosidl_typesupport_introspection_c.dir/rosidl_typesupport_introspection_c/aruco_markers_msgs/msg/detail/marker_array__type_support.c.o[0m
[15.617s] [ 37%] [32m[1mLinking C shared library libaruco_markers_msgs__rosidl_typesupport_introspection_c.so[0m
[15.738s] [ 40%] [32m[1mLinking CXX shared library libaruco_markers_msgs__rosidl_typesupport_c.so[0m
[15.935s] [ 40%] Built target aruco_markers_msgs__rosidl_typesupport_introspection_c
[16.118s] [ 40%] Built target aruco_markers_msgs__rosidl_typesupport_c
[16.280s] [ 42%] [32mBuilding CXX object CMakeFiles/aruco_markers_msgs__rosidl_typesupport_fastrtps_c.dir/rosidl_typesupport_fastrtps_c/aruco_markers_msgs/msg/detail/marker_array__type_support_c.cpp.o[0m
[18.498s] [ 45%] [32m[1mLinking CXX shared library libaruco_markers_msgs__rosidl_typesupport_fastrtps_c.so[0m
[19.037s] [ 45%] Built target aruco_markers_msgs__rosidl_typesupport_fastrtps_c
[19.100s] [ 47%] [34m[1mGenerating C++ type support dispatch for ROS interfaces[0m
[20.222s] [ 50%] [32mBuilding CXX object CMakeFiles/aruco_markers_msgs__rosidl_typesupport_cpp.dir/rosidl_typesupport_cpp/aruco_markers_msgs/msg/marker__type_support.cpp.o[0m
[21.164s] [ 52%] [32mBuilding CXX object CMakeFiles/aruco_markers_msgs__rosidl_typesupport_cpp.dir/rosidl_typesupport_cpp/aruco_markers_msgs/msg/marker_array__type_support.cpp.o[0m
[21.979s] [ 55%] [32m[1mLinking CXX shared library libaruco_markers_msgs__rosidl_typesupport_cpp.so[0m
[22.135s] [ 55%] Built target aruco_markers_msgs__rosidl_typesupport_cpp
[22.163s] [ 57%] [34m[1mGenerating C++ introspection for ROS interfaces[0m
[23.301s] [ 60%] [32mBuilding CXX object CMakeFiles/aruco_markers_msgs__rosidl_typesupport_introspection_cpp.dir/rosidl_typesupport_introspection_cpp/aruco_markers_msgs/msg/detail/marker__type_support.cpp.o[0m
[24.206s] [ 62%] [32mBuilding CXX object CMakeFiles/aruco_markers_msgs__rosidl_typesupport_introspection_cpp.dir/rosidl_typesupport_introspection_cpp/aruco_markers_msgs/msg/detail/marker_array__type_support.cpp.o[0m
[25.252s] [ 65%] [32m[1mLinking CXX shared library libaruco_markers_msgs__rosidl_typesupport_introspection_cpp.so[0m
[25.466s] [ 65%] Built target aruco_markers_msgs__rosidl_typesupport_introspection_cpp
[25.493s] [ 67%] [34m[1mGenerating C++ type support for eProsima Fast-RTPS[0m
[26.642s] [ 70%] [32mBuilding CXX object CMakeFiles/aruco_markers_msgs__rosidl_typesupport_fastrtps_cpp.dir/rosidl_typesupport_fastrtps_cpp/aruco_markers_msgs/msg/detail/dds_fastrtps/marker__type_support.cpp.o[0m
[27.499s] [ 72%] [32mBuilding CXX object CMakeFiles/aruco_markers_msgs__rosidl_typesupport_fastrtps_cpp.dir/rosidl_typesupport_fastrtps_cpp/aruco_markers_msgs/msg/detail/dds_fastrtps/marker_array__type_support.cpp.o[0m
[28.529s] [ 75%] [32m[1mLinking CXX shared library libaruco_markers_msgs__rosidl_typesupport_fastrtps_cpp.so[0m
[28.740s] [ 75%] Built target aruco_markers_msgs__rosidl_typesupport_fastrtps_cpp
[28.790s] [ 75%] Built target aruco_markers_msgs
[28.837s] [ 77%] [34m[1mGenerating Python code for ROS interfaces[0m
[30.283s] [ 77%] Built target aruco_markers_msgs__py
[30.319s] [ 80%] [32mBuilding C object CMakeFiles/aruco_markers_msgs__rosidl_generator_py.dir/rosidl_generator_py/aruco_markers_msgs/msg/_marker_s.c.o[0m
[30.528s] [ 82%] [32mBuilding C object CMakeFiles/aruco_markers_msgs__rosidl_generator_py.dir/rosidl_generator_py/aruco_markers_msgs/msg/_marker_array_s.c.o[0m
[30.773s] [ 85%] [32m[1mLinking C shared library rosidl_generator_py/aruco_markers_msgs/libaruco_markers_msgs__rosidl_generator_py.so[0m
[30.901s] [ 85%] Built target aruco_markers_msgs__rosidl_generator_py
[30.961s] [ 87%] [32mBuilding C object CMakeFiles/aruco_markers_msgs__rosidl_typesupport_fastrtps_c__pyext.dir/rosidl_generator_py/aruco_markers_msgs/_aruco_markers_msgs_s.ep.rosidl_typesupport_fastrtps_c.c.o[0m
[31.254s] [ 90%] [32m[1mLinking C shared library rosidl_generator_py/aruco_markers_msgs/aruco_markers_msgs_s__rosidl_typesupport_fastrtps_c.cpython-310-x86_64-linux-gnu.so[0m
[31.377s] [ 90%] Built target aruco_markers_msgs__rosidl_typesupport_fastrtps_c__pyext
[31.427s] [ 92%] [32mBuilding C object CMakeFiles/aruco_markers_msgs__rosidl_typesupport_c__pyext.dir/rosidl_generator_py/aruco_markers_msgs/_aruco_markers_msgs_s.ep.rosidl_typesupport_c.c.o[0m
[31.699s] [ 95%] [32m[1mLinking C shared library rosidl_generator_py/aruco_markers_msgs/aruco_markers_msgs_s__rosidl_typesupport_c.cpython-310-x86_64-linux-gnu.so[0m
[31.809s] [ 95%] Built target aruco_markers_msgs__rosidl_typesupport_c__pyext
[31.862s] [ 97%] [32mBuilding C object CMakeFiles/aruco_markers_msgs__rosidl_typesupport_introspection_c__pyext.dir/rosidl_generator_py/aruco_markers_msgs/_aruco_markers_msgs_s.ep.rosidl_typesupport_introspection_c.c.o[0m
[32.149s] [100%] [32m[1mLinking C shared library rosidl_generator_py/aruco_markers_msgs/aruco_markers_msgs_s__rosidl_typesupport_introspection_c.cpython-310-x86_64-linux-gnu.so[0m
[32.260s] [100%] Built target aruco_markers_msgs__rosidl_typesupport_introspection_c__pyext
[32.290s] Invoked command in '/home/igor/gral-iiriondo/unitree_ws/build/aruco_markers_msgs' returned '0': CMAKE_PREFIX_PATH=${CMAKE_PREFIX_PATH}:/home/igor/gral-iiriondo/unitree_ws/install/standing_mode:/home/igor/gral-iiriondo/unitree_ws/install/speech_to_goal:/home/igor/gral-iiriondo/unitree_ws/install/object_recognition:/home/igor/gral-iiriondo/unitree_ws/install/mapping_configuration:/home/igor/gral-iiriondo/unitree_ws/install/go1_description:/home/igor/gral-iiriondo/unitree_ws/install/asr:/home/igor/gral-iiriondo/unitree_ws/install/aruco_detector:/opt/ros/humble /usr/bin/cmake --build /home/igor/gral-iiriondo/unitree_ws/build/aruco_markers_msgs -- -j4 -l4
[32.292s] Invoking command in '/home/igor/gral-iiriondo/unitree_ws/build/aruco_markers_msgs': CMAKE_PREFIX_PATH=${CMAKE_PREFIX_PATH}:/home/igor/gral-iiriondo/unitree_ws/install/standing_mode:/home/igor/gral-iiriondo/unitree_ws/install/speech_to_goal:/home/igor/gral-iiriondo/unitree_ws/install/object_recognition:/home/igor/gral-iiriondo/unitree_ws/install/mapping_configuration:/home/igor/gral-iiriondo/unitree_ws/install/go1_description:/home/igor/gral-iiriondo/unitree_ws/install/asr:/home/igor/gral-iiriondo/unitree_ws/install/aruco_detector:/opt/ros/humble /usr/bin/cmake --install /home/igor/gral-iiriondo/unitree_ws/build/aruco_markers_msgs
[32.320s] -- Install configuration: ""
[32.322s] -- Execute custom install script
[32.323s] -- Symlinking: /home/igor/gral-iiriondo/unitree_ws/install/aruco_markers_msgs/share/ament_index/resource_index/rosidl_interfaces/aruco_markers_msgs
[32.349s] -- Symlinking: /home/igor/gral-iiriondo/unitree_ws/install/aruco_markers_msgs/include/aruco_markers_msgs/aruco_markers_msgs/msg/detail/marker__functions.h
[32.373s] -- Symlinking: /home/igor/gral-iiriondo/unitree_ws/install/aruco_markers_msgs/include/aruco_markers_msgs/aruco_markers_msgs/msg/detail/marker__struct.h
[32.394s] -- Symlinking: /home/igor/gral-iiriondo/unitree_ws/install/aruco_markers_msgs/include/aruco_markers_msgs/aruco_markers_msgs/msg/detail/marker__type_support.h
[32.414s] -- Symlinking: /home/igor/gral-iiriondo/unitree_ws/install/aruco_markers_msgs/include/aruco_markers_msgs/aruco_markers_msgs/msg/detail/marker_array__functions.h
[32.433s] -- Symlinking: /home/igor/gral-iiriondo/unitree_ws/install/aruco_markers_msgs/include/aruco_markers_msgs/aruco_markers_msgs/msg/detail/marker_array__struct.h
[32.452s] -- Symlinking: /home/igor/gral-iiriondo/unitree_ws/install/aruco_markers_msgs/include/aruco_markers_msgs/aruco_markers_msgs/msg/detail/marker_array__type_support.h
[32.469s] -- Symlinking: /home/igor/gral-iiriondo/unitree_ws/install/aruco_markers_msgs/include/aruco_markers_msgs/aruco_markers_msgs/msg/marker.h
[32.487s] -- Symlinking: /home/igor/gral-iiriondo/unitree_ws/install/aruco_markers_msgs/include/aruco_markers_msgs/aruco_markers_msgs/msg/marker_array.h
[32.504s] -- Symlinking: /home/igor/gral-iiriondo/unitree_ws/install/aruco_markers_msgs/include/aruco_markers_msgs/aruco_markers_msgs/msg/rosidl_generator_c__visibility_control.h
[32.523s] -- Symlinking: /home/igor/gral-iiriondo/unitree_ws/install/aruco_markers_msgs/share/aruco_markers_msgs/environment/library_path.sh
[32.542s] -- Symlinking: /home/igor/gral-iiriondo/unitree_ws/install/aruco_markers_msgs/share/aruco_markers_msgs/environment/library_path.dsv
[32.561s] -- Symlinking: /home/igor/gral-iiriondo/unitree_ws/install/aruco_markers_msgs/include/aruco_markers_msgs/aruco_markers_msgs/msg/detail/marker__rosidl_typesupport_fastrtps_c.h
[32.577s] -- Symlinking: /home/igor/gral-iiriondo/unitree_ws/install/aruco_markers_msgs/include/aruco_markers_msgs/aruco_markers_msgs/msg/detail/marker_array__rosidl_typesupport_fastrtps_c.h
[32.594s] -- Symlinking: /home/igor/gral-iiriondo/unitree_ws/install/aruco_markers_msgs/include/aruco_markers_msgs/aruco_markers_msgs/msg/rosidl_typesupport_fastrtps_c__visibility_control.h
[32.611s] -- Symlinking: /home/igor/gral-iiriondo/unitree_ws/install/aruco_markers_msgs/include/aruco_markers_msgs/aruco_markers_msgs/msg/detail/marker__builder.hpp
[32.629s] -- Symlinking: /home/igor/gral-iiriondo/unitree_ws/install/aruco_markers_msgs/include/aruco_markers_msgs/aruco_markers_msgs/msg/detail/marker__struct.hpp
[32.648s] -- Symlinking: /home/igor/gral-iiriondo/unitree_ws/install/aruco_markers_msgs/include/aruco_markers_msgs/aruco_markers_msgs/msg/detail/marker__traits.hpp
[32.666s] -- Symlinking: /home/igor/gral-iiriondo/unitree_ws/install/aruco_markers_msgs/include/aruco_markers_msgs/aruco_markers_msgs/msg/detail/marker__type_support.hpp
[32.681s] -- Symlinking: /home/igor/gral-iiriondo/unitree_ws/install/aruco_markers_msgs/include/aruco_markers_msgs/aruco_markers_msgs/msg/detail/marker_array__builder.hpp
[32.700s] -- Symlinking: /home/igor/gral-iiriondo/unitree_ws/install/aruco_markers_msgs/include/aruco_markers_msgs/aruco_markers_msgs/msg/detail/marker_array__struct.hpp
[32.720s] -- Symlinking: /home/igor/gral-iiriondo/unitree_ws/install/aruco_markers_msgs/include/aruco_markers_msgs/aruco_markers_msgs/msg/detail/marker_array__traits.hpp
[32.737s] -- Symlinking: /home/igor/gral-iiriondo/unitree_ws/install/aruco_markers_msgs/include/aruco_markers_msgs/aruco_markers_msgs/msg/detail/marker_array__type_support.hpp
[32.755s] -- Symlinking: /home/igor/gral-iiriondo/unitree_ws/install/aruco_markers_msgs/include/aruco_markers_msgs/aruco_markers_msgs/msg/marker.hpp
[32.771s] -- Symlinking: /home/igor/gral-iiriondo/unitree_ws/install/aruco_markers_msgs/include/aruco_markers_msgs/aruco_markers_msgs/msg/marker_array.hpp
[32.787s] -- Symlinking: /home/igor/gral-iiriondo/unitree_ws/install/aruco_markers_msgs/include/aruco_markers_msgs/aruco_markers_msgs/msg/rosidl_generator_cpp__visibility_control.hpp
[32.805s] -- Symlinking: /home/igor/gral-iiriondo/unitree_ws/install/aruco_markers_msgs/include/aruco_markers_msgs/aruco_markers_msgs/msg/detail/marker__rosidl_typesupport_fastrtps_cpp.hpp
[32.820s] -- Symlinking: /home/igor/gral-iiriondo/unitree_ws/install/aruco_markers_msgs/include/aruco_markers_msgs/aruco_markers_msgs/msg/detail/marker_array__rosidl_typesupport_fastrtps_cpp.hpp
[32.836s] -- Symlinking: /home/igor/gral-iiriondo/unitree_ws/install/aruco_markers_msgs/include/aruco_markers_msgs/aruco_markers_msgs/msg/rosidl_typesupport_fastrtps_cpp__visibility_control.h
[32.854s] -- Symlinking: /home/igor/gral-iiriondo/unitree_ws/install/aruco_markers_msgs/include/aruco_markers_msgs/aruco_markers_msgs/msg/detail/marker__rosidl_typesupport_introspection_c.h
[32.870s] -- Symlinking: /home/igor/gral-iiriondo/unitree_ws/install/aruco_markers_msgs/include/aruco_markers_msgs/aruco_markers_msgs/msg/detail/marker_array__rosidl_typesupport_introspection_c.h
[32.886s] -- Symlinking: /home/igor/gral-iiriondo/unitree_ws/install/aruco_markers_msgs/include/aruco_markers_msgs/aruco_markers_msgs/msg/rosidl_typesupport_introspection_c__visibility_control.h
[32.902s] -- Symlinking: /home/igor/gral-iiriondo/unitree_ws/install/aruco_markers_msgs/include/aruco_markers_msgs/aruco_markers_msgs/msg/detail/marker__rosidl_typesupport_introspection_cpp.hpp
[32.918s] -- Symlinking: /home/igor/gral-iiriondo/unitree_ws/install/aruco_markers_msgs/include/aruco_markers_msgs/aruco_markers_msgs/msg/detail/marker_array__rosidl_typesupport_introspection_cpp.hpp
[32.934s] -- Symlinking: /home/igor/gral-iiriondo/unitree_ws/install/aruco_markers_msgs/share/aruco_markers_msgs/environment/pythonpath.sh
[32.952s] -- Symlinking: /home/igor/gral-iiriondo/unitree_ws/install/aruco_markers_msgs/share/aruco_markers_msgs/environment/pythonpath.dsv
[32.968s] -- Symlinking: /home/igor/gral-iiriondo/unitree_ws/install/aruco_markers_msgs/lib/python3.8/site-packages/aruco_markers_msgs-0.0.3-py3.8.egg-info/PKG-INFO
[32.983s] -- Symlinking: /home/igor/gral-iiriondo/unitree_ws/install/aruco_markers_msgs/lib/python3.8/site-packages/aruco_markers_msgs-0.0.3-py3.8.egg-info/SOURCES.txt
[32.999s] -- Symlinking: /home/igor/gral-iiriondo/unitree_ws/install/aruco_markers_msgs/lib/python3.8/site-packages/aruco_markers_msgs-0.0.3-py3.8.egg-info/dependency_links.txt
[33.015s] -- Symlinking: /home/igor/gral-iiriondo/unitree_ws/install/aruco_markers_msgs/lib/python3.8/site-packages/aruco_markers_msgs-0.0.3-py3.8.egg-info/top_level.txt
[33.031s] -- Symlinking: /home/igor/gral-iiriondo/unitree_ws/install/aruco_markers_msgs/lib/python3.8/site-packages/aruco_markers_msgs/__init__.py
[33.048s] -- Symlinking: /home/igor/gral-iiriondo/unitree_ws/install/aruco_markers_msgs/lib/python3.8/site-packages/aruco_markers_msgs/_aruco_markers_msgs_s.ep.rosidl_typesupport_c.c
[33.064s] -- Symlinking: /home/igor/gral-iiriondo/unitree_ws/install/aruco_markers_msgs/lib/python3.8/site-packages/aruco_markers_msgs/_aruco_markers_msgs_s.ep.rosidl_typesupport_fastrtps_c.c
[33.080s] -- Symlinking: /home/igor/gral-iiriondo/unitree_ws/install/aruco_markers_msgs/lib/python3.8/site-packages/aruco_markers_msgs/_aruco_markers_msgs_s.ep.rosidl_typesupport_introspection_c.c
[33.095s] -- Symlinking: /home/igor/gral-iiriondo/unitree_ws/install/aruco_markers_msgs/lib/python3.8/site-packages/aruco_markers_msgs/aruco_markers_msgs_s__rosidl_typesupport_c.cpython-310-x86_64-linux-gnu.so
[33.111s] -- Symlinking: /home/igor/gral-iiriondo/unitree_ws/install/aruco_markers_msgs/lib/python3.8/site-packages/aruco_markers_msgs/aruco_markers_msgs_s__rosidl_typesupport_fastrtps_c.cpython-310-x86_64-linux-gnu.so
[33.127s] -- Symlinking: /home/igor/gral-iiriondo/unitree_ws/install/aruco_markers_msgs/lib/python3.8/site-packages/aruco_markers_msgs/aruco_markers_msgs_s__rosidl_typesupport_introspection_c.cpython-310-x86_64-linux-gnu.so
[33.147s] -- Symlinking: /home/igor/gral-iiriondo/unitree_ws/install/aruco_markers_msgs/lib/python3.8/site-packages/aruco_markers_msgs/libaruco_markers_msgs__rosidl_generator_py.so
[33.165s] -- Symlinking: /home/igor/gral-iiriondo/unitree_ws/install/aruco_markers_msgs/lib/python3.8/site-packages/aruco_markers_msgs/msg/__init__.py
[33.180s] -- Symlinking: /home/igor/gral-iiriondo/unitree_ws/install/aruco_markers_msgs/lib/python3.8/site-packages/aruco_markers_msgs/msg/_marker.py
[33.195s] -- Symlinking: /home/igor/gral-iiriondo/unitree_ws/install/aruco_markers_msgs/lib/python3.8/site-packages/aruco_markers_msgs/msg/_marker_array.py
[33.210s] -- Symlinking: /home/igor/gral-iiriondo/unitree_ws/install/aruco_markers_msgs/lib/python3.8/site-packages/aruco_markers_msgs/msg/_marker_array_s.c
[33.226s] -- Symlinking: /home/igor/gral-iiriondo/unitree_ws/install/aruco_markers_msgs/lib/python3.8/site-packages/aruco_markers_msgs/msg/_marker_s.c
[33.242s] -- Up-to-date symlink: /home/igor/gral-iiriondo/unitree_ws/install/aruco_markers_msgs/lib/python3.8/site-packages/aruco_markers_msgs/aruco_markers_msgs_s__rosidl_typesupport_fastrtps_c.cpython-310-x86_64-linux-gnu.so
[33.243s] -- Up-to-date symlink: /home/igor/gral-iiriondo/unitree_ws/install/aruco_markers_msgs/lib/python3.8/site-packages/aruco_markers_msgs/aruco_markers_msgs_s__rosidl_typesupport_introspection_c.cpython-310-x86_64-linux-gnu.so
[33.243s] -- Up-to-date symlink: /home/igor/gral-iiriondo/unitree_ws/install/aruco_markers_msgs/lib/python3.8/site-packages/aruco_markers_msgs/aruco_markers_msgs_s__rosidl_typesupport_c.cpython-310-x86_64-linux-gnu.so
[33.244s] -- Symlinking: /home/igor/gral-iiriondo/unitree_ws/install/aruco_markers_msgs/share/ament_index/resource_index/rust_packages/aruco_markers_msgs
[33.261s] -- Symlinking: /home/igor/gral-iiriondo/unitree_ws/install/aruco_markers_msgs/share/aruco_markers_msgs/rust/Cargo.toml
[33.277s] -- Symlinking: /home/igor/gral-iiriondo/unitree_ws/install/aruco_markers_msgs/share/aruco_markers_msgs/rust/build.rs
[33.292s] -- Symlinking: /home/igor/gral-iiriondo/unitree_ws/install/aruco_markers_msgs/share/aruco_markers_msgs/rust/src/lib.rs
[33.312s] -- Symlinking: /home/igor/gral-iiriondo/unitree_ws/install/aruco_markers_msgs/share/aruco_markers_msgs/rust/src/msg.rs
[33.329s] -- Symlinking: /home/igor/gral-iiriondo/unitree_ws/install/aruco_markers_msgs/share/aruco_markers_msgs/rust/src/msg/rmw.rs
[33.348s] -- Symlinking: /home/igor/gral-iiriondo/unitree_ws/install/aruco_markers_msgs/share/aruco_markers_msgs/msg/Marker.idl
[33.371s] -- Symlinking: /home/igor/gral-iiriondo/unitree_ws/install/aruco_markers_msgs/share/aruco_markers_msgs/msg/MarkerArray.idl
[33.392s] -- Symlinking: /home/igor/gral-iiriondo/unitree_ws/install/aruco_markers_msgs/share/aruco_markers_msgs/msg/Marker.msg
[33.409s] -- Symlinking: /home/igor/gral-iiriondo/unitree_ws/install/aruco_markers_msgs/share/aruco_markers_msgs/msg/MarkerArray.msg
[33.425s] -- Symlinking: /home/igor/gral-iiriondo/unitree_ws/install/aruco_markers_msgs/share/ament_index/resource_index/package_run_dependencies/aruco_markers_msgs
[33.440s] -- Symlinking: /home/igor/gral-iiriondo/unitree_ws/install/aruco_markers_msgs/share/ament_index/resource_index/parent_prefix_path/aruco_markers_msgs
[33.458s] -- Symlinking: /home/igor/gral-iiriondo/unitree_ws/install/aruco_markers_msgs/share/aruco_markers_msgs/environment/ament_prefix_path.sh
[33.476s] -- Symlinking: /home/igor/gral-iiriondo/unitree_ws/install/aruco_markers_msgs/share/aruco_markers_msgs/environment/ament_prefix_path.dsv
[33.491s] -- Symlinking: /home/igor/gral-iiriondo/unitree_ws/install/aruco_markers_msgs/share/aruco_markers_msgs/environment/path.sh
[33.506s] -- Symlinking: /home/igor/gral-iiriondo/unitree_ws/install/aruco_markers_msgs/share/aruco_markers_msgs/environment/path.dsv
[33.522s] -- Symlinking: /home/igor/gral-iiriondo/unitree_ws/install/aruco_markers_msgs/share/aruco_markers_msgs/local_setup.bash
[33.537s] -- Symlinking: /home/igor/gral-iiriondo/unitree_ws/install/aruco_markers_msgs/share/aruco_markers_msgs/local_setup.sh
[33.550s] -- Symlinking: /home/igor/gral-iiriondo/unitree_ws/install/aruco_markers_msgs/share/aruco_markers_msgs/local_setup.zsh
[33.567s] -- Symlinking: /home/igor/gral-iiriondo/unitree_ws/install/aruco_markers_msgs/share/aruco_markers_msgs/local_setup.dsv
[33.580s] -- Symlinking: /home/igor/gral-iiriondo/unitree_ws/install/aruco_markers_msgs/share/aruco_markers_msgs/package.dsv
[33.594s] -- Symlinking: /home/igor/gral-iiriondo/unitree_ws/install/aruco_markers_msgs/share/ament_index/resource_index/packages/aruco_markers_msgs
[33.608s] -- Symlinking: /home/igor/gral-iiriondo/unitree_ws/install/aruco_markers_msgs/share/aruco_markers_msgs/cmake/rosidl_cmake-extras.cmake
[33.621s] -- Symlinking: /home/igor/gral-iiriondo/unitree_ws/install/aruco_markers_msgs/share/aruco_markers_msgs/cmake/ament_cmake_export_dependencies-extras.cmake
[33.635s] -- Symlinking: /home/igor/gral-iiriondo/unitree_ws/install/aruco_markers_msgs/share/aruco_markers_msgs/cmake/ament_cmake_export_include_directories-extras.cmake
[33.649s] -- Symlinking: /home/igor/gral-iiriondo/unitree_ws/install/aruco_markers_msgs/share/aruco_markers_msgs/cmake/ament_cmake_export_libraries-extras.cmake
[33.663s] -- Symlinking: /home/igor/gral-iiriondo/unitree_ws/install/aruco_markers_msgs/share/aruco_markers_msgs/cmake/ament_cmake_export_targets-extras.cmake
[33.677s] -- Symlinking: /home/igor/gral-iiriondo/unitree_ws/install/aruco_markers_msgs/share/aruco_markers_msgs/cmake/rosidl_cmake_export_typesupport_targets-extras.cmake
[33.691s] -- Symlinking: /home/igor/gral-iiriondo/unitree_ws/install/aruco_markers_msgs/share/aruco_markers_msgs/cmake/rosidl_cmake_export_typesupport_libraries-extras.cmake
[33.705s] -- Symlinking: /home/igor/gral-iiriondo/unitree_ws/install/aruco_markers_msgs/share/aruco_markers_msgs/cmake/aruco_markers_msgsConfig.cmake
[33.719s] -- Symlinking: /home/igor/gral-iiriondo/unitree_ws/install/aruco_markers_msgs/share/aruco_markers_msgs/cmake/aruco_markers_msgsConfig-version.cmake
[33.733s] -- Symlinking: /home/igor/gral-iiriondo/unitree_ws/install/aruco_markers_msgs/share/aruco_markers_msgs/package.xml
[33.747s] -- Installing: /home/igor/gral-iiriondo/unitree_ws/install/aruco_markers_msgs/lib/libaruco_markers_msgs__rosidl_generator_c.so
[33.748s] -- Set runtime path of "/home/igor/gral-iiriondo/unitree_ws/install/aruco_markers_msgs/lib/libaruco_markers_msgs__rosidl_generator_c.so" to ""
[33.749s] -- Installing: /home/igor/gral-iiriondo/unitree_ws/install/aruco_markers_msgs/lib/libaruco_markers_msgs__rosidl_typesupport_fastrtps_c.so
[33.749s] -- Set runtime path of "/home/igor/gral-iiriondo/unitree_ws/install/aruco_markers_msgs/lib/libaruco_markers_msgs__rosidl_typesupport_fastrtps_c.so" to ""
[33.749s] -- Installing: /home/igor/gral-iiriondo/unitree_ws/install/aruco_markers_msgs/lib/libaruco_markers_msgs__rosidl_typesupport_fastrtps_cpp.so
[33.751s] -- Set runtime path of "/home/igor/gral-iiriondo/unitree_ws/install/aruco_markers_msgs/lib/libaruco_markers_msgs__rosidl_typesupport_fastrtps_cpp.so" to ""
[33.751s] -- Installing: /home/igor/gral-iiriondo/unitree_ws/install/aruco_markers_msgs/lib/libaruco_markers_msgs__rosidl_typesupport_introspection_c.so
[33.752s] -- Set runtime path of "/home/igor/gral-iiriondo/unitree_ws/install/aruco_markers_msgs/lib/libaruco_markers_msgs__rosidl_typesupport_introspection_c.so" to ""
[33.754s] -- Installing: /home/igor/gral-iiriondo/unitree_ws/install/aruco_markers_msgs/lib/libaruco_markers_msgs__rosidl_typesupport_c.so
[33.755s] -- Set runtime path of "/home/igor/gral-iiriondo/unitree_ws/install/aruco_markers_msgs/lib/libaruco_markers_msgs__rosidl_typesupport_c.so" to ""
[33.755s] -- Installing: /home/igor/gral-iiriondo/unitree_ws/install/aruco_markers_msgs/lib/libaruco_markers_msgs__rosidl_typesupport_introspection_cpp.so
[33.755s] -- Set runtime path of "/home/igor/gral-iiriondo/unitree_ws/install/aruco_markers_msgs/lib/libaruco_markers_msgs__rosidl_typesupport_introspection_cpp.so" to ""
[33.755s] -- Installing: /home/igor/gral-iiriondo/unitree_ws/install/aruco_markers_msgs/lib/libaruco_markers_msgs__rosidl_typesupport_cpp.so
[33.755s] -- Set runtime path of "/home/igor/gral-iiriondo/unitree_ws/install/aruco_markers_msgs/lib/libaruco_markers_msgs__rosidl_typesupport_cpp.so" to ""
[33.814s] Listing '/home/igor/gral-iiriondo/unitree_ws/install/aruco_markers_msgs/lib/python3.8/site-packages/aruco_markers_msgs'...
[33.814s] Compiling '/home/igor/gral-iiriondo/unitree_ws/install/aruco_markers_msgs/lib/python3.8/site-packages/aruco_markers_msgs/__init__.py'...
[33.814s] Listing '/home/igor/gral-iiriondo/unitree_ws/install/aruco_markers_msgs/lib/python3.8/site-packages/aruco_markers_msgs/msg'...
[33.815s] Compiling '/home/igor/gral-iiriondo/unitree_ws/install/aruco_markers_msgs/lib/python3.8/site-packages/aruco_markers_msgs/msg/__init__.py'...
[33.815s] Compiling '/home/igor/gral-iiriondo/unitree_ws/install/aruco_markers_msgs/lib/python3.8/site-packages/aruco_markers_msgs/msg/_marker.py'...
[33.815s] Compiling '/home/igor/gral-iiriondo/unitree_ws/install/aruco_markers_msgs/lib/python3.8/site-packages/aruco_markers_msgs/msg/_marker_array.py'...
[33.820s] -- Installing: /home/igor/gral-iiriondo/unitree_ws/install/aruco_markers_msgs/lib/libaruco_markers_msgs__rosidl_generator_py.so
[33.821s] -- Set runtime path of "/home/igor/gral-iiriondo/unitree_ws/install/aruco_markers_msgs/lib/libaruco_markers_msgs__rosidl_generator_py.so" to ""
[33.821s] -- Installing: /home/igor/gral-iiriondo/unitree_ws/install/aruco_markers_msgs/share/aruco_markers_msgs/cmake/export_aruco_markers_msgs__rosidl_generator_cExport.cmake
[33.821s] -- Installing: /home/igor/gral-iiriondo/unitree_ws/install/aruco_markers_msgs/share/aruco_markers_msgs/cmake/export_aruco_markers_msgs__rosidl_generator_cExport-noconfig.cmake
[33.821s] -- Installing: /home/igor/gral-iiriondo/unitree_ws/install/aruco_markers_msgs/share/aruco_markers_msgs/cmake/export_aruco_markers_msgs__rosidl_typesupport_fastrtps_cExport.cmake
[33.821s] -- Installing: /home/igor/gral-iiriondo/unitree_ws/install/aruco_markers_msgs/share/aruco_markers_msgs/cmake/export_aruco_markers_msgs__rosidl_typesupport_fastrtps_cExport-noconfig.cmake
[33.822s] -- Installing: /home/igor/gral-iiriondo/unitree_ws/install/aruco_markers_msgs/share/aruco_markers_msgs/cmake/export_aruco_markers_msgs__rosidl_generator_cppExport.cmake
[33.822s] -- Installing: /home/igor/gral-iiriondo/unitree_ws/install/aruco_markers_msgs/share/aruco_markers_msgs/cmake/export_aruco_markers_msgs__rosidl_typesupport_fastrtps_cppExport.cmake
[33.822s] -- Installing: /home/igor/gral-iiriondo/unitree_ws/install/aruco_markers_msgs/share/aruco_markers_msgs/cmake/export_aruco_markers_msgs__rosidl_typesupport_fastrtps_cppExport-noconfig.cmake
[33.823s] -- Installing: /home/igor/gral-iiriondo/unitree_ws/install/aruco_markers_msgs/share/aruco_markers_msgs/cmake/aruco_markers_msgs__rosidl_typesupport_introspection_cExport.cmake
[33.823s] -- Installing: /home/igor/gral-iiriondo/unitree_ws/install/aruco_markers_msgs/share/aruco_markers_msgs/cmake/aruco_markers_msgs__rosidl_typesupport_introspection_cExport-noconfig.cmake
[33.823s] -- Installing: /home/igor/gral-iiriondo/unitree_ws/install/aruco_markers_msgs/share/aruco_markers_msgs/cmake/aruco_markers_msgs__rosidl_typesupport_cExport.cmake
[33.823s] -- Installing: /home/igor/gral-iiriondo/unitree_ws/install/aruco_markers_msgs/share/aruco_markers_msgs/cmake/aruco_markers_msgs__rosidl_typesupport_cExport-noconfig.cmake
[33.824s] -- Installing: /home/igor/gral-iiriondo/unitree_ws/install/aruco_markers_msgs/share/aruco_markers_msgs/cmake/aruco_markers_msgs__rosidl_typesupport_introspection_cppExport.cmake
[33.824s] -- Installing: /home/igor/gral-iiriondo/unitree_ws/install/aruco_markers_msgs/share/aruco_markers_msgs/cmake/aruco_markers_msgs__rosidl_typesupport_introspection_cppExport-noconfig.cmake
[33.824s] -- Installing: /home/igor/gral-iiriondo/unitree_ws/install/aruco_markers_msgs/share/aruco_markers_msgs/cmake/aruco_markers_msgs__rosidl_typesupport_cppExport.cmake
[33.824s] -- Installing: /home/igor/gral-iiriondo/unitree_ws/install/aruco_markers_msgs/share/aruco_markers_msgs/cmake/aruco_markers_msgs__rosidl_typesupport_cppExport-noconfig.cmake
[33.824s] -- Installing: /home/igor/gral-iiriondo/unitree_ws/install/aruco_markers_msgs/share/aruco_markers_msgs/cmake/export_aruco_markers_msgs__rosidl_generator_pyExport.cmake
[33.825s] -- Installing: /home/igor/gral-iiriondo/unitree_ws/install/aruco_markers_msgs/share/aruco_markers_msgs/cmake/export_aruco_markers_msgs__rosidl_generator_pyExport-noconfig.cmake
[33.829s] Invoked command in '/home/igor/gral-iiriondo/unitree_ws/build/aruco_markers_msgs' returned '0': CMAKE_PREFIX_PATH=${CMAKE_PREFIX_PATH}:/home/igor/gral-iiriondo/unitree_ws/install/standing_mode:/home/igor/gral-iiriondo/unitree_ws/install/speech_to_goal:/home/igor/gral-iiriondo/unitree_ws/install/object_recognition:/home/igor/gral-iiriondo/unitree_ws/install/mapping_configuration:/home/igor/gral-iiriondo/unitree_ws/install/go1_description:/home/igor/gral-iiriondo/unitree_ws/install/asr:/home/igor/gral-iiriondo/unitree_ws/install/aruco_detector:/opt/ros/humble /usr/bin/cmake --install /home/igor/gral-iiriondo/unitree_ws/build/aruco_markers_msgs
