[2.946s] Invoking command in '/home/tknika/gral-iiriondo/unitree_ws/build/object_recognition': CMAKE_PREFIX_PATH=/home/tknika/gral-iiriondo/unitree_ws/install/object_recognition_interfaces:/home/tknika/gral-iiriondo/unitree_ws/install/speech_to_goal_interfaces:/home/tknika/gral-iiriondo/unitree_ws/install/aruco_markers_msgs LD_LIBRARY_PATH=/home/tknika/gral-iiriondo/unitree_ws/install/object_recognition_interfaces/lib:/home/tknika/gral-iiriondo/unitree_ws/install/speech_to_goal_interfaces/lib:/home/tknika/gral-iiriondo/unitree_ws/install/aruco_markers_msgs/lib:/usr/lib/aarch64-linux-gnu/nvidia:/usr/local/cuda/lib64:/opt/ros/humble/opt/rviz_ogre_vendor/lib:/opt/ros/humble/lib/aarch64-linux-gnu:/opt/ros/humble/lib:/usr/local/cuda-12.6/lib64 PYTHONPATH=/home/tknika/gral-iiriondo/unitree_ws/build/object_recognition/prefix_override:/usr/lib/python3/dist-packages/colcon_core/task/python/colcon_distutils_commands:/home/tknika/gral-iiriondo/unitree_ws/install/object_recognition/lib/python3.10/site-packages:${PYTHONPATH} /usr/bin/python3 -W ignore:setup.py install is deprecated -W ignore:easy_install command is deprecated setup.py develop --editable --build-directory /home/tknika/gral-iiriondo/unitree_ws/build/object_recognition/build --no-deps symlink_data
[3.340s] /home/tknika/.local/lib/python3.10/site-packages/setuptools/_distutils/dist.py:289: UserWarning: Unknown distribution option: 'tests_require'
[3.341s]   warnings.warn(msg)
[3.666s] running develop
[4.062s] running egg_info
[4.094s] writing object_recognition.egg-info/PKG-INFO
[4.095s] writing dependency_links to object_recognition.egg-info/dependency_links.txt
[4.095s] writing entry points to object_recognition.egg-info/entry_points.txt
[4.095s] writing requirements to object_recognition.egg-info/requires.txt
[4.096s] writing top-level names to object_recognition.egg-info/top_level.txt
[4.164s] reading manifest file 'object_recognition.egg-info/SOURCES.txt'
[4.167s] writing manifest file 'object_recognition.egg-info/SOURCES.txt'
[4.202s] running build_ext
[4.202s] Creating /home/tknika/gral-iiriondo/unitree_ws/install/object_recognition/lib/python3.10/site-packages/object-recognition.egg-link (link to .)
[4.204s] Installing object_recognition_vit_node script to /home/tknika/gral-iiriondo/unitree_ws/install/object_recognition/lib/object_recognition
[4.204s] Installing object_recognition_yolo_cls_node script to /home/tknika/gral-iiriondo/unitree_ws/install/object_recognition/lib/object_recognition
[4.205s] Installing object_recognition_yolo_node script to /home/tknika/gral-iiriondo/unitree_ws/install/object_recognition/lib/object_recognition
[4.206s] 
[4.206s] Installed /home/tknika/gral-iiriondo/unitree_ws/build/object_recognition
[4.207s] running symlink_data
[4.299s] Invoked command in '/home/tknika/gral-iiriondo/unitree_ws/build/object_recognition' returned '0': CMAKE_PREFIX_PATH=/home/tknika/gral-iiriondo/unitree_ws/install/object_recognition_interfaces:/home/tknika/gral-iiriondo/unitree_ws/install/speech_to_goal_interfaces:/home/tknika/gral-iiriondo/unitree_ws/install/aruco_markers_msgs LD_LIBRARY_PATH=/home/tknika/gral-iiriondo/unitree_ws/install/object_recognition_interfaces/lib:/home/tknika/gral-iiriondo/unitree_ws/install/speech_to_goal_interfaces/lib:/home/tknika/gral-iiriondo/unitree_ws/install/aruco_markers_msgs/lib:/usr/lib/aarch64-linux-gnu/nvidia:/usr/local/cuda/lib64:/opt/ros/humble/opt/rviz_ogre_vendor/lib:/opt/ros/humble/lib/aarch64-linux-gnu:/opt/ros/humble/lib:/usr/local/cuda-12.6/lib64 PYTHONPATH=/home/tknika/gral-iiriondo/unitree_ws/build/object_recognition/prefix_override:/usr/lib/python3/dist-packages/colcon_core/task/python/colcon_distutils_commands:/home/tknika/gral-iiriondo/unitree_ws/install/object_recognition/lib/python3.10/site-packages:${PYTHONPATH} /usr/bin/python3 -W ignore:setup.py install is deprecated -W ignore:easy_install command is deprecated setup.py develop --editable --build-directory /home/tknika/gral-iiriondo/unitree_ws/build/object_recognition/build --no-deps symlink_data
