[0.088s] Invoking command in '/home/tknika/gral-iiriondo-main/unitree_ws/build/aruco_markers_msgs': CMAKE_PREFIX_PATH=/opt/ros/humble PS1=\[\e]0;\u@\h: \w\a\]${debian_chroot:+($debian_chroot)}\[\033[01;32m\]\u@\h\[\033[00m\]:\[\033[01;34m\]\w\[\033[00m\]\$ VIRTUAL_ENV_PROMPT=(unitree_env) /usr/bin/cmake --build /home/tknika/gral-iiriondo-main/unitree_ws/build/aruco_markers_msgs -- -j8 -l8
[3.837s] [35m[1mConsolidate compiler generated dependencies of target aruco_markers_msgs__rosidl_generator_c[0m
[3.837s] [ 10%] Built target aruco_markers_msgs__rosidl_generator_c
[3.837s] [ 15%] Built target aruco_markers_msgs__cpp
[3.837s] [ 15%] Built target aruco_markers_msgs__rs
[3.837s] [ 15%] Built target ament_cmake_python_symlink_aruco_markers_msgs
[3.837s] [35m[1mConsolidate compiler generated dependencies of target aruco_markers_msgs__rosidl_typesupport_fastrtps_c[0m
[3.837s] [35m[1mConsolidate compiler generated dependencies of target aruco_markers_msgs__rosidl_typesupport_c[0m
[3.837s] [35m[1mConsolidate compiler generated dependencies of target aruco_markers_msgs__rosidl_typesupport_introspection_c[0m
[3.838s] [35m[1mConsolidate compiler generated dependencies of target aruco_markers_msgs__rosidl_typesupport_cpp[0m
[3.838s] [35m[1mConsolidate compiler generated dependencies of target aruco_markers_msgs__rosidl_typesupport_introspection_cpp[0m
[3.838s] [35m[1mConsolidate compiler generated dependencies of target aruco_markers_msgs__rosidl_typesupport_fastrtps_cpp[0m
[3.838s] [ 25%] Built target aruco_markers_msgs__rosidl_typesupport_c
[3.838s] [ 35%] Built target aruco_markers_msgs__rosidl_typesupport_introspection_c
[3.838s] [ 50%] Built target aruco_markers_msgs__rosidl_typesupport_fastrtps_c
[3.838s] [ 60%] Built target aruco_markers_msgs__rosidl_typesupport_introspection_cpp
[3.838s] [ 65%] Built target aruco_markers_msgs__rosidl_typesupport_cpp
[3.839s] [ 75%] Built target aruco_markers_msgs__rosidl_typesupport_fastrtps_cpp
[3.839s] [ 75%] Built target aruco_markers_msgs
[3.839s] [ 77%] Built target aruco_markers_msgs__py
[3.839s] [35m[1mConsolidate compiler generated dependencies of target aruco_markers_msgs__rosidl_generator_py[0m
[3.839s] [ 85%] Built target aruco_markers_msgs__rosidl_generator_py
[3.839s] [35m[1mConsolidate compiler generated dependencies of target aruco_markers_msgs__rosidl_typesupport_fastrtps_c__pyext[0m
[3.839s] [35m[1mConsolidate compiler generated dependencies of target aruco_markers_msgs__rosidl_typesupport_introspection_c__pyext[0m
[3.840s] [35m[1mConsolidate compiler generated dependencies of target aruco_markers_msgs__rosidl_typesupport_c__pyext[0m
[3.840s] [ 90%] Built target aruco_markers_msgs__rosidl_typesupport_fastrtps_c__pyext
[3.840s] [ 95%] Built target aruco_markers_msgs__rosidl_typesupport_c__pyext
[3.840s] [100%] Built target aruco_markers_msgs__rosidl_typesupport_introspection_c__pyext
[3.840s] running egg_info
[3.840s] writing aruco_markers_msgs.egg-info/PKG-INFO
[3.840s] writing dependency_links to aruco_markers_msgs.egg-info/dependency_links.txt
[3.840s] writing top-level names to aruco_markers_msgs.egg-info/top_level.txt
[3.840s] reading manifest file 'aruco_markers_msgs.egg-info/SOURCES.txt'
[3.841s] writing manifest file 'aruco_markers_msgs.egg-info/SOURCES.txt'
[3.841s] [100%] Built target ament_cmake_python_build_aruco_markers_msgs_egg
[3.858s] Invoked command in '/home/tknika/gral-iiriondo-main/unitree_ws/build/aruco_markers_msgs' returned '0': CMAKE_PREFIX_PATH=/opt/ros/humble PS1=\[\e]0;\u@\h: \w\a\]${debian_chroot:+($debian_chroot)}\[\033[01;32m\]\u@\h\[\033[00m\]:\[\033[01;34m\]\w\[\033[00m\]\$ VIRTUAL_ENV_PROMPT=(unitree_env) /usr/bin/cmake --build /home/tknika/gral-iiriondo-main/unitree_ws/build/aruco_markers_msgs -- -j8 -l8
[3.860s] Invoking command in '/home/tknika/gral-iiriondo-main/unitree_ws/build/aruco_markers_msgs': CMAKE_PREFIX_PATH=/opt/ros/humble PS1=\[\e]0;\u@\h: \w\a\]${debian_chroot:+($debian_chroot)}\[\033[01;32m\]\u@\h\[\033[00m\]:\[\033[01;34m\]\w\[\033[00m\]\$ VIRTUAL_ENV_PROMPT=(unitree_env) /usr/bin/cmake --install /home/tknika/gral-iiriondo-main/unitree_ws/build/aruco_markers_msgs
[3.884s] -- Install configuration: ""
[3.887s] -- Execute custom install script
[3.887s] -- Up-to-date symlink: /home/tknika/gral-iiriondo-main/unitree_ws/install/aruco_markers_msgs/share/ament_index/resource_index/rosidl_interfaces/aruco_markers_msgs
[3.888s] -- Up-to-date symlink: /home/tknika/gral-iiriondo-main/unitree_ws/install/aruco_markers_msgs/include/aruco_markers_msgs/aruco_markers_msgs/msg/detail/marker__functions.h
[3.888s] -- Up-to-date symlink: /home/tknika/gral-iiriondo-main/unitree_ws/install/aruco_markers_msgs/include/aruco_markers_msgs/aruco_markers_msgs/msg/detail/marker__struct.h
[3.888s] -- Up-to-date symlink: /home/tknika/gral-iiriondo-main/unitree_ws/install/aruco_markers_msgs/include/aruco_markers_msgs/aruco_markers_msgs/msg/detail/marker__type_support.h
[3.894s] -- Up-to-date symlink: /home/tknika/gral-iiriondo-main/unitree_ws/install/aruco_markers_msgs/include/aruco_markers_msgs/aruco_markers_msgs/msg/detail/marker_array__functions.h
[3.894s] -- Up-to-date symlink: /home/tknika/gral-iiriondo-main/unitree_ws/install/aruco_markers_msgs/include/aruco_markers_msgs/aruco_markers_msgs/msg/detail/marker_array__struct.h
[3.894s] -- Up-to-date symlink: /home/tknika/gral-iiriondo-main/unitree_ws/install/aruco_markers_msgs/include/aruco_markers_msgs/aruco_markers_msgs/msg/detail/marker_array__type_support.h
[3.894s] -- Up-to-date symlink: /home/tknika/gral-iiriondo-main/unitree_ws/install/aruco_markers_msgs/include/aruco_markers_msgs/aruco_markers_msgs/msg/marker.h
[3.895s] -- Up-to-date symlink: /home/tknika/gral-iiriondo-main/unitree_ws/install/aruco_markers_msgs/include/aruco_markers_msgs/aruco_markers_msgs/msg/marker_array.h
[3.895s] -- Up-to-date symlink: /home/tknika/gral-iiriondo-main/unitree_ws/install/aruco_markers_msgs/include/aruco_markers_msgs/aruco_markers_msgs/msg/rosidl_generator_c__visibility_control.h
[3.895s] -- Up-to-date symlink: /home/tknika/gral-iiriondo-main/unitree_ws/install/aruco_markers_msgs/share/aruco_markers_msgs/environment/library_path.sh
[3.896s] -- Up-to-date symlink: /home/tknika/gral-iiriondo-main/unitree_ws/install/aruco_markers_msgs/share/aruco_markers_msgs/environment/library_path.dsv
[3.899s] -- Up-to-date symlink: /home/tknika/gral-iiriondo-main/unitree_ws/install/aruco_markers_msgs/include/aruco_markers_msgs/aruco_markers_msgs/msg/detail/marker__rosidl_typesupport_fastrtps_c.h
[3.901s] -- Up-to-date symlink: /home/tknika/gral-iiriondo-main/unitree_ws/install/aruco_markers_msgs/include/aruco_markers_msgs/aruco_markers_msgs/msg/detail/marker_array__rosidl_typesupport_fastrtps_c.h
[3.902s] -- Up-to-date symlink: /home/tknika/gral-iiriondo-main/unitree_ws/install/aruco_markers_msgs/include/aruco_markers_msgs/aruco_markers_msgs/msg/rosidl_typesupport_fastrtps_c__visibility_control.h
[3.903s] -- Up-to-date symlink: /home/tknika/gral-iiriondo-main/unitree_ws/install/aruco_markers_msgs/include/aruco_markers_msgs/aruco_markers_msgs/msg/detail/marker__builder.hpp
[3.903s] -- Up-to-date symlink: /home/tknika/gral-iiriondo-main/unitree_ws/install/aruco_markers_msgs/include/aruco_markers_msgs/aruco_markers_msgs/msg/detail/marker__struct.hpp
[3.905s] -- Up-to-date symlink: /home/tknika/gral-iiriondo-main/unitree_ws/install/aruco_markers_msgs/include/aruco_markers_msgs/aruco_markers_msgs/msg/detail/marker__traits.hpp
[3.905s] -- Up-to-date symlink: /home/tknika/gral-iiriondo-main/unitree_ws/install/aruco_markers_msgs/include/aruco_markers_msgs/aruco_markers_msgs/msg/detail/marker__type_support.hpp
[3.905s] -- Up-to-date symlink: /home/tknika/gral-iiriondo-main/unitree_ws/install/aruco_markers_msgs/include/aruco_markers_msgs/aruco_markers_msgs/msg/detail/marker_array__builder.hpp
[3.905s] -- Up-to-date symlink: /home/tknika/gral-iiriondo-main/unitree_ws/install/aruco_markers_msgs/include/aruco_markers_msgs/aruco_markers_msgs/msg/detail/marker_array__struct.hpp
[3.905s] -- Up-to-date symlink: /home/tknika/gral-iiriondo-main/unitree_ws/install/aruco_markers_msgs/include/aruco_markers_msgs/aruco_markers_msgs/msg/detail/marker_array__traits.hpp
[3.906s] -- Up-to-date symlink: /home/tknika/gral-iiriondo-main/unitree_ws/install/aruco_markers_msgs/include/aruco_markers_msgs/aruco_markers_msgs/msg/detail/marker_array__type_support.hpp
[3.906s] -- Up-to-date symlink: /home/tknika/gral-iiriondo-main/unitree_ws/install/aruco_markers_msgs/include/aruco_markers_msgs/aruco_markers_msgs/msg/marker.hpp
[3.906s] -- Up-to-date symlink: /home/tknika/gral-iiriondo-main/unitree_ws/install/aruco_markers_msgs/include/aruco_markers_msgs/aruco_markers_msgs/msg/marker_array.hpp
[3.906s] -- Up-to-date symlink: /home/tknika/gral-iiriondo-main/unitree_ws/install/aruco_markers_msgs/include/aruco_markers_msgs/aruco_markers_msgs/msg/rosidl_generator_cpp__visibility_control.hpp
[3.908s] -- Up-to-date symlink: /home/tknika/gral-iiriondo-main/unitree_ws/install/aruco_markers_msgs/include/aruco_markers_msgs/aruco_markers_msgs/msg/detail/marker__rosidl_typesupport_fastrtps_cpp.hpp
[3.909s] -- Up-to-date symlink: /home/tknika/gral-iiriondo-main/unitree_ws/install/aruco_markers_msgs/include/aruco_markers_msgs/aruco_markers_msgs/msg/detail/marker_array__rosidl_typesupport_fastrtps_cpp.hpp
[3.910s] -- Up-to-date symlink: /home/tknika/gral-iiriondo-main/unitree_ws/install/aruco_markers_msgs/include/aruco_markers_msgs/aruco_markers_msgs/msg/rosidl_typesupport_fastrtps_cpp__visibility_control.h
[3.910s] -- Up-to-date symlink: /home/tknika/gral-iiriondo-main/unitree_ws/install/aruco_markers_msgs/include/aruco_markers_msgs/aruco_markers_msgs/msg/detail/marker__rosidl_typesupport_introspection_c.h
[3.911s] -- Up-to-date symlink: /home/tknika/gral-iiriondo-main/unitree_ws/install/aruco_markers_msgs/include/aruco_markers_msgs/aruco_markers_msgs/msg/detail/marker_array__rosidl_typesupport_introspection_c.h
[3.911s] -- Up-to-date symlink: /home/tknika/gral-iiriondo-main/unitree_ws/install/aruco_markers_msgs/include/aruco_markers_msgs/aruco_markers_msgs/msg/rosidl_typesupport_introspection_c__visibility_control.h
[3.912s] -- Up-to-date symlink: /home/tknika/gral-iiriondo-main/unitree_ws/install/aruco_markers_msgs/include/aruco_markers_msgs/aruco_markers_msgs/msg/detail/marker__rosidl_typesupport_introspection_cpp.hpp
[3.913s] -- Up-to-date symlink: /home/tknika/gral-iiriondo-main/unitree_ws/install/aruco_markers_msgs/include/aruco_markers_msgs/aruco_markers_msgs/msg/detail/marker_array__rosidl_typesupport_introspection_cpp.hpp
[3.913s] -- Up-to-date symlink: /home/tknika/gral-iiriondo-main/unitree_ws/install/aruco_markers_msgs/share/aruco_markers_msgs/environment/pythonpath.sh
[3.913s] -- Up-to-date symlink: /home/tknika/gral-iiriondo-main/unitree_ws/install/aruco_markers_msgs/share/aruco_markers_msgs/environment/pythonpath.dsv
[3.914s] -- Up-to-date symlink: /home/tknika/gral-iiriondo-main/unitree_ws/install/aruco_markers_msgs/local/lib/python3.10/dist-packages/aruco_markers_msgs-0.0.3-py3.10.egg-info/PKG-INFO
[3.914s] -- Up-to-date symlink: /home/tknika/gral-iiriondo-main/unitree_ws/install/aruco_markers_msgs/local/lib/python3.10/dist-packages/aruco_markers_msgs-0.0.3-py3.10.egg-info/SOURCES.txt
[3.914s] -- Up-to-date symlink: /home/tknika/gral-iiriondo-main/unitree_ws/install/aruco_markers_msgs/local/lib/python3.10/dist-packages/aruco_markers_msgs-0.0.3-py3.10.egg-info/dependency_links.txt
[3.915s] -- Up-to-date symlink: /home/tknika/gral-iiriondo-main/unitree_ws/install/aruco_markers_msgs/local/lib/python3.10/dist-packages/aruco_markers_msgs-0.0.3-py3.10.egg-info/top_level.txt
[3.915s] -- Up-to-date symlink: /home/tknika/gral-iiriondo-main/unitree_ws/install/aruco_markers_msgs/local/lib/python3.10/dist-packages/aruco_markers_msgs/__init__.py
[3.916s] -- Up-to-date symlink: /home/tknika/gral-iiriondo-main/unitree_ws/install/aruco_markers_msgs/local/lib/python3.10/dist-packages/aruco_markers_msgs/_aruco_markers_msgs_s.ep.rosidl_typesupport_c.c
[3.916s] -- Up-to-date symlink: /home/tknika/gral-iiriondo-main/unitree_ws/install/aruco_markers_msgs/local/lib/python3.10/dist-packages/aruco_markers_msgs/_aruco_markers_msgs_s.ep.rosidl_typesupport_fastrtps_c.c
[3.916s] -- Up-to-date symlink: /home/tknika/gral-iiriondo-main/unitree_ws/install/aruco_markers_msgs/local/lib/python3.10/dist-packages/aruco_markers_msgs/_aruco_markers_msgs_s.ep.rosidl_typesupport_introspection_c.c
[3.917s] -- Up-to-date symlink: /home/tknika/gral-iiriondo-main/unitree_ws/install/aruco_markers_msgs/local/lib/python3.10/dist-packages/aruco_markers_msgs/aruco_markers_msgs_s__rosidl_typesupport_c.cpython-310-aarch64-linux-gnu.so
[3.917s] -- Up-to-date symlink: /home/tknika/gral-iiriondo-main/unitree_ws/install/aruco_markers_msgs/local/lib/python3.10/dist-packages/aruco_markers_msgs/aruco_markers_msgs_s__rosidl_typesupport_fastrtps_c.cpython-310-aarch64-linux-gnu.so
[3.917s] -- Up-to-date symlink: /home/tknika/gral-iiriondo-main/unitree_ws/install/aruco_markers_msgs/local/lib/python3.10/dist-packages/aruco_markers_msgs/aruco_markers_msgs_s__rosidl_typesupport_introspection_c.cpython-310-aarch64-linux-gnu.so
[3.926s] -- Up-to-date symlink: /home/tknika/gral-iiriondo-main/unitree_ws/install/aruco_markers_msgs/local/lib/python3.10/dist-packages/aruco_markers_msgs/libaruco_markers_msgs__rosidl_generator_py.so
[3.927s] -- Up-to-date symlink: /home/tknika/gral-iiriondo-main/unitree_ws/install/aruco_markers_msgs/local/lib/python3.10/dist-packages/aruco_markers_msgs/msg/__init__.py
[3.929s] -- Up-to-date symlink: /home/tknika/gral-iiriondo-main/unitree_ws/install/aruco_markers_msgs/local/lib/python3.10/dist-packages/aruco_markers_msgs/msg/_marker.py
[3.931s] -- Up-to-date symlink: /home/tknika/gral-iiriondo-main/unitree_ws/install/aruco_markers_msgs/local/lib/python3.10/dist-packages/aruco_markers_msgs/msg/_marker_array.py
[3.932s] -- Up-to-date symlink: /home/tknika/gral-iiriondo-main/unitree_ws/install/aruco_markers_msgs/local/lib/python3.10/dist-packages/aruco_markers_msgs/msg/_marker_array_s.c
[3.938s] -- Up-to-date symlink: /home/tknika/gral-iiriondo-main/unitree_ws/install/aruco_markers_msgs/local/lib/python3.10/dist-packages/aruco_markers_msgs/msg/_marker_s.c
[3.941s] -- Up-to-date symlink: /home/tknika/gral-iiriondo-main/unitree_ws/install/aruco_markers_msgs/local/lib/python3.10/dist-packages/aruco_markers_msgs/aruco_markers_msgs_s__rosidl_typesupport_fastrtps_c.cpython-310-aarch64-linux-gnu.so
[3.943s] -- Up-to-date symlink: /home/tknika/gral-iiriondo-main/unitree_ws/install/aruco_markers_msgs/local/lib/python3.10/dist-packages/aruco_markers_msgs/aruco_markers_msgs_s__rosidl_typesupport_introspection_c.cpython-310-aarch64-linux-gnu.so
[3.946s] -- Up-to-date symlink: /home/tknika/gral-iiriondo-main/unitree_ws/install/aruco_markers_msgs/local/lib/python3.10/dist-packages/aruco_markers_msgs/aruco_markers_msgs_s__rosidl_typesupport_c.cpython-310-aarch64-linux-gnu.so
[3.947s] -- Up-to-date symlink: /home/tknika/gral-iiriondo-main/unitree_ws/install/aruco_markers_msgs/share/ament_index/resource_index/rust_packages/aruco_markers_msgs
[3.954s] -- Up-to-date symlink: /home/tknika/gral-iiriondo-main/unitree_ws/install/aruco_markers_msgs/share/aruco_markers_msgs/rust/Cargo.toml
[3.954s] -- Up-to-date symlink: /home/tknika/gral-iiriondo-main/unitree_ws/install/aruco_markers_msgs/share/aruco_markers_msgs/rust/build.rs
[3.954s] -- Up-to-date symlink: /home/tknika/gral-iiriondo-main/unitree_ws/install/aruco_markers_msgs/share/aruco_markers_msgs/rust/src/lib.rs
[3.954s] -- Up-to-date symlink: /home/tknika/gral-iiriondo-main/unitree_ws/install/aruco_markers_msgs/share/aruco_markers_msgs/rust/src/msg.rs
[3.955s] -- Up-to-date symlink: /home/tknika/gral-iiriondo-main/unitree_ws/install/aruco_markers_msgs/share/aruco_markers_msgs/rust/src/msg/rmw.rs
[3.955s] -- Up-to-date symlink: /home/tknika/gral-iiriondo-main/unitree_ws/install/aruco_markers_msgs/share/aruco_markers_msgs/msg/Marker.idl
[3.955s] -- Up-to-date symlink: /home/tknika/gral-iiriondo-main/unitree_ws/install/aruco_markers_msgs/share/aruco_markers_msgs/msg/MarkerArray.idl
[3.955s] -- Up-to-date symlink: /home/tknika/gral-iiriondo-main/unitree_ws/install/aruco_markers_msgs/share/aruco_markers_msgs/msg/Marker.msg
[3.956s] -- Up-to-date symlink: /home/tknika/gral-iiriondo-main/unitree_ws/install/aruco_markers_msgs/share/aruco_markers_msgs/msg/MarkerArray.msg
[3.974s] -- Up-to-date symlink: /home/tknika/gral-iiriondo-main/unitree_ws/install/aruco_markers_msgs/share/ament_index/resource_index/package_run_dependencies/aruco_markers_msgs
[3.984s] -- Up-to-date symlink: /home/tknika/gral-iiriondo-main/unitree_ws/install/aruco_markers_msgs/share/ament_index/resource_index/parent_prefix_path/aruco_markers_msgs
[3.987s] -- Up-to-date symlink: /home/tknika/gral-iiriondo-main/unitree_ws/install/aruco_markers_msgs/share/aruco_markers_msgs/environment/ament_prefix_path.sh
[3.987s] -- Up-to-date symlink: /home/tknika/gral-iiriondo-main/unitree_ws/install/aruco_markers_msgs/share/aruco_markers_msgs/environment/ament_prefix_path.dsv
[3.989s] -- Up-to-date symlink: /home/tknika/gral-iiriondo-main/unitree_ws/install/aruco_markers_msgs/share/aruco_markers_msgs/environment/path.sh
[3.991s] -- Up-to-date symlink: /home/tknika/gral-iiriondo-main/unitree_ws/install/aruco_markers_msgs/share/aruco_markers_msgs/environment/path.dsv
[3.993s] -- Up-to-date symlink: /home/tknika/gral-iiriondo-main/unitree_ws/install/aruco_markers_msgs/share/aruco_markers_msgs/local_setup.bash
[4.018s] -- Up-to-date symlink: /home/tknika/gral-iiriondo-main/unitree_ws/install/aruco_markers_msgs/share/aruco_markers_msgs/local_setup.sh
[4.043s] -- Up-to-date symlink: /home/tknika/gral-iiriondo-main/unitree_ws/install/aruco_markers_msgs/share/aruco_markers_msgs/local_setup.zsh
[4.049s] -- Up-to-date symlink: /home/tknika/gral-iiriondo-main/unitree_ws/install/aruco_markers_msgs/share/aruco_markers_msgs/local_setup.dsv
[4.049s] -- Symlinking: /home/tknika/gral-iiriondo-main/unitree_ws/install/aruco_markers_msgs/share/aruco_markers_msgs/package.dsv
[4.071s] -- Up-to-date symlink: /home/tknika/gral-iiriondo-main/unitree_ws/install/aruco_markers_msgs/share/ament_index/resource_index/packages/aruco_markers_msgs
[4.071s] -- Up-to-date symlink: /home/tknika/gral-iiriondo-main/unitree_ws/install/aruco_markers_msgs/share/aruco_markers_msgs/cmake/rosidl_cmake-extras.cmake
[4.071s] -- Up-to-date symlink: /home/tknika/gral-iiriondo-main/unitree_ws/install/aruco_markers_msgs/share/aruco_markers_msgs/cmake/ament_cmake_export_dependencies-extras.cmake
[4.071s] -- Up-to-date symlink: /home/tknika/gral-iiriondo-main/unitree_ws/install/aruco_markers_msgs/share/aruco_markers_msgs/cmake/ament_cmake_export_include_directories-extras.cmake
[4.072s] -- Up-to-date symlink: /home/tknika/gral-iiriondo-main/unitree_ws/install/aruco_markers_msgs/share/aruco_markers_msgs/cmake/ament_cmake_export_libraries-extras.cmake
[4.072s] -- Up-to-date symlink: /home/tknika/gral-iiriondo-main/unitree_ws/install/aruco_markers_msgs/share/aruco_markers_msgs/cmake/ament_cmake_export_targets-extras.cmake
[4.072s] -- Up-to-date symlink: /home/tknika/gral-iiriondo-main/unitree_ws/install/aruco_markers_msgs/share/aruco_markers_msgs/cmake/rosidl_cmake_export_typesupport_targets-extras.cmake
[4.073s] -- Up-to-date symlink: /home/tknika/gral-iiriondo-main/unitree_ws/install/aruco_markers_msgs/share/aruco_markers_msgs/cmake/rosidl_cmake_export_typesupport_libraries-extras.cmake
[4.073s] -- Up-to-date symlink: /home/tknika/gral-iiriondo-main/unitree_ws/install/aruco_markers_msgs/share/aruco_markers_msgs/cmake/aruco_markers_msgsConfig.cmake
[4.074s] -- Up-to-date symlink: /home/tknika/gral-iiriondo-main/unitree_ws/install/aruco_markers_msgs/share/aruco_markers_msgs/cmake/aruco_markers_msgsConfig-version.cmake
[4.074s] -- Up-to-date symlink: /home/tknika/gral-iiriondo-main/unitree_ws/install/aruco_markers_msgs/share/aruco_markers_msgs/package.xml
[4.074s] -- Up-to-date: /home/tknika/gral-iiriondo-main/unitree_ws/install/aruco_markers_msgs/lib/libaruco_markers_msgs__rosidl_generator_c.so
[4.074s] -- Up-to-date: /home/tknika/gral-iiriondo-main/unitree_ws/install/aruco_markers_msgs/lib/libaruco_markers_msgs__rosidl_typesupport_fastrtps_c.so
[4.074s] -- Up-to-date: /home/tknika/gral-iiriondo-main/unitree_ws/install/aruco_markers_msgs/lib/libaruco_markers_msgs__rosidl_typesupport_fastrtps_cpp.so
[4.074s] -- Up-to-date: /home/tknika/gral-iiriondo-main/unitree_ws/install/aruco_markers_msgs/lib/libaruco_markers_msgs__rosidl_typesupport_introspection_c.so
[4.074s] -- Up-to-date: /home/tknika/gral-iiriondo-main/unitree_ws/install/aruco_markers_msgs/lib/libaruco_markers_msgs__rosidl_typesupport_c.so
[4.075s] -- Up-to-date: /home/tknika/gral-iiriondo-main/unitree_ws/install/aruco_markers_msgs/lib/libaruco_markers_msgs__rosidl_typesupport_introspection_cpp.so
[4.075s] -- Up-to-date: /home/tknika/gral-iiriondo-main/unitree_ws/install/aruco_markers_msgs/lib/libaruco_markers_msgs__rosidl_typesupport_cpp.so
[4.080s] Listing '/home/tknika/gral-iiriondo-main/unitree_ws/install/aruco_markers_msgs/local/lib/python3.10/dist-packages/aruco_markers_msgs'...
[4.080s] Listing '/home/tknika/gral-iiriondo-main/unitree_ws/install/aruco_markers_msgs/local/lib/python3.10/dist-packages/aruco_markers_msgs/msg'...
[4.080s] -- Up-to-date: /home/tknika/gral-iiriondo-main/unitree_ws/install/aruco_markers_msgs/lib/libaruco_markers_msgs__rosidl_generator_py.so
[4.081s] -- Up-to-date: /home/tknika/gral-iiriondo-main/unitree_ws/install/aruco_markers_msgs/share/aruco_markers_msgs/cmake/export_aruco_markers_msgs__rosidl_generator_cExport.cmake
[4.081s] -- Up-to-date: /home/tknika/gral-iiriondo-main/unitree_ws/install/aruco_markers_msgs/share/aruco_markers_msgs/cmake/export_aruco_markers_msgs__rosidl_generator_cExport-noconfig.cmake
[4.081s] -- Up-to-date: /home/tknika/gral-iiriondo-main/unitree_ws/install/aruco_markers_msgs/share/aruco_markers_msgs/cmake/export_aruco_markers_msgs__rosidl_typesupport_fastrtps_cExport.cmake
[4.081s] -- Up-to-date: /home/tknika/gral-iiriondo-main/unitree_ws/install/aruco_markers_msgs/share/aruco_markers_msgs/cmake/export_aruco_markers_msgs__rosidl_typesupport_fastrtps_cExport-noconfig.cmake
[4.081s] -- Up-to-date: /home/tknika/gral-iiriondo-main/unitree_ws/install/aruco_markers_msgs/share/aruco_markers_msgs/cmake/export_aruco_markers_msgs__rosidl_generator_cppExport.cmake
[4.081s] -- Up-to-date: /home/tknika/gral-iiriondo-main/unitree_ws/install/aruco_markers_msgs/share/aruco_markers_msgs/cmake/export_aruco_markers_msgs__rosidl_typesupport_fastrtps_cppExport.cmake
[4.081s] -- Up-to-date: /home/tknika/gral-iiriondo-main/unitree_ws/install/aruco_markers_msgs/share/aruco_markers_msgs/cmake/export_aruco_markers_msgs__rosidl_typesupport_fastrtps_cppExport-noconfig.cmake
[4.082s] -- Up-to-date: /home/tknika/gral-iiriondo-main/unitree_ws/install/aruco_markers_msgs/share/aruco_markers_msgs/cmake/aruco_markers_msgs__rosidl_typesupport_introspection_cExport.cmake
[4.082s] -- Up-to-date: /home/tknika/gral-iiriondo-main/unitree_ws/install/aruco_markers_msgs/share/aruco_markers_msgs/cmake/aruco_markers_msgs__rosidl_typesupport_introspection_cExport-noconfig.cmake
[4.082s] -- Up-to-date: /home/tknika/gral-iiriondo-main/unitree_ws/install/aruco_markers_msgs/share/aruco_markers_msgs/cmake/aruco_markers_msgs__rosidl_typesupport_cExport.cmake
[4.082s] -- Up-to-date: /home/tknika/gral-iiriondo-main/unitree_ws/install/aruco_markers_msgs/share/aruco_markers_msgs/cmake/aruco_markers_msgs__rosidl_typesupport_cExport-noconfig.cmake
[4.082s] -- Up-to-date: /home/tknika/gral-iiriondo-main/unitree_ws/install/aruco_markers_msgs/share/aruco_markers_msgs/cmake/aruco_markers_msgs__rosidl_typesupport_introspection_cppExport.cmake
[4.082s] -- Up-to-date: /home/tknika/gral-iiriondo-main/unitree_ws/install/aruco_markers_msgs/share/aruco_markers_msgs/cmake/aruco_markers_msgs__rosidl_typesupport_introspection_cppExport-noconfig.cmake
[4.082s] -- Up-to-date: /home/tknika/gral-iiriondo-main/unitree_ws/install/aruco_markers_msgs/share/aruco_markers_msgs/cmake/aruco_markers_msgs__rosidl_typesupport_cppExport.cmake
[4.082s] -- Up-to-date: /home/tknika/gral-iiriondo-main/unitree_ws/install/aruco_markers_msgs/share/aruco_markers_msgs/cmake/aruco_markers_msgs__rosidl_typesupport_cppExport-noconfig.cmake
[4.083s] -- Up-to-date: /home/tknika/gral-iiriondo-main/unitree_ws/install/aruco_markers_msgs/share/aruco_markers_msgs/cmake/export_aruco_markers_msgs__rosidl_generator_pyExport.cmake
[4.083s] -- Up-to-date: /home/tknika/gral-iiriondo-main/unitree_ws/install/aruco_markers_msgs/share/aruco_markers_msgs/cmake/export_aruco_markers_msgs__rosidl_generator_pyExport-noconfig.cmake
[4.083s] Invoked command in '/home/tknika/gral-iiriondo-main/unitree_ws/build/aruco_markers_msgs' returned '0': CMAKE_PREFIX_PATH=/opt/ros/humble PS1=\[\e]0;\u@\h: \w\a\]${debian_chroot:+($debian_chroot)}\[\033[01;32m\]\u@\h\[\033[00m\]:\[\033[01;34m\]\w\[\033[00m\]\$ VIRTUAL_ENV_PROMPT=(unitree_env) /usr/bin/cmake --install /home/tknika/gral-iiriondo-main/unitree_ws/build/aruco_markers_msgs
