running develop
running egg_info
creating aruco_detector.egg-info
writing aruco_detector.egg-info/PKG-INFO
writing dependency_links to aruco_detector.egg-info/dependency_links.txt
writing entry points to aruco_detector.egg-info/entry_points.txt
writing requirements to aruco_detector.egg-info/requires.txt
writing top-level names to aruco_detector.egg-info/top_level.txt
writing manifest file 'aruco_detector.egg-info/SOURCES.txt'
reading manifest file 'aruco_detector.egg-info/SOURCES.txt'
writing manifest file 'aruco_detector.egg-info/SOURCES.txt'
running build_ext
Creating /home/tknika/gral-iiriondo-main/unitree_ws/install/aruco_detector/lib/python3.10/site-packages/aruco-detector.egg-link (link to .)
Installing aruco_detector_node script to /home/tknika/gral-iiriondo-main/unitree_ws/install/aruco_detector/lib/aruco_detector
Installing aruco_mapper_node script to /home/tknika/gral-iiriondo-main/unitree_ws/install/aruco_detector/lib/aruco_detector

Installed /home/tknika/gral-iiriondo-main/unitree_ws/build/aruco_detector
running symlink_data
creating /home/tknika/gral-iiriondo-main/unitree_ws/install/aruco_detector/share/ament_index
creating /home/tknika/gral-iiriondo-main/unitree_ws/install/aruco_detector/share/ament_index/resource_index
creating /home/tknika/gral-iiriondo-main/unitree_ws/install/aruco_detector/share/ament_index/resource_index/packages
symbolically linking /home/tknika/gral-iiriondo-main/unitree_ws/build/aruco_detector/resource/aruco_detector -> /home/tknika/gral-iiriondo-main/unitree_ws/install/aruco_detector/share/ament_index/resource_index/packages
symbolically linking /home/tknika/gral-iiriondo-main/unitree_ws/build/aruco_detector/package.xml -> /home/tknika/gral-iiriondo-main/unitree_ws/install/aruco_detector/share/aruco_detector
creating /home/tknika/gral-iiriondo-main/unitree_ws/install/aruco_detector/share/aruco_detector/launch
symbolically linking /home/tknika/gral-iiriondo-main/unitree_ws/build/aruco_detector/launch/aruco_detector.launch.py -> /home/tknika/gral-iiriondo-main/unitree_ws/install/aruco_detector/share/aruco_detector/launch
symbolically linking /home/tknika/gral-iiriondo-main/unitree_ws/build/aruco_detector/launch/aruco_full.launch.py -> /home/tknika/gral-iiriondo-main/unitree_ws/install/aruco_detector/share/aruco_detector/launch
creating /home/tknika/gral-iiriondo-main/unitree_ws/install/aruco_detector/share/aruco_detector/config
symbolically linking /home/tknika/gral-iiriondo-main/unitree_ws/build/aruco_detector/config/aruco_detector.yaml -> /home/tknika/gral-iiriondo-main/unitree_ws/install/aruco_detector/share/aruco_detector/config
symbolically linking /home/tknika/gral-iiriondo-main/unitree_ws/build/aruco_detector/config/proba.yaml -> /home/tknika/gral-iiriondo-main/unitree_ws/install/aruco_detector/share/aruco_detector/config
