[2.823s] Invoking command in '/home/tknika/gral-iiriondo-main/unitree_ws/build/aruco_detector': CMAKE_PREFIX_PATH=/home/tknika/gral-iiriondo-main/unitree_ws/install/aruco_markers_msgs:/home/tknika/gral-iiriondo-main/unitree_ws/install/speech_to_goal_interfaces:/home/tknika/gral-iiriondo-main/unitree_ws/install/object_recognition_interfaces LD_LIBRARY_PATH=/home/tknika/gral-iiriondo-main/unitree_ws/install/aruco_markers_msgs/lib:/home/tknika/gral-iiriondo-main/unitree_ws/install/speech_to_goal_interfaces/lib:/home/tknika/gral-iiriondo-main/unitree_ws/install/object_recognition_interfaces/lib:/usr/lib/aarch64-linux-gnu/nvidia:/usr/local/cuda/lib64:/opt/ros/humble/opt/rviz_ogre_vendor/lib:/opt/ros/humble/lib/aarch64-linux-gnu:/opt/ros/humble/lib:/usr/local/cuda-12.6/lib64:/usr/lib/aarch64-linux-gnu/nvid PS1=\[\e]0;\u@\h: \w\a\]${debian_chroot:+($debian_chroot)}\[\033[01;32m\]\u@\h\[\033[00m\]:\[\033[01;34m\]\w\[\033[00m\]\$ PYTHONPATH=/home/tknika/gral-iiriondo-main/unitree_ws/build/aruco_detector/prefix_override:/usr/lib/python3/dist-packages/colcon_core/task/python/colcon_distutils_commands:/home/tknika/gral-iiriondo-main/unitree_ws/install/aruco_detector/lib/python3.10/site-packages:${PYTHONPATH} VIRTUAL_ENV_PROMPT=(unitree_env) /usr/bin/python3 -W ignore:setup.py install is deprecated -W ignore:easy_install command is deprecated setup.py develop --editable --build-directory /home/tknika/gral-iiriondo-main/unitree_ws/build/aruco_detector/build --no-deps symlink_data
[3.856s] running develop
[4.504s] running egg_info
[4.505s] creating aruco_detector.egg-info
[4.547s] writing aruco_detector.egg-info/PKG-INFO
[4.547s] writing dependency_links to aruco_detector.egg-info/dependency_links.txt
[4.548s] writing entry points to aruco_detector.egg-info/entry_points.txt
[4.548s] writing requirements to aruco_detector.egg-info/requires.txt
[4.549s] writing top-level names to aruco_detector.egg-info/top_level.txt
[4.549s] writing manifest file 'aruco_detector.egg-info/SOURCES.txt'
[4.636s] reading manifest file 'aruco_detector.egg-info/SOURCES.txt'
[4.638s] writing manifest file 'aruco_detector.egg-info/SOURCES.txt'
[4.683s] running build_ext
[4.684s] Creating /home/tknika/gral-iiriondo-main/unitree_ws/install/aruco_detector/lib/python3.10/site-packages/aruco-detector.egg-link (link to .)
[4.684s] Installing aruco_detector_node script to /home/tknika/gral-iiriondo-main/unitree_ws/install/aruco_detector/lib/aruco_detector
[4.685s] Installing aruco_mapper_node script to /home/tknika/gral-iiriondo-main/unitree_ws/install/aruco_detector/lib/aruco_detector
[4.685s] 
[4.685s] Installed /home/tknika/gral-iiriondo-main/unitree_ws/build/aruco_detector
[4.686s] running symlink_data
[4.686s] creating /home/tknika/gral-iiriondo-main/unitree_ws/install/aruco_detector/share/ament_index
[4.687s] creating /home/tknika/gral-iiriondo-main/unitree_ws/install/aruco_detector/share/ament_index/resource_index
[4.687s] creating /home/tknika/gral-iiriondo-main/unitree_ws/install/aruco_detector/share/ament_index/resource_index/packages
[4.687s] symbolically linking /home/tknika/gral-iiriondo-main/unitree_ws/build/aruco_detector/resource/aruco_detector -> /home/tknika/gral-iiriondo-main/unitree_ws/install/aruco_detector/share/ament_index/resource_index/packages
[4.688s] symbolically linking /home/tknika/gral-iiriondo-main/unitree_ws/build/aruco_detector/package.xml -> /home/tknika/gral-iiriondo-main/unitree_ws/install/aruco_detector/share/aruco_detector
[4.688s] creating /home/tknika/gral-iiriondo-main/unitree_ws/install/aruco_detector/share/aruco_detector/launch
[4.688s] symbolically linking /home/tknika/gral-iiriondo-main/unitree_ws/build/aruco_detector/launch/aruco_detector.launch.py -> /home/tknika/gral-iiriondo-main/unitree_ws/install/aruco_detector/share/aruco_detector/launch
[4.688s] symbolically linking /home/tknika/gral-iiriondo-main/unitree_ws/build/aruco_detector/launch/aruco_full.launch.py -> /home/tknika/gral-iiriondo-main/unitree_ws/install/aruco_detector/share/aruco_detector/launch
[4.689s] creating /home/tknika/gral-iiriondo-main/unitree_ws/install/aruco_detector/share/aruco_detector/config
[4.689s] symbolically linking /home/tknika/gral-iiriondo-main/unitree_ws/build/aruco_detector/config/aruco_detector.yaml -> /home/tknika/gral-iiriondo-main/unitree_ws/install/aruco_detector/share/aruco_detector/config
[4.689s] symbolically linking /home/tknika/gral-iiriondo-main/unitree_ws/build/aruco_detector/config/proba.yaml -> /home/tknika/gral-iiriondo-main/unitree_ws/install/aruco_detector/share/aruco_detector/config
[4.858s] Invoked command in '/home/tknika/gral-iiriondo-main/unitree_ws/build/aruco_detector' returned '0': CMAKE_PREFIX_PATH=/home/tknika/gral-iiriondo-main/unitree_ws/install/aruco_markers_msgs:/home/tknika/gral-iiriondo-main/unitree_ws/install/speech_to_goal_interfaces:/home/tknika/gral-iiriondo-main/unitree_ws/install/object_recognition_interfaces LD_LIBRARY_PATH=/home/tknika/gral-iiriondo-main/unitree_ws/install/aruco_markers_msgs/lib:/home/tknika/gral-iiriondo-main/unitree_ws/install/speech_to_goal_interfaces/lib:/home/tknika/gral-iiriondo-main/unitree_ws/install/object_recognition_interfaces/lib:/usr/lib/aarch64-linux-gnu/nvidia:/usr/local/cuda/lib64:/opt/ros/humble/opt/rviz_ogre_vendor/lib:/opt/ros/humble/lib/aarch64-linux-gnu:/opt/ros/humble/lib:/usr/local/cuda-12.6/lib64:/usr/lib/aarch64-linux-gnu/nvid PS1=\[\e]0;\u@\h: \w\a\]${debian_chroot:+($debian_chroot)}\[\033[01;32m\]\u@\h\[\033[00m\]:\[\033[01;34m\]\w\[\033[00m\]\$ PYTHONPATH=/home/tknika/gral-iiriondo-main/unitree_ws/build/aruco_detector/prefix_override:/usr/lib/python3/dist-packages/colcon_core/task/python/colcon_distutils_commands:/home/tknika/gral-iiriondo-main/unitree_ws/install/aruco_detector/lib/python3.10/site-packages:${PYTHONPATH} VIRTUAL_ENV_PROMPT=(unitree_env) /usr/bin/python3 -W ignore:setup.py install is deprecated -W ignore:easy_install command is deprecated setup.py develop --editable --build-directory /home/tknika/gral-iiriondo-main/unitree_ws/build/aruco_detector/build --no-deps symlink_data
