[0.068s] Invoking command in '/home/tknika/gral-iiriondo-main/unitree_ws/build/speech_to_goal_interfaces': CMAKE_PREFIX_PATH=${CMAKE_PREFIX_PATH}:/home/tknika/gral-iiriondo-main/unitree_ws/install/standing_mode:/home/tknika/gral-iiriondo-main/unitree_ws/install/speech_to_goal:/home/tknika/gral-iiriondo-main/unitree_ws/install/object_recognition:/home/tknika/gral-iiriondo-main/unitree_ws/install/mapping_configuration:/home/tknika/gral-iiriondo-main/unitree_ws/install/go1_description:/home/tknika/gral-iiriondo-main/unitree_ws/install/asr:/home/tknika/gral-iiriondo-main/unitree_ws/install/aruco_detector:/opt/ros/humble PS1=\[\e]0;\u@\h: \w\a\]${debian_chroot:+($debian_chroot)}\[\033[01;32m\]\u@\h\[\033[00m\]:\[\033[01;34m\]\w\[\033[00m\]\$ VIRTUAL_ENV_PROMPT=(unitree_env) /usr/bin/cmake /home/tknika/gral-iiriondo-main/unitree_ws/src/speech_to_goal_interfaces -DAMENT_CMAKE_SYMLINK_INSTALL=1 -DCMAKE_INSTALL_PREFIX=/home/tknika/gral-iiriondo-main/unitree_ws/install/speech_to_goal_interfaces
[3.504s] -- The C compiler identification is GNU 11.4.0
[3.505s] -- The CXX compiler identification is GNU 11.4.0
[3.505s] -- Detecting C compiler ABI info
[3.505s] -- Detecting C compiler ABI info - done
[3.505s] -- Check for working C compiler: /usr/bin/cc - skipped
[3.505s] -- Detecting C compile features
[3.505s] -- Detecting C compile features - done
[3.505s] -- Detecting CXX compiler ABI info
[3.506s] -- Detecting CXX compiler ABI info - done
[3.506s] -- Check for working CXX compiler: /usr/bin/c++ - skipped
[3.506s] -- Detecting CXX compile features
[3.506s] -- Detecting CXX compile features - done
[3.506s] -- Found ament_cmake: 1.3.14 (/opt/ros/humble/share/ament_cmake/cmake)
[3.506s] -- Found Python3: /usr/bin/python3 (found version "3.10.12") found components: Interpreter 
[3.506s] -- Override CMake install command with custom implementation using symlinks instead of copying resources
[3.506s] -- Found rosidl_default_generators: 1.2.1 (/opt/ros/humble/share/rosidl_default_generators/cmake)
[3.507s] -- Using all available rosidl_typesupport_c: rosidl_typesupport_fastrtps_c;rosidl_typesupport_introspection_c
[3.507s] -- Found rosidl_adapter: 3.1.8 (/opt/ros/humble/share/rosidl_adapter/cmake)
[3.507s] -- Using all available rosidl_typesupport_cpp: rosidl_typesupport_fastrtps_cpp;rosidl_typesupport_introspection_cpp
[3.507s] -- Found ament_cmake_ros: 0.10.0 (/opt/ros/humble/share/ament_cmake_ros/cmake)
[3.620s] -- Using all available rosidl_typesupport_c: rosidl_typesupport_fastrtps_c;rosidl_typesupport_introspection_c
[4.164s] -- Using all available rosidl_typesupport_cpp: rosidl_typesupport_fastrtps_cpp;rosidl_typesupport_introspection_cpp
[4.221s] -- Found PythonInterp: /usr/bin/python3 (found suitable version "3.10.12", minimum required is "3.6") 
[4.224s] -- Found python_cmake_module: 0.10.0 (/opt/ros/humble/share/python_cmake_module/cmake)
[4.282s] -- Found PythonLibs: /usr/lib/aarch64-linux-gnu/libpython3.10.so (found suitable version "3.10.12", minimum required is "3.5") 
[4.284s] -- Using PYTHON_EXECUTABLE: /usr/bin/python3
[4.284s] -- Using PYTHON_INCLUDE_DIRS: /usr/include/python3.10
[4.284s] -- Using PYTHON_LIBRARIES: /usr/lib/aarch64-linux-gnu/libpython3.10.so
[4.336s] -- Found PythonExtra: .so  
[4.593s] -- Configuring done
[4.699s] -- Generating done
[4.722s] -- Build files have been written to: /home/tknika/gral-iiriondo-main/unitree_ws/build/speech_to_goal_interfaces
[4.759s] Invoked command in '/home/tknika/gral-iiriondo-main/unitree_ws/build/speech_to_goal_interfaces' returned '0': CMAKE_PREFIX_PATH=${CMAKE_PREFIX_PATH}:/home/tknika/gral-iiriondo-main/unitree_ws/install/standing_mode:/home/tknika/gral-iiriondo-main/unitree_ws/install/speech_to_goal:/home/tknika/gral-iiriondo-main/unitree_ws/install/object_recognition:/home/tknika/gral-iiriondo-main/unitree_ws/install/mapping_configuration:/home/tknika/gral-iiriondo-main/unitree_ws/install/go1_description:/home/tknika/gral-iiriondo-main/unitree_ws/install/asr:/home/tknika/gral-iiriondo-main/unitree_ws/install/aruco_detector:/opt/ros/humble PS1=\[\e]0;\u@\h: \w\a\]${debian_chroot:+($debian_chroot)}\[\033[01;32m\]\u@\h\[\033[00m\]:\[\033[01;34m\]\w\[\033[00m\]\$ VIRTUAL_ENV_PROMPT=(unitree_env) /usr/bin/cmake /home/tknika/gral-iiriondo-main/unitree_ws/src/speech_to_goal_interfaces -DAMENT_CMAKE_SYMLINK_INSTALL=1 -DCMAKE_INSTALL_PREFIX=/home/tknika/gral-iiriondo-main/unitree_ws/install/speech_to_goal_interfaces
[4.760s] Invoking command in '/home/tknika/gral-iiriondo-main/unitree_ws/build/speech_to_goal_interfaces': CMAKE_PREFIX_PATH=${CMAKE_PREFIX_PATH}:/home/tknika/gral-iiriondo-main/unitree_ws/install/standing_mode:/home/tknika/gral-iiriondo-main/unitree_ws/install/speech_to_goal:/home/tknika/gral-iiriondo-main/unitree_ws/install/object_recognition:/home/tknika/gral-iiriondo-main/unitree_ws/install/mapping_configuration:/home/tknika/gral-iiriondo-main/unitree_ws/install/go1_description:/home/tknika/gral-iiriondo-main/unitree_ws/install/asr:/home/tknika/gral-iiriondo-main/unitree_ws/install/aruco_detector:/opt/ros/humble PS1=\[\e]0;\u@\h: \w\a\]${debian_chroot:+($debian_chroot)}\[\033[01;32m\]\u@\h\[\033[00m\]:\[\033[01;34m\]\w\[\033[00m\]\$ VIRTUAL_ENV_PROMPT=(unitree_env) /usr/bin/cmake --build /home/tknika/gral-iiriondo-main/unitree_ws/build/speech_to_goal_interfaces -- -j8 -l8
[4.908s] [  2%] [34m[1mGenerating Rust code for ROS interfaces[0m
[4.930s] [  4%] [34m[1mGenerating C++ code for ROS interfaces[0m
[4.932s] [  6%] [34m[1mGenerating C code for ROS interfaces[0m
[5.072s] [  6%] Built target ament_cmake_python_symlink_speech_to_goal_interfaces
[6.694s] [  6%] Built target speech_to_goal_interfaces__rs
[7.186s] [  6%] Built target speech_to_goal_interfaces__cpp
[7.230s] [  8%] [34m[1mGenerating C++ introspection for ROS interfaces[0m
[7.284s] [ 10%] [34m[1mGenerating C++ type support dispatch for ROS interfaces[0m
[7.294s] running egg_info
[7.345s] [ 12%] [34m[1mGenerating C++ type support for eProsima Fast-RTPS[0m
[7.393s] creating speech_to_goal_interfaces.egg-info
[7.566s] writing speech_to_goal_interfaces.egg-info/PKG-INFO
[7.566s] writing dependency_links to speech_to_goal_interfaces.egg-info/dependency_links.txt
[7.567s] writing top-level names to speech_to_goal_interfaces.egg-info/top_level.txt
[7.567s] writing manifest file 'speech_to_goal_interfaces.egg-info/SOURCES.txt'
[7.847s] [ 14%] [32mBuilding C object CMakeFiles/speech_to_goal_interfaces__rosidl_generator_c.dir/rosidl_generator_c/speech_to_goal_interfaces/msg/detail/waypoint__functions.c.o[0m
[7.881s] reading manifest file 'speech_to_goal_interfaces.egg-info/SOURCES.txt'
[7.892s] writing manifest file 'speech_to_goal_interfaces.egg-info/SOURCES.txt'
[7.917s] [ 16%] [32mBuilding C object CMakeFiles/speech_to_goal_interfaces__rosidl_generator_c.dir/rosidl_generator_c/speech_to_goal_interfaces/srv/detail/llm_query__functions.c.o[0m
[7.930s] [ 18%] [32mBuilding C object CMakeFiles/speech_to_goal_interfaces__rosidl_generator_c.dir/rosidl_generator_c/speech_to_goal_interfaces/srv/detail/detect_intent__functions.c.o[0m
[8.278s] [ 20%] [32m[1mLinking C shared library libspeech_to_goal_interfaces__rosidl_generator_c.so[0m
[8.332s] [ 20%] Built target ament_cmake_python_build_speech_to_goal_interfaces_egg
[8.560s] [ 20%] Built target speech_to_goal_interfaces__rosidl_generator_c
[8.655s] [ 22%] [34m[1mGenerating C type support dispatch for ROS interfaces[0m
[8.659s] [ 25%] [34m[1mGenerating C type support for eProsima Fast-RTPS[0m
[8.703s] [ 27%] [34m[1mGenerating C introspection for ROS interfaces[0m
[9.933s] [ 29%] [32mBuilding CXX object CMakeFiles/speech_to_goal_interfaces__rosidl_typesupport_cpp.dir/rosidl_typesupport_cpp/speech_to_goal_interfaces/msg/waypoint__type_support.cpp.o[0m
[9.947s] [ 31%] [32mBuilding CXX object CMakeFiles/speech_to_goal_interfaces__rosidl_typesupport_cpp.dir/rosidl_typesupport_cpp/speech_to_goal_interfaces/srv/llm_query__type_support.cpp.o[0m
[9.980s] [ 33%] [32mBuilding CXX object CMakeFiles/speech_to_goal_interfaces__rosidl_typesupport_cpp.dir/rosidl_typesupport_cpp/speech_to_goal_interfaces/srv/detect_intent__type_support.cpp.o[0m
[10.761s] [ 35%] [32mBuilding CXX object CMakeFiles/speech_to_goal_interfaces__rosidl_typesupport_introspection_cpp.dir/rosidl_typesupport_introspection_cpp/speech_to_goal_interfaces/msg/detail/waypoint__type_support.cpp.o[0m
[11.002s] [ 37%] [32mBuilding CXX object CMakeFiles/speech_to_goal_interfaces__rosidl_typesupport_fastrtps_cpp.dir/rosidl_typesupport_fastrtps_cpp/speech_to_goal_interfaces/msg/detail/dds_fastrtps/waypoint__type_support.cpp.o[0m
[11.547s] [ 39%] [32mBuilding CXX object CMakeFiles/speech_to_goal_interfaces__rosidl_typesupport_introspection_cpp.dir/rosidl_typesupport_introspection_cpp/speech_to_goal_interfaces/srv/detail/llm_query__type_support.cpp.o[0m
[11.912s] [ 41%] [32mBuilding CXX object CMakeFiles/speech_to_goal_interfaces__rosidl_typesupport_c.dir/rosidl_typesupport_c/speech_to_goal_interfaces/msg/waypoint__type_support.cpp.o[0m
[12.176s] [ 43%] [32mBuilding CXX object CMakeFiles/speech_to_goal_interfaces__rosidl_typesupport_c.dir/rosidl_typesupport_c/speech_to_goal_interfaces/srv/llm_query__type_support.cpp.o[0m
[12.184s] [ 45%] [32mBuilding CXX object CMakeFiles/speech_to_goal_interfaces__rosidl_typesupport_introspection_cpp.dir/rosidl_typesupport_introspection_cpp/speech_to_goal_interfaces/srv/detail/detect_intent__type_support.cpp.o[0m
[12.284s] [ 47%] [32m[1mLinking CXX shared library libspeech_to_goal_interfaces__rosidl_typesupport_cpp.so[0m
[12.474s] [ 50%] [32mBuilding CXX object CMakeFiles/speech_to_goal_interfaces__rosidl_typesupport_c.dir/rosidl_typesupport_c/speech_to_goal_interfaces/srv/detect_intent__type_support.cpp.o[0m
[12.636s] [ 52%] [32mBuilding C object CMakeFiles/speech_to_goal_interfaces__rosidl_typesupport_introspection_c.dir/rosidl_typesupport_introspection_c/speech_to_goal_interfaces/msg/detail/waypoint__type_support.c.o[0m
[12.741s] [ 52%] Built target speech_to_goal_interfaces__rosidl_typesupport_cpp
[12.810s] [ 54%] [32m[1mLinking CXX shared library libspeech_to_goal_interfaces__rosidl_typesupport_c.so[0m
[12.856s] [ 56%] [32mBuilding CXX object CMakeFiles/speech_to_goal_interfaces__rosidl_typesupport_fastrtps_cpp.dir/rosidl_typesupport_fastrtps_cpp/speech_to_goal_interfaces/srv/detail/dds_fastrtps/llm_query__type_support.cpp.o[0m
[12.949s] [ 58%] [32mBuilding C object CMakeFiles/speech_to_goal_interfaces__rosidl_typesupport_introspection_c.dir/rosidl_typesupport_introspection_c/speech_to_goal_interfaces/srv/detail/llm_query__type_support.c.o[0m
[12.972s] [ 60%] [32mBuilding CXX object CMakeFiles/speech_to_goal_interfaces__rosidl_typesupport_fastrtps_c.dir/rosidl_typesupport_fastrtps_c/speech_to_goal_interfaces/msg/detail/waypoint__type_support_c.cpp.o[0m
[13.122s] [ 60%] Built target speech_to_goal_interfaces__rosidl_typesupport_c
[13.282s] [ 62%] [32mBuilding C object CMakeFiles/speech_to_goal_interfaces__rosidl_typesupport_introspection_c.dir/rosidl_typesupport_introspection_c/speech_to_goal_interfaces/srv/detail/detect_intent__type_support.c.o[0m
[13.282s] [ 64%] [32mBuilding CXX object CMakeFiles/speech_to_goal_interfaces__rosidl_typesupport_fastrtps_c.dir/rosidl_typesupport_fastrtps_c/speech_to_goal_interfaces/srv/detail/llm_query__type_support_c.cpp.o[0m
[13.513s] [ 66%] [32m[1mLinking C shared library libspeech_to_goal_interfaces__rosidl_typesupport_introspection_c.so[0m
[13.647s] [ 66%] Built target speech_to_goal_interfaces__rosidl_typesupport_introspection_c
[15.020s] [ 68%] [32m[1mLinking CXX shared library libspeech_to_goal_interfaces__rosidl_typesupport_introspection_cpp.so[0m
[15.127s] [ 70%] [32mBuilding CXX object CMakeFiles/speech_to_goal_interfaces__rosidl_typesupport_fastrtps_c.dir/rosidl_typesupport_fastrtps_c/speech_to_goal_interfaces/srv/detail/detect_intent__type_support_c.cpp.o[0m
[15.180s] [ 70%] Built target speech_to_goal_interfaces__rosidl_typesupport_introspection_cpp
[15.250s] [ 72%] [32mBuilding CXX object CMakeFiles/speech_to_goal_interfaces__rosidl_typesupport_fastrtps_cpp.dir/rosidl_typesupport_fastrtps_cpp/speech_to_goal_interfaces/srv/detail/dds_fastrtps/detect_intent__type_support.cpp.o[0m
[15.843s] [ 75%] [32m[1mLinking CXX shared library libspeech_to_goal_interfaces__rosidl_typesupport_fastrtps_c.so[0m
[15.985s] [ 75%] Built target speech_to_goal_interfaces__rosidl_typesupport_fastrtps_c
[16.091s] [ 77%] [32m[1mLinking CXX shared library libspeech_to_goal_interfaces__rosidl_typesupport_fastrtps_cpp.so[0m
[16.247s] [ 77%] Built target speech_to_goal_interfaces__rosidl_typesupport_fastrtps_cpp
[16.285s] [ 77%] Built target speech_to_goal_interfaces
[16.334s] [ 79%] [34m[1mGenerating Python code for ROS interfaces[0m
[17.871s] [ 79%] Built target speech_to_goal_interfaces__py
[17.905s] [ 81%] [32mBuilding C object CMakeFiles/speech_to_goal_interfaces__rosidl_generator_py.dir/rosidl_generator_py/speech_to_goal_interfaces/msg/_waypoint_s.c.o[0m
[18.094s] [ 83%] [32mBuilding C object CMakeFiles/speech_to_goal_interfaces__rosidl_generator_py.dir/rosidl_generator_py/speech_to_goal_interfaces/srv/_detect_intent_s.c.o[0m
[18.294s] [ 85%] [32mBuilding C object CMakeFiles/speech_to_goal_interfaces__rosidl_generator_py.dir/rosidl_generator_py/speech_to_goal_interfaces/srv/_llm_query_s.c.o[0m
[18.503s] [ 87%] [32m[1mLinking C shared library rosidl_generator_py/speech_to_goal_interfaces/libspeech_to_goal_interfaces__rosidl_generator_py.so[0m
[18.576s] [ 87%] Built target speech_to_goal_interfaces__rosidl_generator_py
[18.614s] [ 91%] [32mBuilding C object CMakeFiles/speech_to_goal_interfaces__rosidl_typesupport_fastrtps_c__pyext.dir/rosidl_generator_py/speech_to_goal_interfaces/_speech_to_goal_interfaces_s.ep.rosidl_typesupport_fastrtps_c.c.o[0m
[18.614s] [ 91%] [32mBuilding C object CMakeFiles/speech_to_goal_interfaces__rosidl_typesupport_introspection_c__pyext.dir/rosidl_generator_py/speech_to_goal_interfaces/_speech_to_goal_interfaces_s.ep.rosidl_typesupport_introspection_c.c.o[0m
[18.822s] [ 95%] [32m[1mLinking C shared library rosidl_generator_py/speech_to_goal_interfaces/speech_to_goal_interfaces_s__rosidl_typesupport_introspection_c.cpython-310-aarch64-linux-gnu.so[0m
[18.822s] [ 95%] [32m[1mLinking C shared library rosidl_generator_py/speech_to_goal_interfaces/speech_to_goal_interfaces_s__rosidl_typesupport_fastrtps_c.cpython-310-aarch64-linux-gnu.so[0m
[18.885s] [ 95%] Built target speech_to_goal_interfaces__rosidl_typesupport_introspection_c__pyext
[18.889s] [ 95%] Built target speech_to_goal_interfaces__rosidl_typesupport_fastrtps_c__pyext
[18.927s] [ 97%] [32mBuilding C object CMakeFiles/speech_to_goal_interfaces__rosidl_typesupport_c__pyext.dir/rosidl_generator_py/speech_to_goal_interfaces/_speech_to_goal_interfaces_s.ep.rosidl_typesupport_c.c.o[0m
[19.121s] [100%] [32m[1mLinking C shared library rosidl_generator_py/speech_to_goal_interfaces/speech_to_goal_interfaces_s__rosidl_typesupport_c.cpython-310-aarch64-linux-gnu.so[0m
[19.189s] [100%] Built target speech_to_goal_interfaces__rosidl_typesupport_c__pyext
[19.215s] Invoked command in '/home/tknika/gral-iiriondo-main/unitree_ws/build/speech_to_goal_interfaces' returned '0': CMAKE_PREFIX_PATH=${CMAKE_PREFIX_PATH}:/home/tknika/gral-iiriondo-main/unitree_ws/install/standing_mode:/home/tknika/gral-iiriondo-main/unitree_ws/install/speech_to_goal:/home/tknika/gral-iiriondo-main/unitree_ws/install/object_recognition:/home/tknika/gral-iiriondo-main/unitree_ws/install/mapping_configuration:/home/tknika/gral-iiriondo-main/unitree_ws/install/go1_description:/home/tknika/gral-iiriondo-main/unitree_ws/install/asr:/home/tknika/gral-iiriondo-main/unitree_ws/install/aruco_detector:/opt/ros/humble PS1=\[\e]0;\u@\h: \w\a\]${debian_chroot:+($debian_chroot)}\[\033[01;32m\]\u@\h\[\033[00m\]:\[\033[01;34m\]\w\[\033[00m\]\$ VIRTUAL_ENV_PROMPT=(unitree_env) /usr/bin/cmake --build /home/tknika/gral-iiriondo-main/unitree_ws/build/speech_to_goal_interfaces -- -j8 -l8
[19.218s] Invoking command in '/home/tknika/gral-iiriondo-main/unitree_ws/build/speech_to_goal_interfaces': CMAKE_PREFIX_PATH=${CMAKE_PREFIX_PATH}:/home/tknika/gral-iiriondo-main/unitree_ws/install/standing_mode:/home/tknika/gral-iiriondo-main/unitree_ws/install/speech_to_goal:/home/tknika/gral-iiriondo-main/unitree_ws/install/object_recognition:/home/tknika/gral-iiriondo-main/unitree_ws/install/mapping_configuration:/home/tknika/gral-iiriondo-main/unitree_ws/install/go1_description:/home/tknika/gral-iiriondo-main/unitree_ws/install/asr:/home/tknika/gral-iiriondo-main/unitree_ws/install/aruco_detector:/opt/ros/humble PS1=\[\e]0;\u@\h: \w\a\]${debian_chroot:+($debian_chroot)}\[\033[01;32m\]\u@\h\[\033[00m\]:\[\033[01;34m\]\w\[\033[00m\]\$ VIRTUAL_ENV_PROMPT=(unitree_env) /usr/bin/cmake --install /home/tknika/gral-iiriondo-main/unitree_ws/build/speech_to_goal_interfaces
[19.233s] -- Install configuration: ""
[19.234s] -- Execute custom install script
[19.235s] -- Symlinking: /home/tknika/gral-iiriondo-main/unitree_ws/install/speech_to_goal_interfaces/share/ament_index/resource_index/rosidl_interfaces/speech_to_goal_interfaces
[19.269s] -- Symlinking: /home/tknika/gral-iiriondo-main/unitree_ws/install/speech_to_goal_interfaces/include/speech_to_goal_interfaces/speech_to_goal_interfaces/msg/detail/waypoint__functions.h
[19.286s] -- Symlinking: /home/tknika/gral-iiriondo-main/unitree_ws/install/speech_to_goal_interfaces/include/speech_to_goal_interfaces/speech_to_goal_interfaces/msg/detail/waypoint__struct.h
[19.302s] -- Symlinking: /home/tknika/gral-iiriondo-main/unitree_ws/install/speech_to_goal_interfaces/include/speech_to_goal_interfaces/speech_to_goal_interfaces/msg/detail/waypoint__type_support.h
[19.319s] -- Symlinking: /home/tknika/gral-iiriondo-main/unitree_ws/install/speech_to_goal_interfaces/include/speech_to_goal_interfaces/speech_to_goal_interfaces/msg/rosidl_generator_c__visibility_control.h
[19.340s] -- Symlinking: /home/tknika/gral-iiriondo-main/unitree_ws/install/speech_to_goal_interfaces/include/speech_to_goal_interfaces/speech_to_goal_interfaces/msg/waypoint.h
[19.361s] -- Symlinking: /home/tknika/gral-iiriondo-main/unitree_ws/install/speech_to_goal_interfaces/include/speech_to_goal_interfaces/speech_to_goal_interfaces/srv/detail/detect_intent__functions.h
[19.376s] -- Symlinking: /home/tknika/gral-iiriondo-main/unitree_ws/install/speech_to_goal_interfaces/include/speech_to_goal_interfaces/speech_to_goal_interfaces/srv/detail/detect_intent__struct.h
[19.394s] -- Symlinking: /home/tknika/gral-iiriondo-main/unitree_ws/install/speech_to_goal_interfaces/include/speech_to_goal_interfaces/speech_to_goal_interfaces/srv/detail/detect_intent__type_support.h
[19.409s] -- Symlinking: /home/tknika/gral-iiriondo-main/unitree_ws/install/speech_to_goal_interfaces/include/speech_to_goal_interfaces/speech_to_goal_interfaces/srv/detail/llm_query__functions.h
[19.426s] -- Symlinking: /home/tknika/gral-iiriondo-main/unitree_ws/install/speech_to_goal_interfaces/include/speech_to_goal_interfaces/speech_to_goal_interfaces/srv/detail/llm_query__struct.h
[19.442s] -- Symlinking: /home/tknika/gral-iiriondo-main/unitree_ws/install/speech_to_goal_interfaces/include/speech_to_goal_interfaces/speech_to_goal_interfaces/srv/detail/llm_query__type_support.h
[19.457s] -- Symlinking: /home/tknika/gral-iiriondo-main/unitree_ws/install/speech_to_goal_interfaces/include/speech_to_goal_interfaces/speech_to_goal_interfaces/srv/detect_intent.h
[19.474s] -- Symlinking: /home/tknika/gral-iiriondo-main/unitree_ws/install/speech_to_goal_interfaces/include/speech_to_goal_interfaces/speech_to_goal_interfaces/srv/llm_query.h
[19.494s] -- Symlinking: /home/tknika/gral-iiriondo-main/unitree_ws/install/speech_to_goal_interfaces/share/speech_to_goal_interfaces/environment/library_path.sh
[19.512s] -- Symlinking: /home/tknika/gral-iiriondo-main/unitree_ws/install/speech_to_goal_interfaces/share/speech_to_goal_interfaces/environment/library_path.dsv
[19.535s] -- Symlinking: /home/tknika/gral-iiriondo-main/unitree_ws/install/speech_to_goal_interfaces/include/speech_to_goal_interfaces/speech_to_goal_interfaces/msg/detail/waypoint__rosidl_typesupport_fastrtps_c.h
[19.553s] -- Symlinking: /home/tknika/gral-iiriondo-main/unitree_ws/install/speech_to_goal_interfaces/include/speech_to_goal_interfaces/speech_to_goal_interfaces/msg/rosidl_typesupport_fastrtps_c__visibility_control.h
[19.573s] -- Symlinking: /home/tknika/gral-iiriondo-main/unitree_ws/install/speech_to_goal_interfaces/include/speech_to_goal_interfaces/speech_to_goal_interfaces/srv/detail/detect_intent__rosidl_typesupport_fastrtps_c.h
[19.590s] -- Symlinking: /home/tknika/gral-iiriondo-main/unitree_ws/install/speech_to_goal_interfaces/include/speech_to_goal_interfaces/speech_to_goal_interfaces/srv/detail/llm_query__rosidl_typesupport_fastrtps_c.h
[19.607s] -- Symlinking: /home/tknika/gral-iiriondo-main/unitree_ws/install/speech_to_goal_interfaces/include/speech_to_goal_interfaces/speech_to_goal_interfaces/msg/detail/waypoint__rosidl_typesupport_introspection_c.h
[19.624s] -- Symlinking: /home/tknika/gral-iiriondo-main/unitree_ws/install/speech_to_goal_interfaces/include/speech_to_goal_interfaces/speech_to_goal_interfaces/msg/rosidl_typesupport_introspection_c__visibility_control.h
[19.641s] -- Symlinking: /home/tknika/gral-iiriondo-main/unitree_ws/install/speech_to_goal_interfaces/include/speech_to_goal_interfaces/speech_to_goal_interfaces/srv/detail/detect_intent__rosidl_typesupport_introspection_c.h
[19.661s] -- Symlinking: /home/tknika/gral-iiriondo-main/unitree_ws/install/speech_to_goal_interfaces/include/speech_to_goal_interfaces/speech_to_goal_interfaces/srv/detail/llm_query__rosidl_typesupport_introspection_c.h
[19.681s] -- Symlinking: /home/tknika/gral-iiriondo-main/unitree_ws/install/speech_to_goal_interfaces/include/speech_to_goal_interfaces/speech_to_goal_interfaces/msg/detail/waypoint__builder.hpp
[19.697s] -- Symlinking: /home/tknika/gral-iiriondo-main/unitree_ws/install/speech_to_goal_interfaces/include/speech_to_goal_interfaces/speech_to_goal_interfaces/msg/detail/waypoint__struct.hpp
[19.715s] -- Symlinking: /home/tknika/gral-iiriondo-main/unitree_ws/install/speech_to_goal_interfaces/include/speech_to_goal_interfaces/speech_to_goal_interfaces/msg/detail/waypoint__traits.hpp
[19.735s] -- Symlinking: /home/tknika/gral-iiriondo-main/unitree_ws/install/speech_to_goal_interfaces/include/speech_to_goal_interfaces/speech_to_goal_interfaces/msg/detail/waypoint__type_support.hpp
[19.755s] -- Symlinking: /home/tknika/gral-iiriondo-main/unitree_ws/install/speech_to_goal_interfaces/include/speech_to_goal_interfaces/speech_to_goal_interfaces/msg/rosidl_generator_cpp__visibility_control.hpp
[19.775s] -- Symlinking: /home/tknika/gral-iiriondo-main/unitree_ws/install/speech_to_goal_interfaces/include/speech_to_goal_interfaces/speech_to_goal_interfaces/msg/waypoint.hpp
[19.791s] -- Symlinking: /home/tknika/gral-iiriondo-main/unitree_ws/install/speech_to_goal_interfaces/include/speech_to_goal_interfaces/speech_to_goal_interfaces/srv/detail/detect_intent__builder.hpp
[19.809s] -- Symlinking: /home/tknika/gral-iiriondo-main/unitree_ws/install/speech_to_goal_interfaces/include/speech_to_goal_interfaces/speech_to_goal_interfaces/srv/detail/detect_intent__struct.hpp
[19.824s] -- Symlinking: /home/tknika/gral-iiriondo-main/unitree_ws/install/speech_to_goal_interfaces/include/speech_to_goal_interfaces/speech_to_goal_interfaces/srv/detail/detect_intent__traits.hpp
[19.842s] -- Symlinking: /home/tknika/gral-iiriondo-main/unitree_ws/install/speech_to_goal_interfaces/include/speech_to_goal_interfaces/speech_to_goal_interfaces/srv/detail/detect_intent__type_support.hpp
[19.866s] -- Symlinking: /home/tknika/gral-iiriondo-main/unitree_ws/install/speech_to_goal_interfaces/include/speech_to_goal_interfaces/speech_to_goal_interfaces/srv/detail/llm_query__builder.hpp
[19.883s] -- Symlinking: /home/tknika/gral-iiriondo-main/unitree_ws/install/speech_to_goal_interfaces/include/speech_to_goal_interfaces/speech_to_goal_interfaces/srv/detail/llm_query__struct.hpp
[19.900s] -- Symlinking: /home/tknika/gral-iiriondo-main/unitree_ws/install/speech_to_goal_interfaces/include/speech_to_goal_interfaces/speech_to_goal_interfaces/srv/detail/llm_query__traits.hpp
[19.916s] -- Symlinking: /home/tknika/gral-iiriondo-main/unitree_ws/install/speech_to_goal_interfaces/include/speech_to_goal_interfaces/speech_to_goal_interfaces/srv/detail/llm_query__type_support.hpp
[19.931s] -- Symlinking: /home/tknika/gral-iiriondo-main/unitree_ws/install/speech_to_goal_interfaces/include/speech_to_goal_interfaces/speech_to_goal_interfaces/srv/detect_intent.hpp
[19.950s] -- Symlinking: /home/tknika/gral-iiriondo-main/unitree_ws/install/speech_to_goal_interfaces/include/speech_to_goal_interfaces/speech_to_goal_interfaces/srv/llm_query.hpp
[19.968s] -- Symlinking: /home/tknika/gral-iiriondo-main/unitree_ws/install/speech_to_goal_interfaces/include/speech_to_goal_interfaces/speech_to_goal_interfaces/msg/detail/waypoint__rosidl_typesupport_fastrtps_cpp.hpp
[19.984s] -- Symlinking: /home/tknika/gral-iiriondo-main/unitree_ws/install/speech_to_goal_interfaces/include/speech_to_goal_interfaces/speech_to_goal_interfaces/msg/rosidl_typesupport_fastrtps_cpp__visibility_control.h
[20.002s] -- Symlinking: /home/tknika/gral-iiriondo-main/unitree_ws/install/speech_to_goal_interfaces/include/speech_to_goal_interfaces/speech_to_goal_interfaces/srv/detail/detect_intent__rosidl_typesupport_fastrtps_cpp.hpp
[20.018s] -- Symlinking: /home/tknika/gral-iiriondo-main/unitree_ws/install/speech_to_goal_interfaces/include/speech_to_goal_interfaces/speech_to_goal_interfaces/srv/detail/llm_query__rosidl_typesupport_fastrtps_cpp.hpp
[20.036s] -- Symlinking: /home/tknika/gral-iiriondo-main/unitree_ws/install/speech_to_goal_interfaces/include/speech_to_goal_interfaces/speech_to_goal_interfaces/msg/detail/waypoint__rosidl_typesupport_introspection_cpp.hpp
[20.054s] -- Symlinking: /home/tknika/gral-iiriondo-main/unitree_ws/install/speech_to_goal_interfaces/include/speech_to_goal_interfaces/speech_to_goal_interfaces/srv/detail/detect_intent__rosidl_typesupport_introspection_cpp.hpp
[20.072s] -- Symlinking: /home/tknika/gral-iiriondo-main/unitree_ws/install/speech_to_goal_interfaces/include/speech_to_goal_interfaces/speech_to_goal_interfaces/srv/detail/llm_query__rosidl_typesupport_introspection_cpp.hpp
[20.089s] -- Symlinking: /home/tknika/gral-iiriondo-main/unitree_ws/install/speech_to_goal_interfaces/share/speech_to_goal_interfaces/environment/pythonpath.sh
[20.106s] -- Symlinking: /home/tknika/gral-iiriondo-main/unitree_ws/install/speech_to_goal_interfaces/share/speech_to_goal_interfaces/environment/pythonpath.dsv
[20.123s] -- Symlinking: /home/tknika/gral-iiriondo-main/unitree_ws/install/speech_to_goal_interfaces/local/lib/python3.10/dist-packages/speech_to_goal_interfaces-0.0.0-py3.10.egg-info/PKG-INFO
[20.139s] -- Symlinking: /home/tknika/gral-iiriondo-main/unitree_ws/install/speech_to_goal_interfaces/local/lib/python3.10/dist-packages/speech_to_goal_interfaces-0.0.0-py3.10.egg-info/SOURCES.txt
[20.166s] -- Symlinking: /home/tknika/gral-iiriondo-main/unitree_ws/install/speech_to_goal_interfaces/local/lib/python3.10/dist-packages/speech_to_goal_interfaces-0.0.0-py3.10.egg-info/dependency_links.txt
[20.174s] -- Symlinking: /home/tknika/gral-iiriondo-main/unitree_ws/install/speech_to_goal_interfaces/local/lib/python3.10/dist-packages/speech_to_goal_interfaces-0.0.0-py3.10.egg-info/top_level.txt
[20.192s] -- Symlinking: /home/tknika/gral-iiriondo-main/unitree_ws/install/speech_to_goal_interfaces/local/lib/python3.10/dist-packages/speech_to_goal_interfaces/__init__.py
[20.209s] -- Symlinking: /home/tknika/gral-iiriondo-main/unitree_ws/install/speech_to_goal_interfaces/local/lib/python3.10/dist-packages/speech_to_goal_interfaces/_speech_to_goal_interfaces_s.ep.rosidl_typesupport_c.c
[20.226s] -- Symlinking: /home/tknika/gral-iiriondo-main/unitree_ws/install/speech_to_goal_interfaces/local/lib/python3.10/dist-packages/speech_to_goal_interfaces/_speech_to_goal_interfaces_s.ep.rosidl_typesupport_fastrtps_c.c
[20.242s] -- Symlinking: /home/tknika/gral-iiriondo-main/unitree_ws/install/speech_to_goal_interfaces/local/lib/python3.10/dist-packages/speech_to_goal_interfaces/_speech_to_goal_interfaces_s.ep.rosidl_typesupport_introspection_c.c
[20.261s] -- Symlinking: /home/tknika/gral-iiriondo-main/unitree_ws/install/speech_to_goal_interfaces/local/lib/python3.10/dist-packages/speech_to_goal_interfaces/libspeech_to_goal_interfaces__rosidl_generator_py.so
[20.279s] -- Symlinking: /home/tknika/gral-iiriondo-main/unitree_ws/install/speech_to_goal_interfaces/local/lib/python3.10/dist-packages/speech_to_goal_interfaces/msg/__init__.py
[20.295s] -- Symlinking: /home/tknika/gral-iiriondo-main/unitree_ws/install/speech_to_goal_interfaces/local/lib/python3.10/dist-packages/speech_to_goal_interfaces/msg/_waypoint.py
[20.313s] -- Symlinking: /home/tknika/gral-iiriondo-main/unitree_ws/install/speech_to_goal_interfaces/local/lib/python3.10/dist-packages/speech_to_goal_interfaces/msg/_waypoint_s.c
[20.338s] -- Symlinking: /home/tknika/gral-iiriondo-main/unitree_ws/install/speech_to_goal_interfaces/local/lib/python3.10/dist-packages/speech_to_goal_interfaces/speech_to_goal_interfaces_s__rosidl_typesupport_c.cpython-310-aarch64-linux-gnu.so
[20.358s] -- Symlinking: /home/tknika/gral-iiriondo-main/unitree_ws/install/speech_to_goal_interfaces/local/lib/python3.10/dist-packages/speech_to_goal_interfaces/speech_to_goal_interfaces_s__rosidl_typesupport_fastrtps_c.cpython-310-aarch64-linux-gnu.so
[20.376s] -- Symlinking: /home/tknika/gral-iiriondo-main/unitree_ws/install/speech_to_goal_interfaces/local/lib/python3.10/dist-packages/speech_to_goal_interfaces/speech_to_goal_interfaces_s__rosidl_typesupport_introspection_c.cpython-310-aarch64-linux-gnu.so
[20.394s] -- Symlinking: /home/tknika/gral-iiriondo-main/unitree_ws/install/speech_to_goal_interfaces/local/lib/python3.10/dist-packages/speech_to_goal_interfaces/srv/__init__.py
[20.413s] -- Symlinking: /home/tknika/gral-iiriondo-main/unitree_ws/install/speech_to_goal_interfaces/local/lib/python3.10/dist-packages/speech_to_goal_interfaces/srv/_detect_intent.py
[20.438s] -- Symlinking: /home/tknika/gral-iiriondo-main/unitree_ws/install/speech_to_goal_interfaces/local/lib/python3.10/dist-packages/speech_to_goal_interfaces/srv/_detect_intent_s.c
[20.455s] -- Symlinking: /home/tknika/gral-iiriondo-main/unitree_ws/install/speech_to_goal_interfaces/local/lib/python3.10/dist-packages/speech_to_goal_interfaces/srv/_llm_query.py
[20.471s] -- Symlinking: /home/tknika/gral-iiriondo-main/unitree_ws/install/speech_to_goal_interfaces/local/lib/python3.10/dist-packages/speech_to_goal_interfaces/srv/_llm_query_s.c
[20.487s] -- Up-to-date symlink: /home/tknika/gral-iiriondo-main/unitree_ws/install/speech_to_goal_interfaces/local/lib/python3.10/dist-packages/speech_to_goal_interfaces/speech_to_goal_interfaces_s__rosidl_typesupport_fastrtps_c.cpython-310-aarch64-linux-gnu.so
[20.488s] -- Up-to-date symlink: /home/tknika/gral-iiriondo-main/unitree_ws/install/speech_to_goal_interfaces/local/lib/python3.10/dist-packages/speech_to_goal_interfaces/speech_to_goal_interfaces_s__rosidl_typesupport_introspection_c.cpython-310-aarch64-linux-gnu.so
[20.488s] -- Up-to-date symlink: /home/tknika/gral-iiriondo-main/unitree_ws/install/speech_to_goal_interfaces/local/lib/python3.10/dist-packages/speech_to_goal_interfaces/speech_to_goal_interfaces_s__rosidl_typesupport_c.cpython-310-aarch64-linux-gnu.so
[20.488s] -- Symlinking: /home/tknika/gral-iiriondo-main/unitree_ws/install/speech_to_goal_interfaces/share/ament_index/resource_index/rust_packages/speech_to_goal_interfaces
[20.506s] -- Symlinking: /home/tknika/gral-iiriondo-main/unitree_ws/install/speech_to_goal_interfaces/share/speech_to_goal_interfaces/rust/Cargo.toml
[20.522s] -- Symlinking: /home/tknika/gral-iiriondo-main/unitree_ws/install/speech_to_goal_interfaces/share/speech_to_goal_interfaces/rust/build.rs
[20.538s] -- Symlinking: /home/tknika/gral-iiriondo-main/unitree_ws/install/speech_to_goal_interfaces/share/speech_to_goal_interfaces/rust/src/lib.rs
[20.555s] -- Symlinking: /home/tknika/gral-iiriondo-main/unitree_ws/install/speech_to_goal_interfaces/share/speech_to_goal_interfaces/rust/src/msg.rs
[20.573s] -- Symlinking: /home/tknika/gral-iiriondo-main/unitree_ws/install/speech_to_goal_interfaces/share/speech_to_goal_interfaces/rust/src/msg/rmw.rs
[20.590s] -- Symlinking: /home/tknika/gral-iiriondo-main/unitree_ws/install/speech_to_goal_interfaces/share/speech_to_goal_interfaces/rust/src/srv.rs
[20.606s] -- Symlinking: /home/tknika/gral-iiriondo-main/unitree_ws/install/speech_to_goal_interfaces/share/speech_to_goal_interfaces/rust/src/srv/rmw.rs
[20.624s] -- Symlinking: /home/tknika/gral-iiriondo-main/unitree_ws/install/speech_to_goal_interfaces/share/speech_to_goal_interfaces/msg/Waypoint.idl
[20.640s] -- Symlinking: /home/tknika/gral-iiriondo-main/unitree_ws/install/speech_to_goal_interfaces/share/speech_to_goal_interfaces/srv/LLMQuery.idl
[20.657s] -- Symlinking: /home/tknika/gral-iiriondo-main/unitree_ws/install/speech_to_goal_interfaces/share/speech_to_goal_interfaces/srv/DetectIntent.idl
[20.674s] -- Symlinking: /home/tknika/gral-iiriondo-main/unitree_ws/install/speech_to_goal_interfaces/share/speech_to_goal_interfaces/msg/Waypoint.msg
[20.692s] -- Symlinking: /home/tknika/gral-iiriondo-main/unitree_ws/install/speech_to_goal_interfaces/share/speech_to_goal_interfaces/srv/LLMQuery.srv
[20.711s] -- Symlinking: /home/tknika/gral-iiriondo-main/unitree_ws/install/speech_to_goal_interfaces/share/speech_to_goal_interfaces/srv/LLMQuery_Request.msg
[20.729s] -- Symlinking: /home/tknika/gral-iiriondo-main/unitree_ws/install/speech_to_goal_interfaces/share/speech_to_goal_interfaces/srv/LLMQuery_Response.msg
[20.747s] -- Symlinking: /home/tknika/gral-iiriondo-main/unitree_ws/install/speech_to_goal_interfaces/share/speech_to_goal_interfaces/srv/DetectIntent.srv
[20.767s] -- Symlinking: /home/tknika/gral-iiriondo-main/unitree_ws/install/speech_to_goal_interfaces/share/speech_to_goal_interfaces/srv/DetectIntent_Request.msg
[20.786s] -- Symlinking: /home/tknika/gral-iiriondo-main/unitree_ws/install/speech_to_goal_interfaces/share/speech_to_goal_interfaces/srv/DetectIntent_Response.msg
[20.805s] -- Symlinking: /home/tknika/gral-iiriondo-main/unitree_ws/install/speech_to_goal_interfaces/share/ament_index/resource_index/package_run_dependencies/speech_to_goal_interfaces
[20.827s] -- Symlinking: /home/tknika/gral-iiriondo-main/unitree_ws/install/speech_to_goal_interfaces/share/ament_index/resource_index/parent_prefix_path/speech_to_goal_interfaces
[20.846s] -- Symlinking: /home/tknika/gral-iiriondo-main/unitree_ws/install/speech_to_goal_interfaces/share/speech_to_goal_interfaces/environment/ament_prefix_path.sh
[20.865s] -- Symlinking: /home/tknika/gral-iiriondo-main/unitree_ws/install/speech_to_goal_interfaces/share/speech_to_goal_interfaces/environment/ament_prefix_path.dsv
[20.886s] -- Symlinking: /home/tknika/gral-iiriondo-main/unitree_ws/install/speech_to_goal_interfaces/share/speech_to_goal_interfaces/environment/path.sh
[20.903s] -- Symlinking: /home/tknika/gral-iiriondo-main/unitree_ws/install/speech_to_goal_interfaces/share/speech_to_goal_interfaces/environment/path.dsv
[20.920s] -- Symlinking: /home/tknika/gral-iiriondo-main/unitree_ws/install/speech_to_goal_interfaces/share/speech_to_goal_interfaces/local_setup.bash
[20.938s] -- Symlinking: /home/tknika/gral-iiriondo-main/unitree_ws/install/speech_to_goal_interfaces/share/speech_to_goal_interfaces/local_setup.sh
[20.955s] -- Symlinking: /home/tknika/gral-iiriondo-main/unitree_ws/install/speech_to_goal_interfaces/share/speech_to_goal_interfaces/local_setup.zsh
[20.974s] -- Symlinking: /home/tknika/gral-iiriondo-main/unitree_ws/install/speech_to_goal_interfaces/share/speech_to_goal_interfaces/local_setup.dsv
[20.994s] -- Symlinking: /home/tknika/gral-iiriondo-main/unitree_ws/install/speech_to_goal_interfaces/share/speech_to_goal_interfaces/package.dsv
[21.012s] -- Symlinking: /home/tknika/gral-iiriondo-main/unitree_ws/install/speech_to_goal_interfaces/share/ament_index/resource_index/packages/speech_to_goal_interfaces
[21.030s] -- Symlinking: /home/tknika/gral-iiriondo-main/unitree_ws/install/speech_to_goal_interfaces/share/speech_to_goal_interfaces/cmake/rosidl_cmake-extras.cmake
[21.049s] -- Symlinking: /home/tknika/gral-iiriondo-main/unitree_ws/install/speech_to_goal_interfaces/share/speech_to_goal_interfaces/cmake/ament_cmake_export_include_directories-extras.cmake
[21.066s] -- Symlinking: /home/tknika/gral-iiriondo-main/unitree_ws/install/speech_to_goal_interfaces/share/speech_to_goal_interfaces/cmake/ament_cmake_export_libraries-extras.cmake
[21.083s] -- Symlinking: /home/tknika/gral-iiriondo-main/unitree_ws/install/speech_to_goal_interfaces/share/speech_to_goal_interfaces/cmake/ament_cmake_export_targets-extras.cmake
[21.101s] -- Symlinking: /home/tknika/gral-iiriondo-main/unitree_ws/install/speech_to_goal_interfaces/share/speech_to_goal_interfaces/cmake/rosidl_cmake_export_typesupport_targets-extras.cmake
[21.119s] -- Symlinking: /home/tknika/gral-iiriondo-main/unitree_ws/install/speech_to_goal_interfaces/share/speech_to_goal_interfaces/cmake/ament_cmake_export_dependencies-extras.cmake
[21.135s] -- Symlinking: /home/tknika/gral-iiriondo-main/unitree_ws/install/speech_to_goal_interfaces/share/speech_to_goal_interfaces/cmake/rosidl_cmake_export_typesupport_libraries-extras.cmake
[21.151s] -- Symlinking: /home/tknika/gral-iiriondo-main/unitree_ws/install/speech_to_goal_interfaces/share/speech_to_goal_interfaces/cmake/speech_to_goal_interfacesConfig.cmake
[21.167s] -- Symlinking: /home/tknika/gral-iiriondo-main/unitree_ws/install/speech_to_goal_interfaces/share/speech_to_goal_interfaces/cmake/speech_to_goal_interfacesConfig-version.cmake
[21.184s] -- Symlinking: /home/tknika/gral-iiriondo-main/unitree_ws/install/speech_to_goal_interfaces/share/speech_to_goal_interfaces/package.xml
[21.201s] -- Installing: /home/tknika/gral-iiriondo-main/unitree_ws/install/speech_to_goal_interfaces/lib/libspeech_to_goal_interfaces__rosidl_generator_c.so
[21.204s] -- Set runtime path of "/home/tknika/gral-iiriondo-main/unitree_ws/install/speech_to_goal_interfaces/lib/libspeech_to_goal_interfaces__rosidl_generator_c.so" to ""
[21.204s] -- Installing: /home/tknika/gral-iiriondo-main/unitree_ws/install/speech_to_goal_interfaces/lib/libspeech_to_goal_interfaces__rosidl_typesupport_fastrtps_c.so
[21.205s] -- Set runtime path of "/home/tknika/gral-iiriondo-main/unitree_ws/install/speech_to_goal_interfaces/lib/libspeech_to_goal_interfaces__rosidl_typesupport_fastrtps_c.so" to ""
[21.205s] -- Installing: /home/tknika/gral-iiriondo-main/unitree_ws/install/speech_to_goal_interfaces/lib/libspeech_to_goal_interfaces__rosidl_typesupport_introspection_c.so
[21.205s] -- Set runtime path of "/home/tknika/gral-iiriondo-main/unitree_ws/install/speech_to_goal_interfaces/lib/libspeech_to_goal_interfaces__rosidl_typesupport_introspection_c.so" to ""
[21.205s] -- Installing: /home/tknika/gral-iiriondo-main/unitree_ws/install/speech_to_goal_interfaces/lib/libspeech_to_goal_interfaces__rosidl_typesupport_c.so
[21.205s] -- Set runtime path of "/home/tknika/gral-iiriondo-main/unitree_ws/install/speech_to_goal_interfaces/lib/libspeech_to_goal_interfaces__rosidl_typesupport_c.so" to ""
[21.206s] -- Installing: /home/tknika/gral-iiriondo-main/unitree_ws/install/speech_to_goal_interfaces/lib/libspeech_to_goal_interfaces__rosidl_typesupport_fastrtps_cpp.so
[21.207s] -- Set runtime path of "/home/tknika/gral-iiriondo-main/unitree_ws/install/speech_to_goal_interfaces/lib/libspeech_to_goal_interfaces__rosidl_typesupport_fastrtps_cpp.so" to ""
[21.207s] -- Installing: /home/tknika/gral-iiriondo-main/unitree_ws/install/speech_to_goal_interfaces/lib/libspeech_to_goal_interfaces__rosidl_typesupport_introspection_cpp.so
[21.209s] -- Set runtime path of "/home/tknika/gral-iiriondo-main/unitree_ws/install/speech_to_goal_interfaces/lib/libspeech_to_goal_interfaces__rosidl_typesupport_introspection_cpp.so" to ""
[21.209s] -- Installing: /home/tknika/gral-iiriondo-main/unitree_ws/install/speech_to_goal_interfaces/lib/libspeech_to_goal_interfaces__rosidl_typesupport_cpp.so
[21.210s] -- Set runtime path of "/home/tknika/gral-iiriondo-main/unitree_ws/install/speech_to_goal_interfaces/lib/libspeech_to_goal_interfaces__rosidl_typesupport_cpp.so" to ""
[21.301s] Listing '/home/tknika/gral-iiriondo-main/unitree_ws/install/speech_to_goal_interfaces/local/lib/python3.10/dist-packages/speech_to_goal_interfaces'...
[21.301s] Compiling '/home/tknika/gral-iiriondo-main/unitree_ws/install/speech_to_goal_interfaces/local/lib/python3.10/dist-packages/speech_to_goal_interfaces/__init__.py'...
[21.302s] Listing '/home/tknika/gral-iiriondo-main/unitree_ws/install/speech_to_goal_interfaces/local/lib/python3.10/dist-packages/speech_to_goal_interfaces/msg'...
[21.302s] Compiling '/home/tknika/gral-iiriondo-main/unitree_ws/install/speech_to_goal_interfaces/local/lib/python3.10/dist-packages/speech_to_goal_interfaces/msg/__init__.py'...
[21.302s] Compiling '/home/tknika/gral-iiriondo-main/unitree_ws/install/speech_to_goal_interfaces/local/lib/python3.10/dist-packages/speech_to_goal_interfaces/msg/_waypoint.py'...
[21.302s] Listing '/home/tknika/gral-iiriondo-main/unitree_ws/install/speech_to_goal_interfaces/local/lib/python3.10/dist-packages/speech_to_goal_interfaces/srv'...
[21.302s] Compiling '/home/tknika/gral-iiriondo-main/unitree_ws/install/speech_to_goal_interfaces/local/lib/python3.10/dist-packages/speech_to_goal_interfaces/srv/__init__.py'...
[21.302s] Compiling '/home/tknika/gral-iiriondo-main/unitree_ws/install/speech_to_goal_interfaces/local/lib/python3.10/dist-packages/speech_to_goal_interfaces/srv/_detect_intent.py'...
[21.302s] Compiling '/home/tknika/gral-iiriondo-main/unitree_ws/install/speech_to_goal_interfaces/local/lib/python3.10/dist-packages/speech_to_goal_interfaces/srv/_llm_query.py'...
[21.314s] -- Installing: /home/tknika/gral-iiriondo-main/unitree_ws/install/speech_to_goal_interfaces/lib/libspeech_to_goal_interfaces__rosidl_generator_py.so
[21.314s] -- Set runtime path of "/home/tknika/gral-iiriondo-main/unitree_ws/install/speech_to_goal_interfaces/lib/libspeech_to_goal_interfaces__rosidl_generator_py.so" to ""
[21.315s] -- Installing: /home/tknika/gral-iiriondo-main/unitree_ws/install/speech_to_goal_interfaces/share/speech_to_goal_interfaces/cmake/export_speech_to_goal_interfaces__rosidl_generator_cExport.cmake
[21.315s] -- Installing: /home/tknika/gral-iiriondo-main/unitree_ws/install/speech_to_goal_interfaces/share/speech_to_goal_interfaces/cmake/export_speech_to_goal_interfaces__rosidl_generator_cExport-noconfig.cmake
[21.315s] -- Installing: /home/tknika/gral-iiriondo-main/unitree_ws/install/speech_to_goal_interfaces/share/speech_to_goal_interfaces/cmake/export_speech_to_goal_interfaces__rosidl_typesupport_fastrtps_cExport.cmake
[21.315s] -- Installing: /home/tknika/gral-iiriondo-main/unitree_ws/install/speech_to_goal_interfaces/share/speech_to_goal_interfaces/cmake/export_speech_to_goal_interfaces__rosidl_typesupport_fastrtps_cExport-noconfig.cmake
[21.316s] -- Installing: /home/tknika/gral-iiriondo-main/unitree_ws/install/speech_to_goal_interfaces/share/speech_to_goal_interfaces/cmake/speech_to_goal_interfaces__rosidl_typesupport_introspection_cExport.cmake
[21.316s] -- Installing: /home/tknika/gral-iiriondo-main/unitree_ws/install/speech_to_goal_interfaces/share/speech_to_goal_interfaces/cmake/speech_to_goal_interfaces__rosidl_typesupport_introspection_cExport-noconfig.cmake
[21.316s] -- Installing: /home/tknika/gral-iiriondo-main/unitree_ws/install/speech_to_goal_interfaces/share/speech_to_goal_interfaces/cmake/speech_to_goal_interfaces__rosidl_typesupport_cExport.cmake
[21.316s] -- Installing: /home/tknika/gral-iiriondo-main/unitree_ws/install/speech_to_goal_interfaces/share/speech_to_goal_interfaces/cmake/speech_to_goal_interfaces__rosidl_typesupport_cExport-noconfig.cmake
[21.317s] -- Installing: /home/tknika/gral-iiriondo-main/unitree_ws/install/speech_to_goal_interfaces/share/speech_to_goal_interfaces/cmake/export_speech_to_goal_interfaces__rosidl_generator_cppExport.cmake
[21.317s] -- Installing: /home/tknika/gral-iiriondo-main/unitree_ws/install/speech_to_goal_interfaces/share/speech_to_goal_interfaces/cmake/export_speech_to_goal_interfaces__rosidl_typesupport_fastrtps_cppExport.cmake
[21.317s] -- Installing: /home/tknika/gral-iiriondo-main/unitree_ws/install/speech_to_goal_interfaces/share/speech_to_goal_interfaces/cmake/export_speech_to_goal_interfaces__rosidl_typesupport_fastrtps_cppExport-noconfig.cmake
[21.318s] -- Installing: /home/tknika/gral-iiriondo-main/unitree_ws/install/speech_to_goal_interfaces/share/speech_to_goal_interfaces/cmake/speech_to_goal_interfaces__rosidl_typesupport_introspection_cppExport.cmake
[21.318s] -- Installing: /home/tknika/gral-iiriondo-main/unitree_ws/install/speech_to_goal_interfaces/share/speech_to_goal_interfaces/cmake/speech_to_goal_interfaces__rosidl_typesupport_introspection_cppExport-noconfig.cmake
[21.318s] -- Installing: /home/tknika/gral-iiriondo-main/unitree_ws/install/speech_to_goal_interfaces/share/speech_to_goal_interfaces/cmake/speech_to_goal_interfaces__rosidl_typesupport_cppExport.cmake
[21.318s] -- Installing: /home/tknika/gral-iiriondo-main/unitree_ws/install/speech_to_goal_interfaces/share/speech_to_goal_interfaces/cmake/speech_to_goal_interfaces__rosidl_typesupport_cppExport-noconfig.cmake
[21.319s] -- Installing: /home/tknika/gral-iiriondo-main/unitree_ws/install/speech_to_goal_interfaces/share/speech_to_goal_interfaces/cmake/export_speech_to_goal_interfaces__rosidl_generator_pyExport.cmake
[21.319s] -- Installing: /home/tknika/gral-iiriondo-main/unitree_ws/install/speech_to_goal_interfaces/share/speech_to_goal_interfaces/cmake/export_speech_to_goal_interfaces__rosidl_generator_pyExport-noconfig.cmake
[21.882s] Invoked command in '/home/tknika/gral-iiriondo-main/unitree_ws/build/speech_to_goal_interfaces' returned '0': CMAKE_PREFIX_PATH=${CMAKE_PREFIX_PATH}:/home/tknika/gral-iiriondo-main/unitree_ws/install/standing_mode:/home/tknika/gral-iiriondo-main/unitree_ws/install/speech_to_goal:/home/tknika/gral-iiriondo-main/unitree_ws/install/object_recognition:/home/tknika/gral-iiriondo-main/unitree_ws/install/mapping_configuration:/home/tknika/gral-iiriondo-main/unitree_ws/install/go1_description:/home/tknika/gral-iiriondo-main/unitree_ws/install/asr:/home/tknika/gral-iiriondo-main/unitree_ws/install/aruco_detector:/opt/ros/humble PS1=\[\e]0;\u@\h: \w\a\]${debian_chroot:+($debian_chroot)}\[\033[01;32m\]\u@\h\[\033[00m\]:\[\033[01;34m\]\w\[\033[00m\]\$ VIRTUAL_ENV_PROMPT=(unitree_env) /usr/bin/cmake --install /home/tknika/gral-iiriondo-main/unitree_ws/build/speech_to_goal_interfaces
