[2.628s] Invoking command in '/home/tknika/gral-iiriondo-main/unitree_ws/build/speech_to_goal': PS1=\[\e]0;\u@\h: \w\a\]${debian_chroot:+($debian_chroot)}\[\033[01;32m\]\u@\h\[\033[00m\]:\[\033[01;34m\]\w\[\033[00m\]\$ PYTHONPATH=/home/tknika/gral-iiriondo-main/unitree_ws/build/speech_to_goal/prefix_override:/usr/lib/python3/dist-packages/colcon_core/task/python/colcon_distutils_commands:/home/tknika/gral-iiriondo-main/unitree_ws/install/speech_to_goal/lib/python3.10/site-packages:${PYTHONPATH} VIRTUAL_ENV_PROMPT=(unitree_env) /usr/bin/python3 -W ignore:setup.py install is deprecated -W ignore:easy_install command is deprecated setup.py develop --editable --build-directory /home/tknika/gral-iiriondo-main/unitree_ws/build/speech_to_goal/build --no-deps symlink_data
[3.589s] running develop
[4.233s] running egg_info
[4.234s] creating speech_to_goal.egg-info
[4.274s] writing speech_to_goal.egg-info/PKG-INFO
[4.274s] writing dependency_links to speech_to_goal.egg-info/dependency_links.txt
[4.275s] writing entry points to speech_to_goal.egg-info/entry_points.txt
[4.275s] writing requirements to speech_to_goal.egg-info/requires.txt
[4.276s] writing top-level names to speech_to_goal.egg-info/top_level.txt
[4.276s] writing manifest file 'speech_to_goal.egg-info/SOURCES.txt'
[4.362s] reading manifest file 'speech_to_goal.egg-info/SOURCES.txt'
[4.363s] writing manifest file 'speech_to_goal.egg-info/SOURCES.txt'
[4.409s] running build_ext
[4.409s] Creating /home/tknika/gral-iiriondo-main/unitree_ws/install/speech_to_goal/lib/python3.10/site-packages/speech-to-goal.egg-link (link to .)
[4.410s] Installing intent_classifier_node script to /home/tknika/gral-iiriondo-main/unitree_ws/install/speech_to_goal/lib/speech_to_goal
[4.411s] Installing speech_to_goal_llm_node script to /home/tknika/gral-iiriondo-main/unitree_ws/install/speech_to_goal/lib/speech_to_goal
[4.412s] Installing speech_to_goal_main_planner_node script to /home/tknika/gral-iiriondo-main/unitree_ws/install/speech_to_goal/lib/speech_to_goal
[4.412s] Installing speech_to_goal_node script to /home/tknika/gral-iiriondo-main/unitree_ws/install/speech_to_goal/lib/speech_to_goal
[4.412s] 
[4.412s] Installed /home/tknika/gral-iiriondo-main/unitree_ws/build/speech_to_goal
[4.412s] running symlink_data
[4.412s] creating /home/tknika/gral-iiriondo-main/unitree_ws/install/speech_to_goal/share/ament_index
[4.413s] creating /home/tknika/gral-iiriondo-main/unitree_ws/install/speech_to_goal/share/ament_index/resource_index
[4.413s] creating /home/tknika/gral-iiriondo-main/unitree_ws/install/speech_to_goal/share/ament_index/resource_index/packages
[4.413s] symbolically linking /home/tknika/gral-iiriondo-main/unitree_ws/build/speech_to_goal/resource/speech_to_goal -> /home/tknika/gral-iiriondo-main/unitree_ws/install/speech_to_goal/share/ament_index/resource_index/packages
[4.413s] symbolically linking /home/tknika/gral-iiriondo-main/unitree_ws/build/speech_to_goal/package.xml -> /home/tknika/gral-iiriondo-main/unitree_ws/install/speech_to_goal/share/speech_to_goal
[4.413s] creating /home/tknika/gral-iiriondo-main/unitree_ws/install/speech_to_goal/share/speech_to_goal/launch
[4.413s] symbolically linking /home/tknika/gral-iiriondo-main/unitree_ws/build/speech_to_goal/launch/speech_to_goal_full.launch.py -> /home/tknika/gral-iiriondo-main/unitree_ws/install/speech_to_goal/share/speech_to_goal/launch
[4.571s] Invoked command in '/home/tknika/gral-iiriondo-main/unitree_ws/build/speech_to_goal' returned '0': PS1=\[\e]0;\u@\h: \w\a\]${debian_chroot:+($debian_chroot)}\[\033[01;32m\]\u@\h\[\033[00m\]:\[\033[01;34m\]\w\[\033[00m\]\$ PYTHONPATH=/home/tknika/gral-iiriondo-main/unitree_ws/build/speech_to_goal/prefix_override:/usr/lib/python3/dist-packages/colcon_core/task/python/colcon_distutils_commands:/home/tknika/gral-iiriondo-main/unitree_ws/install/speech_to_goal/lib/python3.10/site-packages:${PYTHONPATH} VIRTUAL_ENV_PROMPT=(unitree_env) /usr/bin/python3 -W ignore:setup.py install is deprecated -W ignore:easy_install command is deprecated setup.py develop --editable --build-directory /home/tknika/gral-iiriondo-main/unitree_ws/build/speech_to_goal/build --no-deps symlink_data
