[6.841s] Invoking command in '/home/igor/gral-iiriondo/unitree_ws/build/mapping_configuration': PYTHONPATH=/home/igor/gral-iiriondo/unitree_ws/build/mapping_configuration/prefix_override:/usr/lib/python3/dist-packages/colcon_core/task/python/colcon_distutils_commands:/home/igor/gral-iiriondo/unitree_ws/install/mapping_configuration/lib/python3.10/site-packages:${PYTHONPATH} /usr/bin/python3 -W ignore:setup.py install is deprecated -W ignore:easy_install command is deprecated setup.py develop --editable --build-directory /home/igor/gral-iiriondo/unitree_ws/build/mapping_configuration/build --no-deps symlink_data
[7.731s] running develop
[8.366s] running egg_info
[8.367s] creating mapping_configuration.egg-info
[8.371s] writing mapping_configuration.egg-info/PKG-INFO
[8.372s] writing dependency_links to mapping_configuration.egg-info/dependency_links.txt
[8.372s] writing entry points to mapping_configuration.egg-info/entry_points.txt
[8.372s] writing requirements to mapping_configuration.egg-info/requires.txt
[8.372s] writing top-level names to mapping_configuration.egg-info/top_level.txt
[8.372s] writing manifest file 'mapping_configuration.egg-info/SOURCES.txt'
[8.378s] reading manifest file 'mapping_configuration.egg-info/SOURCES.txt'
[8.381s] writing manifest file 'mapping_configuration.egg-info/SOURCES.txt'
[8.385s] running build_ext
[8.385s] Creating /home/igor/gral-iiriondo/unitree_ws/install/mapping_configuration/lib/python3.10/site-packages/mapping-configuration.egg-link (link to .)
[8.391s] Installing mapping_publishers script to /home/igor/gral-iiriondo/unitree_ws/install/mapping_configuration/lib/mapping_configuration
[8.392s] 
[8.392s] Installed /home/igor/gral-iiriondo/unitree_ws/build/mapping_configuration
[8.392s] running symlink_data
[8.392s] creating /home/igor/gral-iiriondo/unitree_ws/install/mapping_configuration/share/ament_index
[8.392s] creating /home/igor/gral-iiriondo/unitree_ws/install/mapping_configuration/share/ament_index/resource_index
[8.393s] creating /home/igor/gral-iiriondo/unitree_ws/install/mapping_configuration/share/ament_index/resource_index/packages
[8.393s] symbolically linking /home/igor/gral-iiriondo/unitree_ws/build/mapping_configuration/resource/mapping_configuration -> /home/igor/gral-iiriondo/unitree_ws/install/mapping_configuration/share/ament_index/resource_index/packages
[8.393s] symbolically linking /home/igor/gral-iiriondo/unitree_ws/build/mapping_configuration/package.xml -> /home/igor/gral-iiriondo/unitree_ws/install/mapping_configuration/share/mapping_configuration
[8.476s] Invoked command in '/home/igor/gral-iiriondo/unitree_ws/build/mapping_configuration' returned '0': PYTHONPATH=/home/igor/gral-iiriondo/unitree_ws/build/mapping_configuration/prefix_override:/usr/lib/python3/dist-packages/colcon_core/task/python/colcon_distutils_commands:/home/igor/gral-iiriondo/unitree_ws/install/mapping_configuration/lib/python3.10/site-packages:${PYTHONPATH} /usr/bin/python3 -W ignore:setup.py install is deprecated -W ignore:easy_install command is deprecated setup.py develop --editable --build-directory /home/igor/gral-iiriondo/unitree_ws/build/mapping_configuration/build --no-deps symlink_data
