running develop
running egg_info
creating slam_analysis.egg-info
writing slam_analysis.egg-info/PKG-INFO
writing dependency_links to slam_analysis.egg-info/dependency_links.txt
writing entry points to slam_analysis.egg-info/entry_points.txt
writing requirements to slam_analysis.egg-info/requires.txt
writing top-level names to slam_analysis.egg-info/top_level.txt
writing manifest file 'slam_analysis.egg-info/SOURCES.txt'
reading manifest file 'slam_analysis.egg-info/SOURCES.txt'
writing manifest file 'slam_analysis.egg-info/SOURCES.txt'
running build_ext
Creating /home/tknika/gral-iiriondo/unitree_ws/install/slam_analysis/lib/python3.10/site-packages/slam-analysis.egg-link (link to .)
Installing slam_benchmark script to /home/tknika/gral-iiriondo/unitree_ws/install/slam_analysis/lib/slam_analysis
Installing slam_benchmark_hex script to /home/tknika/gral-iiriondo/unitree_ws/install/slam_analysis/lib/slam_analysis

Installed /home/tknika/gral-iiriondo/unitree_ws/build/slam_analysis
running symlink_data
creating /home/tknika/gral-iiriondo/unitree_ws/install/slam_analysis/share/ament_index/resource_index/packages
symbolically linking /home/tknika/gral-iiriondo/unitree_ws/build/slam_analysis/resource/slam_analysis -> /home/tknika/gral-iiriondo/unitree_ws/install/slam_analysis/share/ament_index/resource_index/packages
symbolically linking /home/tknika/gral-iiriondo/unitree_ws/build/slam_analysis/package.xml -> /home/tknika/gral-iiriondo/unitree_ws/install/slam_analysis/share/slam_analysis
