[8.066s] Invoking command in '/home/tknika/gral-iiriondo-main/unitree_ws/build/asr': PS1=\[\e]0;\u@\h: \w\a\]${debian_chroot:+($debian_chroot)}\[\033[01;32m\]\u@\h\[\033[00m\]:\[\033[01;34m\]\w\[\033[00m\]\$ PYTHONPATH=/home/tknika/gral-iiriondo-main/unitree_ws/build/asr/prefix_override:/usr/lib/python3/dist-packages/colcon_core/task/python/colcon_distutils_commands:/home/tknika/gral-iiriondo-main/unitree_ws/install/asr/lib/python3.10/site-packages:${PYTHONPATH} VIRTUAL_ENV_PROMPT=(unitree_env) /usr/bin/python3 -W ignore:setup.py install is deprecated -W ignore:easy_install command is deprecated setup.py develop --editable --build-directory /home/tknika/gral-iiriondo-main/unitree_ws/build/asr/build --no-deps symlink_data
[11.013s] running develop
[14.178s] running egg_info
[14.201s] creating asr.egg-info
[14.369s] writing asr.egg-info/PKG-INFO
[14.384s] writing dependency_links to asr.egg-info/dependency_links.txt
[14.385s] writing entry points to asr.egg-info/entry_points.txt
[14.385s] writing requirements to asr.egg-info/requires.txt
[14.386s] writing top-level names to asr.egg-info/top_level.txt
[14.386s] writing manifest file 'asr.egg-info/SOURCES.txt'
[14.720s] reading manifest file 'asr.egg-info/SOURCES.txt'
[14.723s] writing manifest file 'asr.egg-info/SOURCES.txt'
[14.787s] running build_ext
[14.788s] Creating /home/tknika/gral-iiriondo-main/unitree_ws/install/asr/lib/python3.10/site-packages/asr.egg-link (link to .)
[14.790s] Installing vosk_node script to /home/tknika/gral-iiriondo-main/unitree_ws/install/asr/lib/asr
[14.796s] Installing whisper_medium_node script to /home/tknika/gral-iiriondo-main/unitree_ws/install/asr/lib/asr
[14.797s] 
[14.797s] Installed /home/tknika/gral-iiriondo-main/unitree_ws/build/asr
[14.797s] running symlink_data
[14.797s] creating /home/tknika/gral-iiriondo-main/unitree_ws/install/asr/share/ament_index
[14.797s] creating /home/tknika/gral-iiriondo-main/unitree_ws/install/asr/share/ament_index/resource_index
[14.797s] creating /home/tknika/gral-iiriondo-main/unitree_ws/install/asr/share/ament_index/resource_index/packages
[14.798s] symbolically linking /home/tknika/gral-iiriondo-main/unitree_ws/build/asr/resource/asr -> /home/tknika/gral-iiriondo-main/unitree_ws/install/asr/share/ament_index/resource_index/packages
[14.798s] symbolically linking /home/tknika/gral-iiriondo-main/unitree_ws/build/asr/package.xml -> /home/tknika/gral-iiriondo-main/unitree_ws/install/asr/share/asr
[14.798s] creating /home/tknika/gral-iiriondo-main/unitree_ws/install/asr/share/asr/launch
[14.798s] symbolically linking /home/tknika/gral-iiriondo-main/unitree_ws/build/asr/launch/vosk.launch.py -> /home/tknika/gral-iiriondo-main/unitree_ws/install/asr/share/asr/launch
[14.798s] symbolically linking /home/tknika/gral-iiriondo-main/unitree_ws/build/asr/launch/whisper_medium.launch.py -> /home/tknika/gral-iiriondo-main/unitree_ws/install/asr/share/asr/launch
[15.054s] Invoked command in '/home/tknika/gral-iiriondo-main/unitree_ws/build/asr' returned '0': PS1=\[\e]0;\u@\h: \w\a\]${debian_chroot:+($debian_chroot)}\[\033[01;32m\]\u@\h\[\033[00m\]:\[\033[01;34m\]\w\[\033[00m\]\$ PYTHONPATH=/home/tknika/gral-iiriondo-main/unitree_ws/build/asr/prefix_override:/usr/lib/python3/dist-packages/colcon_core/task/python/colcon_distutils_commands:/home/tknika/gral-iiriondo-main/unitree_ws/install/asr/lib/python3.10/site-packages:${PYTHONPATH} VIRTUAL_ENV_PROMPT=(unitree_env) /usr/bin/python3 -W ignore:setup.py install is deprecated -W ignore:easy_install command is deprecated setup.py develop --editable --build-directory /home/tknika/gral-iiriondo-main/unitree_ws/build/asr/build --no-deps symlink_data
