[7.720s] Invoking command in '/home/tknika/gral-iiriondo-main/unitree_ws/build/mapping_configuration': PS1=\[\e]0;\u@\h: \w\a\]${debian_chroot:+($debian_chroot)}\[\033[01;32m\]\u@\h\[\033[00m\]:\[\033[01;34m\]\w\[\033[00m\]\$ PYTHONPATH=/home/tknika/gral-iiriondo-main/unitree_ws/build/mapping_configuration/prefix_override:/usr/lib/python3/dist-packages/colcon_core/task/python/colcon_distutils_commands:/home/tknika/gral-iiriondo-main/unitree_ws/install/mapping_configuration/lib/python3.10/site-packages:${PYTHONPATH} VIRTUAL_ENV_PROMPT=(unitree_env) /usr/bin/python3 -W ignore:setup.py install is deprecated -W ignore:easy_install command is deprecated setup.py develop --editable --build-directory /home/tknika/gral-iiriondo-main/unitree_ws/build/mapping_configuration/build --no-deps symlink_data
[10.788s] running develop
[13.047s] running egg_info
[13.047s] creating mapping_configuration.egg-info
[13.171s] writing mapping_configuration.egg-info/PKG-INFO
[13.184s] writing dependency_links to mapping_configuration.egg-info/dependency_links.txt
[13.185s] writing entry points to mapping_configuration.egg-info/entry_points.txt
[13.186s] writing requirements to mapping_configuration.egg-info/requires.txt
[13.187s] writing top-level names to mapping_configuration.egg-info/top_level.txt
[13.188s] writing manifest file 'mapping_configuration.egg-info/SOURCES.txt'
[13.546s] reading manifest file 'mapping_configuration.egg-info/SOURCES.txt'
[13.547s] writing manifest file 'mapping_configuration.egg-info/SOURCES.txt'
[13.729s] running build_ext
[13.731s] Creating /home/tknika/gral-iiriondo-main/unitree_ws/install/mapping_configuration/lib/python3.10/site-packages/mapping-configuration.egg-link (link to .)
[13.731s] Installing mapping_publishers script to /home/tknika/gral-iiriondo-main/unitree_ws/install/mapping_configuration/lib/mapping_configuration
[13.731s] 
[13.732s] Installed /home/tknika/gral-iiriondo-main/unitree_ws/build/mapping_configuration
[13.732s] running symlink_data
[13.732s] creating /home/tknika/gral-iiriondo-main/unitree_ws/install/mapping_configuration/share/ament_index
[13.732s] creating /home/tknika/gral-iiriondo-main/unitree_ws/install/mapping_configuration/share/ament_index/resource_index
[13.732s] creating /home/tknika/gral-iiriondo-main/unitree_ws/install/mapping_configuration/share/ament_index/resource_index/packages
[13.732s] symbolically linking /home/tknika/gral-iiriondo-main/unitree_ws/build/mapping_configuration/resource/mapping_configuration -> /home/tknika/gral-iiriondo-main/unitree_ws/install/mapping_configuration/share/ament_index/resource_index/packages
[13.733s] symbolically linking /home/tknika/gral-iiriondo-main/unitree_ws/build/mapping_configuration/package.xml -> /home/tknika/gral-iiriondo-main/unitree_ws/install/mapping_configuration/share/mapping_configuration
[14.504s] Invoked command in '/home/tknika/gral-iiriondo-main/unitree_ws/build/mapping_configuration' returned '0': PS1=\[\e]0;\u@\h: \w\a\]${debian_chroot:+($debian_chroot)}\[\033[01;32m\]\u@\h\[\033[00m\]:\[\033[01;34m\]\w\[\033[00m\]\$ PYTHONPATH=/home/tknika/gral-iiriondo-main/unitree_ws/build/mapping_configuration/prefix_override:/usr/lib/python3/dist-packages/colcon_core/task/python/colcon_distutils_commands:/home/tknika/gral-iiriondo-main/unitree_ws/install/mapping_configuration/lib/python3.10/site-packages:${PYTHONPATH} VIRTUAL_ENV_PROMPT=(unitree_env) /usr/bin/python3 -W ignore:setup.py install is deprecated -W ignore:easy_install command is deprecated setup.py develop --editable --build-directory /home/tknika/gral-iiriondo-main/unitree_ws/build/mapping_configuration/build --no-deps symlink_data
