[3.986s] Invoking command in '/home/tknika/gral-iiriondo/unitree_ws/build/speech_to_goal': LD_LIBRARY_PATH=/home/tknika/gral-iiriondo/unitree_ws/install/speech_to_goal_interfaces/lib:/home/tknika/gral-iiriondo/unitree_ws/install/object_recognition_interfaces/lib:/home/tknika/gral-iiriondo/unitree_ws/install/aruco_markers_msgs/lib:/usr/lib/aarch64-linux-gnu/nvidia:/usr/local/cuda/lib64:/usr/local/cuda-12.6/lib64:/usr/lib/aarch64-linux-gnu/nvidia:/usr/local/cuda/lib64:/opt/ros/humble/opt/rviz_ogre_vendor/lib:/opt/ros/humble/lib/aarch64-linux-gnu:/opt/ros/humble/lib:/usr/local/cuda-12.6/lib64 PYTHONPATH=/home/tknika/gral-iiriondo/unitree_ws/build/speech_to_goal/prefix_override:/usr/lib/python3/dist-packages/colcon_core/task/python/colcon_distutils_commands:/home/tknika/gral-iiriondo/unitree_ws/install/speech_to_goal/lib/python3.10/site-packages:${PYTHONPATH} /usr/bin/python3 -W ignore:setup.py install is deprecated -W ignore:easy_install command is deprecated setup.py develop --editable --build-directory /home/tknika/gral-iiriondo/unitree_ws/build/speech_to_goal/build --no-deps symlink_data
[4.786s] running develop
[5.283s] running egg_info
[5.311s] writing speech_to_goal.egg-info/PKG-INFO
[5.311s] writing dependency_links to speech_to_goal.egg-info/dependency_links.txt
[5.312s] writing entry points to speech_to_goal.egg-info/entry_points.txt
[5.312s] writing requirements to speech_to_goal.egg-info/requires.txt
[5.312s] writing top-level names to speech_to_goal.egg-info/top_level.txt
[5.372s] reading manifest file 'speech_to_goal.egg-info/SOURCES.txt'
[5.373s] writing manifest file 'speech_to_goal.egg-info/SOURCES.txt'
[5.407s] running build_ext
[5.407s] Creating /home/tknika/gral-iiriondo/unitree_ws/install/speech_to_goal/lib/python3.10/site-packages/speech-to-goal.egg-link (link to .)
[5.409s] Installing intent_classifier_node script to /home/tknika/gral-iiriondo/unitree_ws/install/speech_to_goal/lib/speech_to_goal
[5.410s] Installing speech_to_goal_llm_node script to /home/tknika/gral-iiriondo/unitree_ws/install/speech_to_goal/lib/speech_to_goal
[5.410s] Installing speech_to_goal_main_planner_node script to /home/tknika/gral-iiriondo/unitree_ws/install/speech_to_goal/lib/speech_to_goal
[5.410s] Installing speech_to_goal_main_planner_node_logs script to /home/tknika/gral-iiriondo/unitree_ws/install/speech_to_goal/lib/speech_to_goal
[5.410s] Installing speech_to_goal_node script to /home/tknika/gral-iiriondo/unitree_ws/install/speech_to_goal/lib/speech_to_goal
[5.411s] 
[5.411s] Installed /home/tknika/gral-iiriondo/unitree_ws/build/speech_to_goal
[5.411s] running symlink_data
[5.411s] symbolically linking /home/tknika/gral-iiriondo/unitree_ws/build/speech_to_goal/launch/speech_to_goal_logs.launch.py -> /home/tknika/gral-iiriondo/unitree_ws/install/speech_to_goal/share/speech_to_goal/launch
[5.586s] Invoked command in '/home/tknika/gral-iiriondo/unitree_ws/build/speech_to_goal' returned '0': LD_LIBRARY_PATH=/home/tknika/gral-iiriondo/unitree_ws/install/speech_to_goal_interfaces/lib:/home/tknika/gral-iiriondo/unitree_ws/install/object_recognition_interfaces/lib:/home/tknika/gral-iiriondo/unitree_ws/install/aruco_markers_msgs/lib:/usr/lib/aarch64-linux-gnu/nvidia:/usr/local/cuda/lib64:/usr/local/cuda-12.6/lib64:/usr/lib/aarch64-linux-gnu/nvidia:/usr/local/cuda/lib64:/opt/ros/humble/opt/rviz_ogre_vendor/lib:/opt/ros/humble/lib/aarch64-linux-gnu:/opt/ros/humble/lib:/usr/local/cuda-12.6/lib64 PYTHONPATH=/home/tknika/gral-iiriondo/unitree_ws/build/speech_to_goal/prefix_override:/usr/lib/python3/dist-packages/colcon_core/task/python/colcon_distutils_commands:/home/tknika/gral-iiriondo/unitree_ws/install/speech_to_goal/lib/python3.10/site-packages:${PYTHONPATH} /usr/bin/python3 -W ignore:setup.py install is deprecated -W ignore:easy_install command is deprecated setup.py develop --editable --build-directory /home/tknika/gral-iiriondo/unitree_ws/build/speech_to_goal/build --no-deps symlink_data
