[7.314s] Invoking command in '/home/tknika/gral-iiriondo-main/unitree_ws/build/go1_description': PS1=\[\e]0;\u@\h: \w\a\]${debian_chroot:+($debian_chroot)}\[\033[01;32m\]\u@\h\[\033[00m\]:\[\033[01;34m\]\w\[\033[00m\]\$ PYTHONPATH=/home/tknika/gral-iiriondo-main/unitree_ws/build/go1_description/prefix_override:/usr/lib/python3/dist-packages/colcon_core/task/python/colcon_distutils_commands:/home/tknika/gral-iiriondo-main/unitree_ws/install/go1_description/lib/python3.10/site-packages:${PYTHONPATH} VIRTUAL_ENV_PROMPT=(unitree_env) /usr/bin/python3 -W ignore:setup.py install is deprecated -W ignore:easy_install command is deprecated setup.py develop --editable --build-directory /home/tknika/gral-iiriondo-main/unitree_ws/build/go1_description/build --no-deps symlink_data
[10.328s] running develop
[13.041s] running egg_info
[13.041s] creating go1_description.egg-info
[13.230s] writing go1_description.egg-info/PKG-INFO
[13.246s] writing dependency_links to go1_description.egg-info/dependency_links.txt
[13.247s] writing requirements to go1_description.egg-info/requires.txt
[13.253s] writing top-level names to go1_description.egg-info/top_level.txt
[13.253s] writing manifest file 'go1_description.egg-info/SOURCES.txt'
[13.704s] reading manifest file 'go1_description.egg-info/SOURCES.txt'
[13.706s] writing manifest file 'go1_description.egg-info/SOURCES.txt'
[13.900s] running build_ext
[13.910s] Creating /home/tknika/gral-iiriondo-main/unitree_ws/install/go1_description/lib/python3.10/site-packages/go1-description.egg-link (link to .)
[13.920s] 
[13.921s] Installed /home/tknika/gral-iiriondo-main/unitree_ws/build/go1_description
[13.921s] running symlink_data
[13.921s] creating /home/tknika/gral-iiriondo-main/unitree_ws/install/go1_description/share/ament_index
[13.922s] creating /home/tknika/gral-iiriondo-main/unitree_ws/install/go1_description/share/ament_index/resource_index
[13.922s] creating /home/tknika/gral-iiriondo-main/unitree_ws/install/go1_description/share/ament_index/resource_index/packages
[13.923s] symbolically linking /home/tknika/gral-iiriondo-main/unitree_ws/build/go1_description/resource/go1_description -> /home/tknika/gral-iiriondo-main/unitree_ws/install/go1_description/share/ament_index/resource_index/packages
[13.926s] symbolically linking /home/tknika/gral-iiriondo-main/unitree_ws/build/go1_description/package.xml -> /home/tknika/gral-iiriondo-main/unitree_ws/install/go1_description/share/go1_description
[13.927s] creating /home/tknika/gral-iiriondo-main/unitree_ws/install/go1_description/share/go1_description/launch
[13.927s] symbolically linking /home/tknika/gral-iiriondo-main/unitree_ws/build/go1_description/launch/go1_rviz.launch.py -> /home/tknika/gral-iiriondo-main/unitree_ws/install/go1_description/share/go1_description/launch
[13.928s] creating /home/tknika/gral-iiriondo-main/unitree_ws/install/go1_description/share/go1_description/urdf
[13.928s] symbolically linking /home/tknika/gral-iiriondo-main/unitree_ws/build/go1_description/urdf/go1.urdf -> /home/tknika/gral-iiriondo-main/unitree_ws/install/go1_description/share/go1_description/urdf
[13.929s] creating /home/tknika/gral-iiriondo-main/unitree_ws/install/go1_description/share/go1_description/xacro
[13.934s] symbolically linking /home/tknika/gral-iiriondo-main/unitree_ws/build/go1_description/xacro/const.xacro -> /home/tknika/gral-iiriondo-main/unitree_ws/install/go1_description/share/go1_description/xacro
[13.935s] symbolically linking /home/tknika/gral-iiriondo-main/unitree_ws/build/go1_description/xacro/gazebo.xacro -> /home/tknika/gral-iiriondo-main/unitree_ws/install/go1_description/share/go1_description/xacro
[13.935s] symbolically linking /home/tknika/gral-iiriondo-main/unitree_ws/build/go1_description/xacro/depthCamera.xacro -> /home/tknika/gral-iiriondo-main/unitree_ws/install/go1_description/share/go1_description/xacro
[13.941s] symbolically linking /home/tknika/gral-iiriondo-main/unitree_ws/build/go1_description/xacro/materials.xacro -> /home/tknika/gral-iiriondo-main/unitree_ws/install/go1_description/share/go1_description/xacro
[13.942s] symbolically linking /home/tknika/gral-iiriondo-main/unitree_ws/build/go1_description/xacro/transmission.xacro -> /home/tknika/gral-iiriondo-main/unitree_ws/install/go1_description/share/go1_description/xacro
[13.942s] symbolically linking /home/tknika/gral-iiriondo-main/unitree_ws/build/go1_description/xacro/robot.xacro -> /home/tknika/gral-iiriondo-main/unitree_ws/install/go1_description/share/go1_description/xacro
[13.943s] symbolically linking /home/tknika/gral-iiriondo-main/unitree_ws/build/go1_description/xacro/leg.xacro -> /home/tknika/gral-iiriondo-main/unitree_ws/install/go1_description/share/go1_description/xacro
[13.944s] symbolically linking /home/tknika/gral-iiriondo-main/unitree_ws/build/go1_description/xacro/ultraSound.xacro -> /home/tknika/gral-iiriondo-main/unitree_ws/install/go1_description/share/go1_description/xacro
[13.944s] creating /home/tknika/gral-iiriondo-main/unitree_ws/install/go1_description/share/go1_description/meshes
[13.945s] symbolically linking /home/tknika/gral-iiriondo-main/unitree_ws/build/go1_description/meshes/calf.dae -> /home/tknika/gral-iiriondo-main/unitree_ws/install/go1_description/share/go1_description/meshes
[13.946s] symbolically linking /home/tknika/gral-iiriondo-main/unitree_ws/build/go1_description/meshes/hip.dae -> /home/tknika/gral-iiriondo-main/unitree_ws/install/go1_description/share/go1_description/meshes
[13.951s] symbolically linking /home/tknika/gral-iiriondo-main/unitree_ws/build/go1_description/meshes/ultraSound.dae -> /home/tknika/gral-iiriondo-main/unitree_ws/install/go1_description/share/go1_description/meshes
[13.951s] symbolically linking /home/tknika/gral-iiriondo-main/unitree_ws/build/go1_description/meshes/depthCamera.dae -> /home/tknika/gral-iiriondo-main/unitree_ws/install/go1_description/share/go1_description/meshes
[13.951s] symbolically linking /home/tknika/gral-iiriondo-main/unitree_ws/build/go1_description/meshes/thigh.dae -> /home/tknika/gral-iiriondo-main/unitree_ws/install/go1_description/share/go1_description/meshes
[13.951s] symbolically linking /home/tknika/gral-iiriondo-main/unitree_ws/build/go1_description/meshes/thigh_mirror.dae -> /home/tknika/gral-iiriondo-main/unitree_ws/install/go1_description/share/go1_description/meshes
[13.962s] symbolically linking /home/tknika/gral-iiriondo-main/unitree_ws/build/go1_description/meshes/trunk.dae -> /home/tknika/gral-iiriondo-main/unitree_ws/install/go1_description/share/go1_description/meshes
[14.727s] Invoked command in '/home/tknika/gral-iiriondo-main/unitree_ws/build/go1_description' returned '0': PS1=\[\e]0;\u@\h: \w\a\]${debian_chroot:+($debian_chroot)}\[\033[01;32m\]\u@\h\[\033[00m\]:\[\033[01;34m\]\w\[\033[00m\]\$ PYTHONPATH=/home/tknika/gral-iiriondo-main/unitree_ws/build/go1_description/prefix_override:/usr/lib/python3/dist-packages/colcon_core/task/python/colcon_distutils_commands:/home/tknika/gral-iiriondo-main/unitree_ws/install/go1_description/lib/python3.10/site-packages:${PYTHONPATH} VIRTUAL_ENV_PROMPT=(unitree_env) /usr/bin/python3 -W ignore:setup.py install is deprecated -W ignore:easy_install command is deprecated setup.py develop --editable --build-directory /home/tknika/gral-iiriondo-main/unitree_ws/build/go1_description/build --no-deps symlink_data
