[3.131s] Invoking command in '/home/tknika/gral-iiriondo-main/unitree_ws/build/object_recognition': CMAKE_PREFIX_PATH=/home/tknika/gral-iiriondo-main/unitree_ws/install/object_recognition_interfaces:/home/tknika/gral-iiriondo-main/unitree_ws/install/speech_to_goal_interfaces:/home/tknika/gral-iiriondo-main/unitree_ws/install/aruco_markers_msgs LD_LIBRARY_PATH=/home/tknika/gral-iiriondo-main/unitree_ws/install/object_recognition_interfaces/lib:/home/tknika/gral-iiriondo-main/unitree_ws/install/speech_to_goal_interfaces/lib:/home/tknika/gral-iiriondo-main/unitree_ws/install/aruco_markers_msgs/lib:/usr/lib/aarch64-linux-gnu/nvidia:/usr/local/cuda/lib64:/opt/ros/humble/opt/rviz_ogre_vendor/lib:/opt/ros/humble/lib/aarch64-linux-gnu:/opt/ros/humble/lib:/usr/local/cuda-12.6/lib64:/usr/lib/aarch64-linux-gnu/nvid PS1=\[\e]0;\u@\h: \w\a\]${debian_chroot:+($debian_chroot)}\[\033[01;32m\]\u@\h\[\033[00m\]:\[\033[01;34m\]\w\[\033[00m\]\$ PYTHONPATH=/home/tknika/gral-iiriondo-main/unitree_ws/build/object_recognition/prefix_override:/usr/lib/python3/dist-packages/colcon_core/task/python/colcon_distutils_commands:/home/tknika/gral-iiriondo-main/unitree_ws/install/object_recognition/lib/python3.10/site-packages:${PYTHONPATH} VIRTUAL_ENV_PROMPT=(unitree_env) /usr/bin/python3 -W ignore:setup.py install is deprecated -W ignore:easy_install command is deprecated setup.py develop --editable --build-directory /home/tknika/gral-iiriondo-main/unitree_ws/build/object_recognition/build --no-deps symlink_data
[4.103s] running develop
[4.747s] running egg_info
[4.747s] creating object_recognition.egg-info
[4.790s] writing object_recognition.egg-info/PKG-INFO
[4.791s] writing dependency_links to object_recognition.egg-info/dependency_links.txt
[4.791s] writing entry points to object_recognition.egg-info/entry_points.txt
[4.792s] writing requirements to object_recognition.egg-info/requires.txt
[4.792s] writing top-level names to object_recognition.egg-info/top_level.txt
[4.792s] writing manifest file 'object_recognition.egg-info/SOURCES.txt'
[4.878s] reading manifest file 'object_recognition.egg-info/SOURCES.txt'
[4.879s] writing manifest file 'object_recognition.egg-info/SOURCES.txt'
[4.925s] running build_ext
[4.926s] Creating /home/tknika/gral-iiriondo-main/unitree_ws/install/object_recognition/lib/python3.10/site-packages/object-recognition.egg-link (link to .)
[4.927s] Installing object_recognition_node script to /home/tknika/gral-iiriondo-main/unitree_ws/install/object_recognition/lib/object_recognition
[4.928s] 
[4.928s] Installed /home/tknika/gral-iiriondo-main/unitree_ws/build/object_recognition
[4.928s] running symlink_data
[4.929s] creating /home/tknika/gral-iiriondo-main/unitree_ws/install/object_recognition/share/ament_index
[4.929s] creating /home/tknika/gral-iiriondo-main/unitree_ws/install/object_recognition/share/ament_index/resource_index
[4.929s] creating /home/tknika/gral-iiriondo-main/unitree_ws/install/object_recognition/share/ament_index/resource_index/packages
[4.929s] symbolically linking /home/tknika/gral-iiriondo-main/unitree_ws/build/object_recognition/resource/object_recognition -> /home/tknika/gral-iiriondo-main/unitree_ws/install/object_recognition/share/ament_index/resource_index/packages
[4.930s] symbolically linking /home/tknika/gral-iiriondo-main/unitree_ws/build/object_recognition/package.xml -> /home/tknika/gral-iiriondo-main/unitree_ws/install/object_recognition/share/object_recognition
[5.102s] Invoked command in '/home/tknika/gral-iiriondo-main/unitree_ws/build/object_recognition' returned '0': CMAKE_PREFIX_PATH=/home/tknika/gral-iiriondo-main/unitree_ws/install/object_recognition_interfaces:/home/tknika/gral-iiriondo-main/unitree_ws/install/speech_to_goal_interfaces:/home/tknika/gral-iiriondo-main/unitree_ws/install/aruco_markers_msgs LD_LIBRARY_PATH=/home/tknika/gral-iiriondo-main/unitree_ws/install/object_recognition_interfaces/lib:/home/tknika/gral-iiriondo-main/unitree_ws/install/speech_to_goal_interfaces/lib:/home/tknika/gral-iiriondo-main/unitree_ws/install/aruco_markers_msgs/lib:/usr/lib/aarch64-linux-gnu/nvidia:/usr/local/cuda/lib64:/opt/ros/humble/opt/rviz_ogre_vendor/lib:/opt/ros/humble/lib/aarch64-linux-gnu:/opt/ros/humble/lib:/usr/local/cuda-12.6/lib64:/usr/lib/aarch64-linux-gnu/nvid PS1=\[\e]0;\u@\h: \w\a\]${debian_chroot:+($debian_chroot)}\[\033[01;32m\]\u@\h\[\033[00m\]:\[\033[01;34m\]\w\[\033[00m\]\$ PYTHONPATH=/home/tknika/gral-iiriondo-main/unitree_ws/build/object_recognition/prefix_override:/usr/lib/python3/dist-packages/colcon_core/task/python/colcon_distutils_commands:/home/tknika/gral-iiriondo-main/unitree_ws/install/object_recognition/lib/python3.10/site-packages:${PYTHONPATH} VIRTUAL_ENV_PROMPT=(unitree_env) /usr/bin/python3 -W ignore:setup.py install is deprecated -W ignore:easy_install command is deprecated setup.py develop --editable --build-directory /home/tknika/gral-iiriondo-main/unitree_ws/build/object_recognition/build --no-deps symlink_data
