[0.101s] Invoking command in '/home/tknika/gral-iiriondo/unitree_ws/build/aruco_markers_msgs': CMAKE_PREFIX_PATH=${CMAKE_PREFIX_PATH}:/home/tknika/gral-iiriondo/unitree_ws/install/standing_mode:/home/tknika/gral-iiriondo/unitree_ws/install/speech_to_goal:/home/tknika/gral-iiriondo/unitree_ws/install/object_recognition:/home/tknika/gral-iiriondo/unitree_ws/install/mapping_configuration:/home/tknika/gral-iiriondo/unitree_ws/install/go1_description:/home/tknika/gral-iiriondo/unitree_ws/install/asr:/home/tknika/gral-iiriondo/unitree_ws/install/aruco_detector:/opt/ros/humble /usr/bin/cmake --build /home/tknika/gral-iiriondo/unitree_ws/build/aruco_markers_msgs -- -j8 -l8
[2.508s] [  2%] Built target aruco_markers_msgs__rs
[2.509s] [  5%] Built target aruco_markers_msgs__cpp
[2.509s] [ 15%] Built target aruco_markers_msgs__rosidl_generator_c
[2.510s] [ 15%] Built target ament_cmake_python_symlink_aruco_markers_msgs
[2.510s] [ 32%] Built target aruco_markers_msgs__rosidl_typesupport_introspection_cpp
[2.511s] [ 35%] Built target aruco_markers_msgs__rosidl_typesupport_cpp
[2.511s] [ 55%] Built target aruco_markers_msgs__rosidl_typesupport_fastrtps_cpp
[2.512s] [ 55%] Built target aruco_markers_msgs__rosidl_typesupport_fastrtps_c
[2.513s] [ 65%] Built target aruco_markers_msgs__rosidl_typesupport_introspection_c
[2.514s] [ 75%] Built target aruco_markers_msgs__rosidl_typesupport_c
[2.514s] [ 75%] Built target aruco_markers_msgs
[2.514s] [ 77%] Built target aruco_markers_msgs__py
[2.514s] [ 85%] Built target aruco_markers_msgs__rosidl_generator_py
[2.514s] [ 90%] Built target aruco_markers_msgs__rosidl_typesupport_fastrtps_c__pyext
[2.515s] [ 95%] Built target aruco_markers_msgs__rosidl_typesupport_c__pyext
[2.515s] [100%] Built target aruco_markers_msgs__rosidl_typesupport_introspection_c__pyext
[2.515s] running egg_info
[2.515s] writing aruco_markers_msgs.egg-info/PKG-INFO
[2.515s] writing dependency_links to aruco_markers_msgs.egg-info/dependency_links.txt
[2.515s] writing top-level names to aruco_markers_msgs.egg-info/top_level.txt
[2.516s] reading manifest file 'aruco_markers_msgs.egg-info/SOURCES.txt'
[2.517s] writing manifest file 'aruco_markers_msgs.egg-info/SOURCES.txt'
[2.517s] [100%] Built target ament_cmake_python_build_aruco_markers_msgs_egg
[2.539s] Invoked command in '/home/tknika/gral-iiriondo/unitree_ws/build/aruco_markers_msgs' returned '0': CMAKE_PREFIX_PATH=${CMAKE_PREFIX_PATH}:/home/tknika/gral-iiriondo/unitree_ws/install/standing_mode:/home/tknika/gral-iiriondo/unitree_ws/install/speech_to_goal:/home/tknika/gral-iiriondo/unitree_ws/install/object_recognition:/home/tknika/gral-iiriondo/unitree_ws/install/mapping_configuration:/home/tknika/gral-iiriondo/unitree_ws/install/go1_description:/home/tknika/gral-iiriondo/unitree_ws/install/asr:/home/tknika/gral-iiriondo/unitree_ws/install/aruco_detector:/opt/ros/humble /usr/bin/cmake --build /home/tknika/gral-iiriondo/unitree_ws/build/aruco_markers_msgs -- -j8 -l8
[2.545s] Invoking command in '/home/tknika/gral-iiriondo/unitree_ws/build/aruco_markers_msgs': CMAKE_PREFIX_PATH=${CMAKE_PREFIX_PATH}:/home/tknika/gral-iiriondo/unitree_ws/install/standing_mode:/home/tknika/gral-iiriondo/unitree_ws/install/speech_to_goal:/home/tknika/gral-iiriondo/unitree_ws/install/object_recognition:/home/tknika/gral-iiriondo/unitree_ws/install/mapping_configuration:/home/tknika/gral-iiriondo/unitree_ws/install/go1_description:/home/tknika/gral-iiriondo/unitree_ws/install/asr:/home/tknika/gral-iiriondo/unitree_ws/install/aruco_detector:/opt/ros/humble /usr/bin/cmake --install /home/tknika/gral-iiriondo/unitree_ws/build/aruco_markers_msgs
[3.060s] -- Install configuration: ""
[3.061s] -- Execute custom install script
[3.066s] -- Up-to-date symlink: /home/tknika/gral-iiriondo/unitree_ws/install/aruco_markers_msgs/share/ament_index/resource_index/rosidl_interfaces/aruco_markers_msgs
[3.068s] -- Up-to-date symlink: /home/tknika/gral-iiriondo/unitree_ws/install/aruco_markers_msgs/include/aruco_markers_msgs/aruco_markers_msgs/msg/detail/marker__functions.h
[3.068s] -- Up-to-date symlink: /home/tknika/gral-iiriondo/unitree_ws/install/aruco_markers_msgs/include/aruco_markers_msgs/aruco_markers_msgs/msg/detail/marker__struct.h
[3.068s] -- Up-to-date symlink: /home/tknika/gral-iiriondo/unitree_ws/install/aruco_markers_msgs/include/aruco_markers_msgs/aruco_markers_msgs/msg/detail/marker__type_support.h
[3.069s] -- Up-to-date symlink: /home/tknika/gral-iiriondo/unitree_ws/install/aruco_markers_msgs/include/aruco_markers_msgs/aruco_markers_msgs/msg/detail/marker_array__functions.h
[3.069s] -- Up-to-date symlink: /home/tknika/gral-iiriondo/unitree_ws/install/aruco_markers_msgs/include/aruco_markers_msgs/aruco_markers_msgs/msg/detail/marker_array__struct.h
[3.069s] -- Up-to-date symlink: /home/tknika/gral-iiriondo/unitree_ws/install/aruco_markers_msgs/include/aruco_markers_msgs/aruco_markers_msgs/msg/detail/marker_array__type_support.h
[3.069s] -- Up-to-date symlink: /home/tknika/gral-iiriondo/unitree_ws/install/aruco_markers_msgs/include/aruco_markers_msgs/aruco_markers_msgs/msg/marker.h
[3.069s] -- Up-to-date symlink: /home/tknika/gral-iiriondo/unitree_ws/install/aruco_markers_msgs/include/aruco_markers_msgs/aruco_markers_msgs/msg/marker_array.h
[3.070s] -- Up-to-date symlink: /home/tknika/gral-iiriondo/unitree_ws/install/aruco_markers_msgs/include/aruco_markers_msgs/aruco_markers_msgs/msg/rosidl_generator_c__visibility_control.h
[3.070s] -- Up-to-date symlink: /home/tknika/gral-iiriondo/unitree_ws/install/aruco_markers_msgs/share/aruco_markers_msgs/environment/library_path.sh
[3.071s] -- Up-to-date symlink: /home/tknika/gral-iiriondo/unitree_ws/install/aruco_markers_msgs/share/aruco_markers_msgs/environment/library_path.dsv
[3.071s] -- Up-to-date symlink: /home/tknika/gral-iiriondo/unitree_ws/install/aruco_markers_msgs/include/aruco_markers_msgs/aruco_markers_msgs/msg/detail/marker__rosidl_typesupport_fastrtps_c.h
[3.072s] -- Up-to-date symlink: /home/tknika/gral-iiriondo/unitree_ws/install/aruco_markers_msgs/include/aruco_markers_msgs/aruco_markers_msgs/msg/detail/marker_array__rosidl_typesupport_fastrtps_c.h
[3.072s] -- Up-to-date symlink: /home/tknika/gral-iiriondo/unitree_ws/install/aruco_markers_msgs/include/aruco_markers_msgs/aruco_markers_msgs/msg/rosidl_typesupport_fastrtps_c__visibility_control.h
[3.072s] -- Up-to-date symlink: /home/tknika/gral-iiriondo/unitree_ws/install/aruco_markers_msgs/include/aruco_markers_msgs/aruco_markers_msgs/msg/detail/marker__builder.hpp
[3.072s] -- Up-to-date symlink: /home/tknika/gral-iiriondo/unitree_ws/install/aruco_markers_msgs/include/aruco_markers_msgs/aruco_markers_msgs/msg/detail/marker__struct.hpp
[3.073s] -- Up-to-date symlink: /home/tknika/gral-iiriondo/unitree_ws/install/aruco_markers_msgs/include/aruco_markers_msgs/aruco_markers_msgs/msg/detail/marker__traits.hpp
[3.073s] -- Up-to-date symlink: /home/tknika/gral-iiriondo/unitree_ws/install/aruco_markers_msgs/include/aruco_markers_msgs/aruco_markers_msgs/msg/detail/marker__type_support.hpp
[3.073s] -- Up-to-date symlink: /home/tknika/gral-iiriondo/unitree_ws/install/aruco_markers_msgs/include/aruco_markers_msgs/aruco_markers_msgs/msg/detail/marker_array__builder.hpp
[3.073s] -- Up-to-date symlink: /home/tknika/gral-iiriondo/unitree_ws/install/aruco_markers_msgs/include/aruco_markers_msgs/aruco_markers_msgs/msg/detail/marker_array__struct.hpp
[3.073s] -- Up-to-date symlink: /home/tknika/gral-iiriondo/unitree_ws/install/aruco_markers_msgs/include/aruco_markers_msgs/aruco_markers_msgs/msg/detail/marker_array__traits.hpp
[3.073s] -- Up-to-date symlink: /home/tknika/gral-iiriondo/unitree_ws/install/aruco_markers_msgs/include/aruco_markers_msgs/aruco_markers_msgs/msg/detail/marker_array__type_support.hpp
[3.073s] -- Up-to-date symlink: /home/tknika/gral-iiriondo/unitree_ws/install/aruco_markers_msgs/include/aruco_markers_msgs/aruco_markers_msgs/msg/marker.hpp
[3.073s] -- Up-to-date symlink: /home/tknika/gral-iiriondo/unitree_ws/install/aruco_markers_msgs/include/aruco_markers_msgs/aruco_markers_msgs/msg/marker_array.hpp
[3.074s] -- Up-to-date symlink: /home/tknika/gral-iiriondo/unitree_ws/install/aruco_markers_msgs/include/aruco_markers_msgs/aruco_markers_msgs/msg/rosidl_generator_cpp__visibility_control.hpp
[3.074s] -- Up-to-date symlink: /home/tknika/gral-iiriondo/unitree_ws/install/aruco_markers_msgs/include/aruco_markers_msgs/aruco_markers_msgs/msg/detail/marker__rosidl_typesupport_fastrtps_cpp.hpp
[3.074s] -- Up-to-date symlink: /home/tknika/gral-iiriondo/unitree_ws/install/aruco_markers_msgs/include/aruco_markers_msgs/aruco_markers_msgs/msg/detail/marker_array__rosidl_typesupport_fastrtps_cpp.hpp
[3.074s] -- Up-to-date symlink: /home/tknika/gral-iiriondo/unitree_ws/install/aruco_markers_msgs/include/aruco_markers_msgs/aruco_markers_msgs/msg/rosidl_typesupport_fastrtps_cpp__visibility_control.h
[3.074s] -- Up-to-date symlink: /home/tknika/gral-iiriondo/unitree_ws/install/aruco_markers_msgs/include/aruco_markers_msgs/aruco_markers_msgs/msg/detail/marker__rosidl_typesupport_introspection_c.h
[3.074s] -- Up-to-date symlink: /home/tknika/gral-iiriondo/unitree_ws/install/aruco_markers_msgs/include/aruco_markers_msgs/aruco_markers_msgs/msg/detail/marker_array__rosidl_typesupport_introspection_c.h
[3.074s] -- Up-to-date symlink: /home/tknika/gral-iiriondo/unitree_ws/install/aruco_markers_msgs/include/aruco_markers_msgs/aruco_markers_msgs/msg/rosidl_typesupport_introspection_c__visibility_control.h
[3.074s] -- Up-to-date symlink: /home/tknika/gral-iiriondo/unitree_ws/install/aruco_markers_msgs/include/aruco_markers_msgs/aruco_markers_msgs/msg/detail/marker__rosidl_typesupport_introspection_cpp.hpp
[3.075s] -- Up-to-date symlink: /home/tknika/gral-iiriondo/unitree_ws/install/aruco_markers_msgs/include/aruco_markers_msgs/aruco_markers_msgs/msg/detail/marker_array__rosidl_typesupport_introspection_cpp.hpp
[3.075s] -- Up-to-date symlink: /home/tknika/gral-iiriondo/unitree_ws/install/aruco_markers_msgs/share/aruco_markers_msgs/environment/pythonpath.sh
[3.075s] -- Up-to-date symlink: /home/tknika/gral-iiriondo/unitree_ws/install/aruco_markers_msgs/share/aruco_markers_msgs/environment/pythonpath.dsv
[3.075s] -- Up-to-date symlink: /home/tknika/gral-iiriondo/unitree_ws/install/aruco_markers_msgs/local/lib/python3.10/dist-packages/aruco_markers_msgs-0.0.3-py3.10.egg-info/PKG-INFO
[3.075s] -- Up-to-date symlink: /home/tknika/gral-iiriondo/unitree_ws/install/aruco_markers_msgs/local/lib/python3.10/dist-packages/aruco_markers_msgs-0.0.3-py3.10.egg-info/SOURCES.txt
[3.075s] -- Up-to-date symlink: /home/tknika/gral-iiriondo/unitree_ws/install/aruco_markers_msgs/local/lib/python3.10/dist-packages/aruco_markers_msgs-0.0.3-py3.10.egg-info/dependency_links.txt
[3.075s] -- Up-to-date symlink: /home/tknika/gral-iiriondo/unitree_ws/install/aruco_markers_msgs/local/lib/python3.10/dist-packages/aruco_markers_msgs-0.0.3-py3.10.egg-info/top_level.txt
[3.075s] -- Up-to-date symlink: /home/tknika/gral-iiriondo/unitree_ws/install/aruco_markers_msgs/local/lib/python3.10/dist-packages/aruco_markers_msgs/__init__.py
[3.076s] -- Up-to-date symlink: /home/tknika/gral-iiriondo/unitree_ws/install/aruco_markers_msgs/local/lib/python3.10/dist-packages/aruco_markers_msgs/_aruco_markers_msgs_s.ep.rosidl_typesupport_c.c
[3.076s] -- Up-to-date symlink: /home/tknika/gral-iiriondo/unitree_ws/install/aruco_markers_msgs/local/lib/python3.10/dist-packages/aruco_markers_msgs/_aruco_markers_msgs_s.ep.rosidl_typesupport_fastrtps_c.c
[3.076s] -- Up-to-date symlink: /home/tknika/gral-iiriondo/unitree_ws/install/aruco_markers_msgs/local/lib/python3.10/dist-packages/aruco_markers_msgs/_aruco_markers_msgs_s.ep.rosidl_typesupport_introspection_c.c
[3.076s] -- Up-to-date symlink: /home/tknika/gral-iiriondo/unitree_ws/install/aruco_markers_msgs/local/lib/python3.10/dist-packages/aruco_markers_msgs/aruco_markers_msgs_s__rosidl_typesupport_c.cpython-310-aarch64-linux-gnu.so
[3.076s] -- Up-to-date symlink: /home/tknika/gral-iiriondo/unitree_ws/install/aruco_markers_msgs/local/lib/python3.10/dist-packages/aruco_markers_msgs/aruco_markers_msgs_s__rosidl_typesupport_fastrtps_c.cpython-310-aarch64-linux-gnu.so
[3.080s] -- Up-to-date symlink: /home/tknika/gral-iiriondo/unitree_ws/install/aruco_markers_msgs/local/lib/python3.10/dist-packages/aruco_markers_msgs/aruco_markers_msgs_s__rosidl_typesupport_introspection_c.cpython-310-aarch64-linux-gnu.so
[3.080s] -- Up-to-date symlink: /home/tknika/gral-iiriondo/unitree_ws/install/aruco_markers_msgs/local/lib/python3.10/dist-packages/aruco_markers_msgs/libaruco_markers_msgs__rosidl_generator_py.so
[3.080s] -- Up-to-date symlink: /home/tknika/gral-iiriondo/unitree_ws/install/aruco_markers_msgs/local/lib/python3.10/dist-packages/aruco_markers_msgs/msg/__init__.py
[3.082s] -- Up-to-date symlink: /home/tknika/gral-iiriondo/unitree_ws/install/aruco_markers_msgs/local/lib/python3.10/dist-packages/aruco_markers_msgs/msg/_marker.py
[3.082s] -- Up-to-date symlink: /home/tknika/gral-iiriondo/unitree_ws/install/aruco_markers_msgs/local/lib/python3.10/dist-packages/aruco_markers_msgs/msg/_marker_array.py
[3.082s] -- Up-to-date symlink: /home/tknika/gral-iiriondo/unitree_ws/install/aruco_markers_msgs/local/lib/python3.10/dist-packages/aruco_markers_msgs/msg/_marker_array_s.c
[3.082s] -- Up-to-date symlink: /home/tknika/gral-iiriondo/unitree_ws/install/aruco_markers_msgs/local/lib/python3.10/dist-packages/aruco_markers_msgs/msg/_marker_s.c
[3.082s] -- Up-to-date symlink: /home/tknika/gral-iiriondo/unitree_ws/install/aruco_markers_msgs/local/lib/python3.10/dist-packages/aruco_markers_msgs/aruco_markers_msgs_s__rosidl_typesupport_fastrtps_c.cpython-310-aarch64-linux-gnu.so
[3.082s] -- Up-to-date symlink: /home/tknika/gral-iiriondo/unitree_ws/install/aruco_markers_msgs/local/lib/python3.10/dist-packages/aruco_markers_msgs/aruco_markers_msgs_s__rosidl_typesupport_introspection_c.cpython-310-aarch64-linux-gnu.so
[3.082s] -- Up-to-date symlink: /home/tknika/gral-iiriondo/unitree_ws/install/aruco_markers_msgs/local/lib/python3.10/dist-packages/aruco_markers_msgs/aruco_markers_msgs_s__rosidl_typesupport_c.cpython-310-aarch64-linux-gnu.so
[3.083s] -- Up-to-date symlink: /home/tknika/gral-iiriondo/unitree_ws/install/aruco_markers_msgs/share/ament_index/resource_index/rust_packages/aruco_markers_msgs
[3.083s] -- Up-to-date symlink: /home/tknika/gral-iiriondo/unitree_ws/install/aruco_markers_msgs/share/aruco_markers_msgs/rust/Cargo.toml
[3.083s] -- Up-to-date symlink: /home/tknika/gral-iiriondo/unitree_ws/install/aruco_markers_msgs/share/aruco_markers_msgs/rust/build.rs
[3.083s] -- Up-to-date symlink: /home/tknika/gral-iiriondo/unitree_ws/install/aruco_markers_msgs/share/aruco_markers_msgs/rust/src/lib.rs
[3.083s] -- Up-to-date symlink: /home/tknika/gral-iiriondo/unitree_ws/install/aruco_markers_msgs/share/aruco_markers_msgs/rust/src/msg.rs
[3.083s] -- Up-to-date symlink: /home/tknika/gral-iiriondo/unitree_ws/install/aruco_markers_msgs/share/aruco_markers_msgs/rust/src/msg/rmw.rs
[3.084s] -- Up-to-date symlink: /home/tknika/gral-iiriondo/unitree_ws/install/aruco_markers_msgs/share/aruco_markers_msgs/msg/Marker.idl
[3.084s] -- Up-to-date symlink: /home/tknika/gral-iiriondo/unitree_ws/install/aruco_markers_msgs/share/aruco_markers_msgs/msg/MarkerArray.idl
[3.086s] -- Up-to-date symlink: /home/tknika/gral-iiriondo/unitree_ws/install/aruco_markers_msgs/share/aruco_markers_msgs/msg/Marker.msg
[3.086s] -- Up-to-date symlink: /home/tknika/gral-iiriondo/unitree_ws/install/aruco_markers_msgs/share/aruco_markers_msgs/msg/MarkerArray.msg
[3.086s] -- Up-to-date symlink: /home/tknika/gral-iiriondo/unitree_ws/install/aruco_markers_msgs/share/ament_index/resource_index/package_run_dependencies/aruco_markers_msgs
[3.086s] -- Up-to-date symlink: /home/tknika/gral-iiriondo/unitree_ws/install/aruco_markers_msgs/share/ament_index/resource_index/parent_prefix_path/aruco_markers_msgs
[3.087s] -- Up-to-date symlink: /home/tknika/gral-iiriondo/unitree_ws/install/aruco_markers_msgs/share/aruco_markers_msgs/environment/ament_prefix_path.sh
[3.087s] -- Up-to-date symlink: /home/tknika/gral-iiriondo/unitree_ws/install/aruco_markers_msgs/share/aruco_markers_msgs/environment/ament_prefix_path.dsv
[3.088s] -- Up-to-date symlink: /home/tknika/gral-iiriondo/unitree_ws/install/aruco_markers_msgs/share/aruco_markers_msgs/environment/path.sh
[3.089s] -- Up-to-date symlink: /home/tknika/gral-iiriondo/unitree_ws/install/aruco_markers_msgs/share/aruco_markers_msgs/environment/path.dsv
[3.090s] -- Up-to-date symlink: /home/tknika/gral-iiriondo/unitree_ws/install/aruco_markers_msgs/share/aruco_markers_msgs/local_setup.bash
[3.090s] -- Up-to-date symlink: /home/tknika/gral-iiriondo/unitree_ws/install/aruco_markers_msgs/share/aruco_markers_msgs/local_setup.sh
[3.090s] -- Up-to-date symlink: /home/tknika/gral-iiriondo/unitree_ws/install/aruco_markers_msgs/share/aruco_markers_msgs/local_setup.zsh
[3.090s] -- Up-to-date symlink: /home/tknika/gral-iiriondo/unitree_ws/install/aruco_markers_msgs/share/aruco_markers_msgs/local_setup.dsv
[3.090s] -- Symlinking: /home/tknika/gral-iiriondo/unitree_ws/install/aruco_markers_msgs/share/aruco_markers_msgs/package.dsv
[3.090s] -- Up-to-date symlink: /home/tknika/gral-iiriondo/unitree_ws/install/aruco_markers_msgs/share/ament_index/resource_index/packages/aruco_markers_msgs
[3.091s] -- Up-to-date symlink: /home/tknika/gral-iiriondo/unitree_ws/install/aruco_markers_msgs/share/aruco_markers_msgs/cmake/rosidl_cmake-extras.cmake
[3.091s] -- Up-to-date symlink: /home/tknika/gral-iiriondo/unitree_ws/install/aruco_markers_msgs/share/aruco_markers_msgs/cmake/ament_cmake_export_dependencies-extras.cmake
[3.091s] -- Up-to-date symlink: /home/tknika/gral-iiriondo/unitree_ws/install/aruco_markers_msgs/share/aruco_markers_msgs/cmake/ament_cmake_export_include_directories-extras.cmake
[3.091s] -- Up-to-date symlink: /home/tknika/gral-iiriondo/unitree_ws/install/aruco_markers_msgs/share/aruco_markers_msgs/cmake/ament_cmake_export_libraries-extras.cmake
[3.091s] -- Up-to-date symlink: /home/tknika/gral-iiriondo/unitree_ws/install/aruco_markers_msgs/share/aruco_markers_msgs/cmake/ament_cmake_export_targets-extras.cmake
[3.091s] -- Up-to-date symlink: /home/tknika/gral-iiriondo/unitree_ws/install/aruco_markers_msgs/share/aruco_markers_msgs/cmake/rosidl_cmake_export_typesupport_targets-extras.cmake
[3.091s] -- Up-to-date symlink: /home/tknika/gral-iiriondo/unitree_ws/install/aruco_markers_msgs/share/aruco_markers_msgs/cmake/rosidl_cmake_export_typesupport_libraries-extras.cmake
[3.092s] -- Up-to-date symlink: /home/tknika/gral-iiriondo/unitree_ws/install/aruco_markers_msgs/share/aruco_markers_msgs/cmake/aruco_markers_msgsConfig.cmake
[3.092s] -- Up-to-date symlink: /home/tknika/gral-iiriondo/unitree_ws/install/aruco_markers_msgs/share/aruco_markers_msgs/cmake/aruco_markers_msgsConfig-version.cmake
[3.092s] -- Up-to-date symlink: /home/tknika/gral-iiriondo/unitree_ws/install/aruco_markers_msgs/share/aruco_markers_msgs/package.xml
[3.092s] -- Up-to-date: /home/tknika/gral-iiriondo/unitree_ws/install/aruco_markers_msgs/lib/libaruco_markers_msgs__rosidl_generator_c.so
[3.092s] -- Up-to-date: /home/tknika/gral-iiriondo/unitree_ws/install/aruco_markers_msgs/lib/libaruco_markers_msgs__rosidl_typesupport_fastrtps_c.so
[3.092s] -- Up-to-date: /home/tknika/gral-iiriondo/unitree_ws/install/aruco_markers_msgs/lib/libaruco_markers_msgs__rosidl_typesupport_fastrtps_cpp.so
[3.092s] -- Up-to-date: /home/tknika/gral-iiriondo/unitree_ws/install/aruco_markers_msgs/lib/libaruco_markers_msgs__rosidl_typesupport_introspection_c.so
[3.093s] -- Up-to-date: /home/tknika/gral-iiriondo/unitree_ws/install/aruco_markers_msgs/lib/libaruco_markers_msgs__rosidl_typesupport_c.so
[3.093s] -- Up-to-date: /home/tknika/gral-iiriondo/unitree_ws/install/aruco_markers_msgs/lib/libaruco_markers_msgs__rosidl_typesupport_introspection_cpp.so
[3.093s] -- Up-to-date: /home/tknika/gral-iiriondo/unitree_ws/install/aruco_markers_msgs/lib/libaruco_markers_msgs__rosidl_typesupport_cpp.so
[3.093s] Listing '/home/tknika/gral-iiriondo/unitree_ws/install/aruco_markers_msgs/local/lib/python3.10/dist-packages/aruco_markers_msgs'...
[3.097s] Listing '/home/tknika/gral-iiriondo/unitree_ws/install/aruco_markers_msgs/local/lib/python3.10/dist-packages/aruco_markers_msgs/msg'...
[3.097s] -- Up-to-date: /home/tknika/gral-iiriondo/unitree_ws/install/aruco_markers_msgs/lib/libaruco_markers_msgs__rosidl_generator_py.so
[3.097s] -- Up-to-date: /home/tknika/gral-iiriondo/unitree_ws/install/aruco_markers_msgs/share/aruco_markers_msgs/cmake/export_aruco_markers_msgs__rosidl_generator_cExport.cmake
[3.097s] -- Up-to-date: /home/tknika/gral-iiriondo/unitree_ws/install/aruco_markers_msgs/share/aruco_markers_msgs/cmake/export_aruco_markers_msgs__rosidl_generator_cExport-noconfig.cmake
[3.098s] -- Up-to-date: /home/tknika/gral-iiriondo/unitree_ws/install/aruco_markers_msgs/share/aruco_markers_msgs/cmake/export_aruco_markers_msgs__rosidl_typesupport_fastrtps_cExport.cmake
[3.098s] -- Up-to-date: /home/tknika/gral-iiriondo/unitree_ws/install/aruco_markers_msgs/share/aruco_markers_msgs/cmake/export_aruco_markers_msgs__rosidl_typesupport_fastrtps_cExport-noconfig.cmake
[3.098s] -- Up-to-date: /home/tknika/gral-iiriondo/unitree_ws/install/aruco_markers_msgs/share/aruco_markers_msgs/cmake/export_aruco_markers_msgs__rosidl_generator_cppExport.cmake
[3.098s] -- Up-to-date: /home/tknika/gral-iiriondo/unitree_ws/install/aruco_markers_msgs/share/aruco_markers_msgs/cmake/export_aruco_markers_msgs__rosidl_typesupport_fastrtps_cppExport.cmake
[3.098s] -- Up-to-date: /home/tknika/gral-iiriondo/unitree_ws/install/aruco_markers_msgs/share/aruco_markers_msgs/cmake/export_aruco_markers_msgs__rosidl_typesupport_fastrtps_cppExport-noconfig.cmake
[3.098s] -- Up-to-date: /home/tknika/gral-iiriondo/unitree_ws/install/aruco_markers_msgs/share/aruco_markers_msgs/cmake/aruco_markers_msgs__rosidl_typesupport_introspection_cExport.cmake
[3.098s] -- Up-to-date: /home/tknika/gral-iiriondo/unitree_ws/install/aruco_markers_msgs/share/aruco_markers_msgs/cmake/aruco_markers_msgs__rosidl_typesupport_introspection_cExport-noconfig.cmake
[3.118s] -- Up-to-date: /home/tknika/gral-iiriondo/unitree_ws/install/aruco_markers_msgs/share/aruco_markers_msgs/cmake/aruco_markers_msgs__rosidl_typesupport_cExport.cmake
[3.134s] -- Up-to-date: /home/tknika/gral-iiriondo/unitree_ws/install/aruco_markers_msgs/share/aruco_markers_msgs/cmake/aruco_markers_msgs__rosidl_typesupport_cExport-noconfig.cmake
[3.135s] -- Up-to-date: /home/tknika/gral-iiriondo/unitree_ws/install/aruco_markers_msgs/share/aruco_markers_msgs/cmake/aruco_markers_msgs__rosidl_typesupport_introspection_cppExport.cmake
[3.135s] -- Up-to-date: /home/tknika/gral-iiriondo/unitree_ws/install/aruco_markers_msgs/share/aruco_markers_msgs/cmake/aruco_markers_msgs__rosidl_typesupport_introspection_cppExport-noconfig.cmake
[3.136s] -- Up-to-date: /home/tknika/gral-iiriondo/unitree_ws/install/aruco_markers_msgs/share/aruco_markers_msgs/cmake/aruco_markers_msgs__rosidl_typesupport_cppExport.cmake
[3.137s] -- Up-to-date: /home/tknika/gral-iiriondo/unitree_ws/install/aruco_markers_msgs/share/aruco_markers_msgs/cmake/aruco_markers_msgs__rosidl_typesupport_cppExport-noconfig.cmake
[3.138s] -- Up-to-date: /home/tknika/gral-iiriondo/unitree_ws/install/aruco_markers_msgs/share/aruco_markers_msgs/cmake/export_aruco_markers_msgs__rosidl_generator_pyExport.cmake
[3.138s] -- Up-to-date: /home/tknika/gral-iiriondo/unitree_ws/install/aruco_markers_msgs/share/aruco_markers_msgs/cmake/export_aruco_markers_msgs__rosidl_generator_pyExport-noconfig.cmake
[3.186s] Invoked command in '/home/tknika/gral-iiriondo/unitree_ws/build/aruco_markers_msgs' returned '0': CMAKE_PREFIX_PATH=${CMAKE_PREFIX_PATH}:/home/tknika/gral-iiriondo/unitree_ws/install/standing_mode:/home/tknika/gral-iiriondo/unitree_ws/install/speech_to_goal:/home/tknika/gral-iiriondo/unitree_ws/install/object_recognition:/home/tknika/gral-iiriondo/unitree_ws/install/mapping_configuration:/home/tknika/gral-iiriondo/unitree_ws/install/go1_description:/home/tknika/gral-iiriondo/unitree_ws/install/asr:/home/tknika/gral-iiriondo/unitree_ws/install/aruco_detector:/opt/ros/humble /usr/bin/cmake --install /home/tknika/gral-iiriondo/unitree_ws/build/aruco_markers_msgs
