[0.038s] Invoking command in '/home/igor/gral-iiriondo/unitree_ws/build/speech_to_goal_interfaces': /usr/bin/cmake /home/igor/gral-iiriondo/unitree_ws/src/speech_to_goal_interfaces -DPython3_EXECUTABLE=/usr/bin/python3.8 -DCATKIN_INSTALL_INTO_PREFIX_ROOT=0 -DCATKIN_SYMLINK_INSTALL=ON -DCMAKE_INSTALL_PREFIX=/home/igor/gral-iiriondo/unitree_ws/install/speech_to_goal_interfaces
[0.163s] -- The C compiler identification is GNU 9.5.0
[0.308s] -- The CXX compiler identification is GNU 9.5.0
[0.327s] -- Detecting C compiler ABI info
[0.499s] -- Detecting C compiler ABI info - done
[0.522s] -- Check for working C compiler: /usr/bin/gcc-9 - skipped
[0.523s] -- Detecting C compile features
[0.525s] -- Detecting C compile features - done
[0.536s] -- Detecting CXX compiler ABI info
[0.732s] -- Detecting CXX compiler ABI info - done
[0.759s] -- Check for working CXX compiler: /usr/bin/g++-9 - skipped
[0.761s] -- Detecting CXX compile features
[0.761s] -- Detecting CXX compile features - done
[0.778s] -- Found ament_cmake: 1.3.14 (/opt/ros/humble/share/ament_cmake/cmake)
[1.209s] -- Found Python3: /usr/bin/python3.8 (found version "3.8.20") found components: Interpreter 
[1.432s] -- Found rosidl_default_generators: 1.2.1 (/opt/ros/humble/share/rosidl_default_generators/cmake)
[1.450s] -- Using all available rosidl_typesupport_c: rosidl_typesupport_fastrtps_c;rosidl_typesupport_introspection_c
[1.467s] -- Found rosidl_adapter: 3.1.8 (/opt/ros/humble/share/rosidl_adapter/cmake)
[1.581s] -- Using all available rosidl_typesupport_cpp: rosidl_typesupport_fastrtps_cpp;rosidl_typesupport_introspection_cpp
[2.470s] -- Found ament_cmake_ros: 0.10.0 (/opt/ros/humble/share/ament_cmake_ros/cmake)
[2.985s] -- Using all available rosidl_typesupport_c: rosidl_typesupport_fastrtps_c;rosidl_typesupport_introspection_c
[3.794s] -- Using all available rosidl_typesupport_cpp: rosidl_typesupport_fastrtps_cpp;rosidl_typesupport_introspection_cpp
[3.861s] -- Found PythonInterp: /usr/bin/python3 (found suitable version "3.10.12", minimum required is "3.6") 
[3.865s] -- Found python_cmake_module: 0.10.0 (/opt/ros/humble/share/python_cmake_module/cmake)
[3.943s] -- Found PythonLibs: /usr/lib/x86_64-linux-gnu/libpython3.10.so (found suitable version "3.10.12", minimum required is "3.5") 
[3.944s] -- Using PYTHON_EXECUTABLE: /usr/bin/python3
[3.944s] -- Using PYTHON_INCLUDE_DIRS: /usr/include/python3.10
[3.944s] -- Using PYTHON_LIBRARIES: /usr/lib/x86_64-linux-gnu/libpython3.10.so
[4.002s] -- Found PythonExtra: .so  
[4.315s] -- Configuring done
[4.421s] -- Generating done
[4.426s] [33mCMake Warning:
[4.426s]   Manually-specified variables were not used by the project:
[4.426s] 
[4.426s]     CATKIN_INSTALL_INTO_PREFIX_ROOT
[4.426s]     CATKIN_SYMLINK_INSTALL
[4.426s] 
[4.427s] [0m
[4.449s] -- Build files have been written to: /home/igor/gral-iiriondo/unitree_ws/build/speech_to_goal_interfaces
[4.470s] Invoked command in '/home/igor/gral-iiriondo/unitree_ws/build/speech_to_goal_interfaces' returned '0': /usr/bin/cmake /home/igor/gral-iiriondo/unitree_ws/src/speech_to_goal_interfaces -DPython3_EXECUTABLE=/usr/bin/python3.8 -DCATKIN_INSTALL_INTO_PREFIX_ROOT=0 -DCATKIN_SYMLINK_INSTALL=ON -DCMAKE_INSTALL_PREFIX=/home/igor/gral-iiriondo/unitree_ws/install/speech_to_goal_interfaces
[4.473s] Invoking command in '/home/igor/gral-iiriondo/unitree_ws/build/speech_to_goal_interfaces': /usr/bin/cmake --build /home/igor/gral-iiriondo/unitree_ws/build/speech_to_goal_interfaces -- -j4 -l4
[4.615s] [  2%] [34m[1mGenerating C code for ROS interfaces[0m
[4.669s] [  4%] [34m[1mGenerating C++ code for ROS interfaces[0m
[4.675s] [  6%] [34m[1mGenerating Rust code for ROS interfaces[0m
[4.705s] [  6%] Built target ament_cmake_python_copy_speech_to_goal_interfaces
[8.082s] running egg_info
[8.084s] creating speech_to_goal_interfaces.egg-info
[8.091s] writing speech_to_goal_interfaces.egg-info/PKG-INFO
[8.091s] writing dependency_links to speech_to_goal_interfaces.egg-info/dependency_links.txt
[8.091s] writing top-level names to speech_to_goal_interfaces.egg-info/top_level.txt
[8.091s] writing manifest file 'speech_to_goal_interfaces.egg-info/SOURCES.txt'
[8.130s] reading manifest file 'speech_to_goal_interfaces.egg-info/SOURCES.txt'
[8.130s] writing manifest file 'speech_to_goal_interfaces.egg-info/SOURCES.txt'
[8.255s] [  6%] Built target ament_cmake_python_build_speech_to_goal_interfaces_egg
[8.333s] [  6%] Built target speech_to_goal_interfaces__rs
[8.944s] [  8%] [32mBuilding C object CMakeFiles/speech_to_goal_interfaces__rosidl_generator_c.dir/rosidl_generator_c/speech_to_goal_interfaces/msg/detail/waypoint__functions.c.o[0m
[8.969s] [ 10%] [32mBuilding C object CMakeFiles/speech_to_goal_interfaces__rosidl_generator_c.dir/rosidl_generator_c/speech_to_goal_interfaces/srv/detail/llm_query__functions.c.o[0m
[9.011s] [ 12%] [32mBuilding C object CMakeFiles/speech_to_goal_interfaces__rosidl_generator_c.dir/rosidl_generator_c/speech_to_goal_interfaces/srv/detail/detect_intent__functions.c.o[0m
[9.319s] [ 12%] Built target speech_to_goal_interfaces__cpp
[9.478s] [ 14%] [34m[1mGenerating C++ type support for eProsima Fast-RTPS[0m
[9.486s] [ 16%] [34m[1mGenerating C++ introspection for ROS interfaces[0m
[9.764s] [ 18%] [34m[1mGenerating C++ type support dispatch for ROS interfaces[0m
[9.796s] [ 20%] [32m[1mLinking C shared library libspeech_to_goal_interfaces__rosidl_generator_c.so[0m
[10.162s] [ 20%] Built target speech_to_goal_interfaces__rosidl_generator_c
[10.217s] [ 22%] [34m[1mGenerating C introspection for ROS interfaces[0m
[13.167s] [ 25%] [32mBuilding C object CMakeFiles/speech_to_goal_interfaces__rosidl_typesupport_introspection_c.dir/rosidl_typesupport_introspection_c/speech_to_goal_interfaces/msg/detail/waypoint__type_support.c.o[0m
[13.398s] [ 27%] [32mBuilding C object CMakeFiles/speech_to_goal_interfaces__rosidl_typesupport_introspection_c.dir/rosidl_typesupport_introspection_c/speech_to_goal_interfaces/srv/detail/llm_query__type_support.c.o[0m
[13.685s] [ 29%] [32mBuilding CXX object CMakeFiles/speech_to_goal_interfaces__rosidl_typesupport_fastrtps_cpp.dir/rosidl_typesupport_fastrtps_cpp/speech_to_goal_interfaces/msg/detail/dds_fastrtps/waypoint__type_support.cpp.o[0m
[13.758s] [ 31%] [32mBuilding C object CMakeFiles/speech_to_goal_interfaces__rosidl_typesupport_introspection_c.dir/rosidl_typesupport_introspection_c/speech_to_goal_interfaces/srv/detail/detect_intent__type_support.c.o[0m
[13.891s] [ 33%] [32m[1mLinking C shared library libspeech_to_goal_interfaces__rosidl_typesupport_introspection_c.so[0m
[14.090s] [ 33%] Built target speech_to_goal_interfaces__rosidl_typesupport_introspection_c
[14.500s] [ 35%] [32mBuilding CXX object CMakeFiles/speech_to_goal_interfaces__rosidl_typesupport_cpp.dir/rosidl_typesupport_cpp/speech_to_goal_interfaces/msg/waypoint__type_support.cpp.o[0m
[14.794s] [ 37%] [32mBuilding CXX object CMakeFiles/speech_to_goal_interfaces__rosidl_typesupport_introspection_cpp.dir/rosidl_typesupport_introspection_cpp/speech_to_goal_interfaces/msg/detail/waypoint__type_support.cpp.o[0m
[14.981s] [ 39%] [32mBuilding CXX object CMakeFiles/speech_to_goal_interfaces__rosidl_typesupport_fastrtps_cpp.dir/rosidl_typesupport_fastrtps_cpp/speech_to_goal_interfaces/srv/detail/dds_fastrtps/llm_query__type_support.cpp.o[0m
[16.572s] [ 41%] [32mBuilding CXX object CMakeFiles/speech_to_goal_interfaces__rosidl_typesupport_cpp.dir/rosidl_typesupport_cpp/speech_to_goal_interfaces/srv/llm_query__type_support.cpp.o[0m
[17.234s] [ 43%] [32mBuilding CXX object CMakeFiles/speech_to_goal_interfaces__rosidl_typesupport_introspection_cpp.dir/rosidl_typesupport_introspection_cpp/speech_to_goal_interfaces/srv/detail/llm_query__type_support.cpp.o[0m
[17.874s] [ 45%] [32mBuilding CXX object CMakeFiles/speech_to_goal_interfaces__rosidl_typesupport_cpp.dir/rosidl_typesupport_cpp/speech_to_goal_interfaces/srv/detect_intent__type_support.cpp.o[0m
[18.210s] [ 47%] [32mBuilding CXX object CMakeFiles/speech_to_goal_interfaces__rosidl_typesupport_fastrtps_cpp.dir/rosidl_typesupport_fastrtps_cpp/speech_to_goal_interfaces/srv/detail/dds_fastrtps/detect_intent__type_support.cpp.o[0m
[19.192s] [ 50%] [32mBuilding CXX object CMakeFiles/speech_to_goal_interfaces__rosidl_typesupport_introspection_cpp.dir/rosidl_typesupport_introspection_cpp/speech_to_goal_interfaces/srv/detail/detect_intent__type_support.cpp.o[0m
[19.266s] [ 52%] [32m[1mLinking CXX shared library libspeech_to_goal_interfaces__rosidl_typesupport_cpp.so[0m
[19.426s] [ 52%] Built target speech_to_goal_interfaces__rosidl_typesupport_cpp
[20.175s] [ 54%] [32m[1mLinking CXX shared library libspeech_to_goal_interfaces__rosidl_typesupport_fastrtps_cpp.so[0m
[20.537s] [ 56%] [32m[1mLinking CXX shared library libspeech_to_goal_interfaces__rosidl_typesupport_introspection_cpp.so[0m
[20.580s] [ 56%] Built target speech_to_goal_interfaces__rosidl_typesupport_fastrtps_cpp
[20.815s] [ 56%] Built target speech_to_goal_interfaces__rosidl_typesupport_introspection_cpp
[20.850s] [ 58%] [34m[1mGenerating C type support dispatch for ROS interfaces[0m
[22.008s] [ 60%] [32mBuilding CXX object CMakeFiles/speech_to_goal_interfaces__rosidl_typesupport_c.dir/rosidl_typesupport_c/speech_to_goal_interfaces/msg/waypoint__type_support.cpp.o[0m
[22.087s] [ 62%] [32mBuilding CXX object CMakeFiles/speech_to_goal_interfaces__rosidl_typesupport_c.dir/rosidl_typesupport_c/speech_to_goal_interfaces/srv/detect_intent__type_support.cpp.o[0m
[22.183s] [ 64%] [32mBuilding CXX object CMakeFiles/speech_to_goal_interfaces__rosidl_typesupport_c.dir/rosidl_typesupport_c/speech_to_goal_interfaces/srv/llm_query__type_support.cpp.o[0m
[22.265s] [ 66%] [32m[1mLinking CXX shared library libspeech_to_goal_interfaces__rosidl_typesupport_c.so[0m
[22.381s] [ 66%] Built target speech_to_goal_interfaces__rosidl_typesupport_c
[22.421s] [ 68%] [34m[1mGenerating C type support for eProsima Fast-RTPS[0m
[23.869s] [ 70%] [32mBuilding CXX object CMakeFiles/speech_to_goal_interfaces__rosidl_typesupport_fastrtps_c.dir/rosidl_typesupport_fastrtps_c/speech_to_goal_interfaces/msg/detail/waypoint__type_support_c.cpp.o[0m
[24.536s] [ 72%] [32mBuilding CXX object CMakeFiles/speech_to_goal_interfaces__rosidl_typesupport_fastrtps_c.dir/rosidl_typesupport_fastrtps_c/speech_to_goal_interfaces/srv/detail/detect_intent__type_support_c.cpp.o[0m
[25.139s] [ 75%] [32mBuilding CXX object CMakeFiles/speech_to_goal_interfaces__rosidl_typesupport_fastrtps_c.dir/rosidl_typesupport_fastrtps_c/speech_to_goal_interfaces/srv/detail/llm_query__type_support_c.cpp.o[0m
[25.898s] [ 77%] [32m[1mLinking CXX shared library libspeech_to_goal_interfaces__rosidl_typesupport_fastrtps_c.so[0m
[26.133s] [ 77%] Built target speech_to_goal_interfaces__rosidl_typesupport_fastrtps_c
[26.182s] [ 77%] Built target speech_to_goal_interfaces
[26.239s] [ 79%] [34m[1mGenerating Python code for ROS interfaces[0m
[27.883s] [ 79%] Built target speech_to_goal_interfaces__py
[27.937s] [ 81%] [32mBuilding C object CMakeFiles/speech_to_goal_interfaces__rosidl_generator_py.dir/rosidl_generator_py/speech_to_goal_interfaces/msg/_waypoint_s.c.o[0m
[28.188s] [ 83%] [32mBuilding C object CMakeFiles/speech_to_goal_interfaces__rosidl_generator_py.dir/rosidl_generator_py/speech_to_goal_interfaces/srv/_detect_intent_s.c.o[0m
[28.447s] [ 85%] [32mBuilding C object CMakeFiles/speech_to_goal_interfaces__rosidl_generator_py.dir/rosidl_generator_py/speech_to_goal_interfaces/srv/_llm_query_s.c.o[0m
[28.675s] [ 87%] [32m[1mLinking C shared library rosidl_generator_py/speech_to_goal_interfaces/libspeech_to_goal_interfaces__rosidl_generator_py.so[0m
[28.772s] [ 87%] Built target speech_to_goal_interfaces__rosidl_generator_py
[28.817s] [ 89%] [32mBuilding C object CMakeFiles/speech_to_goal_interfaces__rosidl_typesupport_fastrtps_c__pyext.dir/rosidl_generator_py/speech_to_goal_interfaces/_speech_to_goal_interfaces_s.ep.rosidl_typesupport_fastrtps_c.c.o[0m
[29.061s] [ 91%] [32m[1mLinking C shared library rosidl_generator_py/speech_to_goal_interfaces/speech_to_goal_interfaces_s__rosidl_typesupport_fastrtps_c.cpython-310-x86_64-linux-gnu.so[0m
[29.162s] [ 91%] Built target speech_to_goal_interfaces__rosidl_typesupport_fastrtps_c__pyext
[29.206s] [ 93%] [32mBuilding C object CMakeFiles/speech_to_goal_interfaces__rosidl_typesupport_c__pyext.dir/rosidl_generator_py/speech_to_goal_interfaces/_speech_to_goal_interfaces_s.ep.rosidl_typesupport_c.c.o[0m
[29.471s] [ 95%] [32m[1mLinking C shared library rosidl_generator_py/speech_to_goal_interfaces/speech_to_goal_interfaces_s__rosidl_typesupport_c.cpython-310-x86_64-linux-gnu.so[0m
[29.571s] [ 95%] Built target speech_to_goal_interfaces__rosidl_typesupport_c__pyext
[29.627s] [ 97%] [32mBuilding C object CMakeFiles/speech_to_goal_interfaces__rosidl_typesupport_introspection_c__pyext.dir/rosidl_generator_py/speech_to_goal_interfaces/_speech_to_goal_interfaces_s.ep.rosidl_typesupport_introspection_c.c.o[0m
[29.876s] [100%] [32m[1mLinking C shared library rosidl_generator_py/speech_to_goal_interfaces/speech_to_goal_interfaces_s__rosidl_typesupport_introspection_c.cpython-310-x86_64-linux-gnu.so[0m
[29.967s] [100%] Built target speech_to_goal_interfaces__rosidl_typesupport_introspection_c__pyext
[30.364s] Invoked command in '/home/igor/gral-iiriondo/unitree_ws/build/speech_to_goal_interfaces' returned '0': /usr/bin/cmake --build /home/igor/gral-iiriondo/unitree_ws/build/speech_to_goal_interfaces -- -j4 -l4
[30.369s] Invoking command in '/home/igor/gral-iiriondo/unitree_ws/build/speech_to_goal_interfaces': /usr/bin/cmake --install /home/igor/gral-iiriondo/unitree_ws/build/speech_to_goal_interfaces
[30.387s] -- Install configuration: ""
[30.387s] -- Installing: /home/igor/gral-iiriondo/unitree_ws/install/speech_to_goal_interfaces/share/ament_index/resource_index/rosidl_interfaces/speech_to_goal_interfaces
[30.387s] -- Installing: /home/igor/gral-iiriondo/unitree_ws/install/speech_to_goal_interfaces/include/speech_to_goal_interfaces/speech_to_goal_interfaces
[30.389s] -- Installing: /home/igor/gral-iiriondo/unitree_ws/install/speech_to_goal_interfaces/include/speech_to_goal_interfaces/speech_to_goal_interfaces/msg
[30.389s] -- Installing: /home/igor/gral-iiriondo/unitree_ws/install/speech_to_goal_interfaces/include/speech_to_goal_interfaces/speech_to_goal_interfaces/msg/waypoint.h
[30.389s] -- Installing: /home/igor/gral-iiriondo/unitree_ws/install/speech_to_goal_interfaces/include/speech_to_goal_interfaces/speech_to_goal_interfaces/msg/detail
[30.389s] -- Installing: /home/igor/gral-iiriondo/unitree_ws/install/speech_to_goal_interfaces/include/speech_to_goal_interfaces/speech_to_goal_interfaces/msg/detail/waypoint__functions.h
[30.390s] -- Installing: /home/igor/gral-iiriondo/unitree_ws/install/speech_to_goal_interfaces/include/speech_to_goal_interfaces/speech_to_goal_interfaces/msg/detail/waypoint__functions.c
[30.390s] -- Installing: /home/igor/gral-iiriondo/unitree_ws/install/speech_to_goal_interfaces/include/speech_to_goal_interfaces/speech_to_goal_interfaces/msg/detail/waypoint__type_support.h
[30.390s] -- Installing: /home/igor/gral-iiriondo/unitree_ws/install/speech_to_goal_interfaces/include/speech_to_goal_interfaces/speech_to_goal_interfaces/msg/detail/waypoint__struct.h
[30.391s] -- Installing: /home/igor/gral-iiriondo/unitree_ws/install/speech_to_goal_interfaces/include/speech_to_goal_interfaces/speech_to_goal_interfaces/msg/rosidl_generator_c__visibility_control.h
[30.391s] -- Installing: /home/igor/gral-iiriondo/unitree_ws/install/speech_to_goal_interfaces/include/speech_to_goal_interfaces/speech_to_goal_interfaces/srv
[30.391s] -- Installing: /home/igor/gral-iiriondo/unitree_ws/install/speech_to_goal_interfaces/include/speech_to_goal_interfaces/speech_to_goal_interfaces/srv/detect_intent.h
[30.391s] -- Installing: /home/igor/gral-iiriondo/unitree_ws/install/speech_to_goal_interfaces/include/speech_to_goal_interfaces/speech_to_goal_interfaces/srv/detail
[30.392s] -- Installing: /home/igor/gral-iiriondo/unitree_ws/install/speech_to_goal_interfaces/include/speech_to_goal_interfaces/speech_to_goal_interfaces/srv/detail/llm_query__struct.h
[30.393s] -- Installing: /home/igor/gral-iiriondo/unitree_ws/install/speech_to_goal_interfaces/include/speech_to_goal_interfaces/speech_to_goal_interfaces/srv/detail/llm_query__type_support.h
[30.393s] -- Installing: /home/igor/gral-iiriondo/unitree_ws/install/speech_to_goal_interfaces/include/speech_to_goal_interfaces/speech_to_goal_interfaces/srv/detail/llm_query__functions.h
[30.393s] -- Installing: /home/igor/gral-iiriondo/unitree_ws/install/speech_to_goal_interfaces/include/speech_to_goal_interfaces/speech_to_goal_interfaces/srv/detail/detect_intent__functions.h
[30.394s] -- Installing: /home/igor/gral-iiriondo/unitree_ws/install/speech_to_goal_interfaces/include/speech_to_goal_interfaces/speech_to_goal_interfaces/srv/detail/detect_intent__struct.h
[30.394s] -- Installing: /home/igor/gral-iiriondo/unitree_ws/install/speech_to_goal_interfaces/include/speech_to_goal_interfaces/speech_to_goal_interfaces/srv/detail/detect_intent__type_support.h
[30.394s] -- Installing: /home/igor/gral-iiriondo/unitree_ws/install/speech_to_goal_interfaces/include/speech_to_goal_interfaces/speech_to_goal_interfaces/srv/detail/detect_intent__functions.c
[30.394s] -- Installing: /home/igor/gral-iiriondo/unitree_ws/install/speech_to_goal_interfaces/include/speech_to_goal_interfaces/speech_to_goal_interfaces/srv/detail/llm_query__functions.c
[30.394s] -- Installing: /home/igor/gral-iiriondo/unitree_ws/install/speech_to_goal_interfaces/include/speech_to_goal_interfaces/speech_to_goal_interfaces/srv/llm_query.h
[30.395s] -- Installing: /home/igor/gral-iiriondo/unitree_ws/install/speech_to_goal_interfaces/share/speech_to_goal_interfaces/environment/library_path.sh
[30.395s] -- Installing: /home/igor/gral-iiriondo/unitree_ws/install/speech_to_goal_interfaces/share/speech_to_goal_interfaces/environment/library_path.dsv
[30.395s] -- Installing: /home/igor/gral-iiriondo/unitree_ws/install/speech_to_goal_interfaces/lib/libspeech_to_goal_interfaces__rosidl_generator_c.so
[30.396s] -- Set runtime path of "/home/igor/gral-iiriondo/unitree_ws/install/speech_to_goal_interfaces/lib/libspeech_to_goal_interfaces__rosidl_generator_c.so" to ""
[30.396s] -- Up-to-date: /home/igor/gral-iiriondo/unitree_ws/install/speech_to_goal_interfaces/include/speech_to_goal_interfaces/speech_to_goal_interfaces
[30.397s] -- Up-to-date: /home/igor/gral-iiriondo/unitree_ws/install/speech_to_goal_interfaces/include/speech_to_goal_interfaces/speech_to_goal_interfaces/msg
[30.397s] -- Installing: /home/igor/gral-iiriondo/unitree_ws/install/speech_to_goal_interfaces/include/speech_to_goal_interfaces/speech_to_goal_interfaces/msg/rosidl_typesupport_fastrtps_c__visibility_control.h
[30.397s] -- Up-to-date: /home/igor/gral-iiriondo/unitree_ws/install/speech_to_goal_interfaces/include/speech_to_goal_interfaces/speech_to_goal_interfaces/msg/detail
[30.397s] -- Installing: /home/igor/gral-iiriondo/unitree_ws/install/speech_to_goal_interfaces/include/speech_to_goal_interfaces/speech_to_goal_interfaces/msg/detail/waypoint__rosidl_typesupport_fastrtps_c.h
[30.398s] -- Up-to-date: /home/igor/gral-iiriondo/unitree_ws/install/speech_to_goal_interfaces/include/speech_to_goal_interfaces/speech_to_goal_interfaces/srv
[30.399s] -- Up-to-date: /home/igor/gral-iiriondo/unitree_ws/install/speech_to_goal_interfaces/include/speech_to_goal_interfaces/speech_to_goal_interfaces/srv/detail
[30.400s] -- Installing: /home/igor/gral-iiriondo/unitree_ws/install/speech_to_goal_interfaces/include/speech_to_goal_interfaces/speech_to_goal_interfaces/srv/detail/detect_intent__rosidl_typesupport_fastrtps_c.h
[30.400s] -- Installing: /home/igor/gral-iiriondo/unitree_ws/install/speech_to_goal_interfaces/include/speech_to_goal_interfaces/speech_to_goal_interfaces/srv/detail/llm_query__rosidl_typesupport_fastrtps_c.h
[30.400s] -- Installing: /home/igor/gral-iiriondo/unitree_ws/install/speech_to_goal_interfaces/lib/libspeech_to_goal_interfaces__rosidl_typesupport_fastrtps_c.so
[30.401s] -- Set runtime path of "/home/igor/gral-iiriondo/unitree_ws/install/speech_to_goal_interfaces/lib/libspeech_to_goal_interfaces__rosidl_typesupport_fastrtps_c.so" to ""
[30.401s] -- Up-to-date: /home/igor/gral-iiriondo/unitree_ws/install/speech_to_goal_interfaces/include/speech_to_goal_interfaces/speech_to_goal_interfaces
[30.401s] -- Up-to-date: /home/igor/gral-iiriondo/unitree_ws/install/speech_to_goal_interfaces/include/speech_to_goal_interfaces/speech_to_goal_interfaces/msg
[30.401s] -- Installing: /home/igor/gral-iiriondo/unitree_ws/install/speech_to_goal_interfaces/include/speech_to_goal_interfaces/speech_to_goal_interfaces/msg/rosidl_typesupport_introspection_c__visibility_control.h
[30.401s] -- Up-to-date: /home/igor/gral-iiriondo/unitree_ws/install/speech_to_goal_interfaces/include/speech_to_goal_interfaces/speech_to_goal_interfaces/msg/detail
[30.402s] -- Installing: /home/igor/gral-iiriondo/unitree_ws/install/speech_to_goal_interfaces/include/speech_to_goal_interfaces/speech_to_goal_interfaces/msg/detail/waypoint__type_support.c
[30.402s] -- Installing: /home/igor/gral-iiriondo/unitree_ws/install/speech_to_goal_interfaces/include/speech_to_goal_interfaces/speech_to_goal_interfaces/msg/detail/waypoint__rosidl_typesupport_introspection_c.h
[30.402s] -- Up-to-date: /home/igor/gral-iiriondo/unitree_ws/install/speech_to_goal_interfaces/include/speech_to_goal_interfaces/speech_to_goal_interfaces/srv
[30.402s] -- Up-to-date: /home/igor/gral-iiriondo/unitree_ws/install/speech_to_goal_interfaces/include/speech_to_goal_interfaces/speech_to_goal_interfaces/srv/detail
[30.402s] -- Installing: /home/igor/gral-iiriondo/unitree_ws/install/speech_to_goal_interfaces/include/speech_to_goal_interfaces/speech_to_goal_interfaces/srv/detail/llm_query__rosidl_typesupport_introspection_c.h
[30.403s] -- Installing: /home/igor/gral-iiriondo/unitree_ws/install/speech_to_goal_interfaces/include/speech_to_goal_interfaces/speech_to_goal_interfaces/srv/detail/detect_intent__rosidl_typesupport_introspection_c.h
[30.403s] -- Installing: /home/igor/gral-iiriondo/unitree_ws/install/speech_to_goal_interfaces/include/speech_to_goal_interfaces/speech_to_goal_interfaces/srv/detail/detect_intent__type_support.c
[30.403s] -- Installing: /home/igor/gral-iiriondo/unitree_ws/install/speech_to_goal_interfaces/include/speech_to_goal_interfaces/speech_to_goal_interfaces/srv/detail/llm_query__type_support.c
[30.403s] -- Installing: /home/igor/gral-iiriondo/unitree_ws/install/speech_to_goal_interfaces/lib/libspeech_to_goal_interfaces__rosidl_typesupport_introspection_c.so
[30.404s] -- Set runtime path of "/home/igor/gral-iiriondo/unitree_ws/install/speech_to_goal_interfaces/lib/libspeech_to_goal_interfaces__rosidl_typesupport_introspection_c.so" to ""
[30.404s] -- Installing: /home/igor/gral-iiriondo/unitree_ws/install/speech_to_goal_interfaces/lib/libspeech_to_goal_interfaces__rosidl_typesupport_c.so
[30.405s] -- Set runtime path of "/home/igor/gral-iiriondo/unitree_ws/install/speech_to_goal_interfaces/lib/libspeech_to_goal_interfaces__rosidl_typesupport_c.so" to ""
[30.406s] -- Up-to-date: /home/igor/gral-iiriondo/unitree_ws/install/speech_to_goal_interfaces/include/speech_to_goal_interfaces/speech_to_goal_interfaces
[30.406s] -- Up-to-date: /home/igor/gral-iiriondo/unitree_ws/install/speech_to_goal_interfaces/include/speech_to_goal_interfaces/speech_to_goal_interfaces/msg
[30.406s] -- Installing: /home/igor/gral-iiriondo/unitree_ws/install/speech_to_goal_interfaces/include/speech_to_goal_interfaces/speech_to_goal_interfaces/msg/waypoint.hpp
[30.407s] -- Up-to-date: /home/igor/gral-iiriondo/unitree_ws/install/speech_to_goal_interfaces/include/speech_to_goal_interfaces/speech_to_goal_interfaces/msg/detail
[30.407s] -- Installing: /home/igor/gral-iiriondo/unitree_ws/install/speech_to_goal_interfaces/include/speech_to_goal_interfaces/speech_to_goal_interfaces/msg/detail/waypoint__struct.hpp
[30.407s] -- Installing: /home/igor/gral-iiriondo/unitree_ws/install/speech_to_goal_interfaces/include/speech_to_goal_interfaces/speech_to_goal_interfaces/msg/detail/waypoint__type_support.hpp
[30.407s] -- Installing: /home/igor/gral-iiriondo/unitree_ws/install/speech_to_goal_interfaces/include/speech_to_goal_interfaces/speech_to_goal_interfaces/msg/detail/waypoint__builder.hpp
[30.407s] -- Installing: /home/igor/gral-iiriondo/unitree_ws/install/speech_to_goal_interfaces/include/speech_to_goal_interfaces/speech_to_goal_interfaces/msg/detail/waypoint__traits.hpp
[30.408s] -- Installing: /home/igor/gral-iiriondo/unitree_ws/install/speech_to_goal_interfaces/include/speech_to_goal_interfaces/speech_to_goal_interfaces/msg/rosidl_generator_cpp__visibility_control.hpp
[30.408s] -- Up-to-date: /home/igor/gral-iiriondo/unitree_ws/install/speech_to_goal_interfaces/include/speech_to_goal_interfaces/speech_to_goal_interfaces/srv
[30.408s] -- Up-to-date: /home/igor/gral-iiriondo/unitree_ws/install/speech_to_goal_interfaces/include/speech_to_goal_interfaces/speech_to_goal_interfaces/srv/detail
[30.408s] -- Installing: /home/igor/gral-iiriondo/unitree_ws/install/speech_to_goal_interfaces/include/speech_to_goal_interfaces/speech_to_goal_interfaces/srv/detail/llm_query__builder.hpp
[30.412s] -- Installing: /home/igor/gral-iiriondo/unitree_ws/install/speech_to_goal_interfaces/include/speech_to_goal_interfaces/speech_to_goal_interfaces/srv/detail/detect_intent__builder.hpp
[30.412s] -- Installing: /home/igor/gral-iiriondo/unitree_ws/install/speech_to_goal_interfaces/include/speech_to_goal_interfaces/speech_to_goal_interfaces/srv/detail/llm_query__struct.hpp
[30.412s] -- Installing: /home/igor/gral-iiriondo/unitree_ws/install/speech_to_goal_interfaces/include/speech_to_goal_interfaces/speech_to_goal_interfaces/srv/detail/llm_query__type_support.hpp
[30.413s] -- Installing: /home/igor/gral-iiriondo/unitree_ws/install/speech_to_goal_interfaces/include/speech_to_goal_interfaces/speech_to_goal_interfaces/srv/detail/detect_intent__traits.hpp
[30.413s] -- Installing: /home/igor/gral-iiriondo/unitree_ws/install/speech_to_goal_interfaces/include/speech_to_goal_interfaces/speech_to_goal_interfaces/srv/detail/detect_intent__type_support.hpp
[30.413s] -- Installing: /home/igor/gral-iiriondo/unitree_ws/install/speech_to_goal_interfaces/include/speech_to_goal_interfaces/speech_to_goal_interfaces/srv/detail/detect_intent__struct.hpp
[30.413s] -- Installing: /home/igor/gral-iiriondo/unitree_ws/install/speech_to_goal_interfaces/include/speech_to_goal_interfaces/speech_to_goal_interfaces/srv/detail/llm_query__traits.hpp
[30.413s] -- Installing: /home/igor/gral-iiriondo/unitree_ws/install/speech_to_goal_interfaces/include/speech_to_goal_interfaces/speech_to_goal_interfaces/srv/llm_query.hpp
[30.413s] -- Installing: /home/igor/gral-iiriondo/unitree_ws/install/speech_to_goal_interfaces/include/speech_to_goal_interfaces/speech_to_goal_interfaces/srv/detect_intent.hpp
[30.414s] -- Up-to-date: /home/igor/gral-iiriondo/unitree_ws/install/speech_to_goal_interfaces/include/speech_to_goal_interfaces/speech_to_goal_interfaces
[30.414s] -- Up-to-date: /home/igor/gral-iiriondo/unitree_ws/install/speech_to_goal_interfaces/include/speech_to_goal_interfaces/speech_to_goal_interfaces/msg
[30.414s] -- Installing: /home/igor/gral-iiriondo/unitree_ws/install/speech_to_goal_interfaces/include/speech_to_goal_interfaces/speech_to_goal_interfaces/msg/rosidl_typesupport_fastrtps_cpp__visibility_control.h
[30.414s] -- Up-to-date: /home/igor/gral-iiriondo/unitree_ws/install/speech_to_goal_interfaces/include/speech_to_goal_interfaces/speech_to_goal_interfaces/msg/detail
[30.414s] -- Installing: /home/igor/gral-iiriondo/unitree_ws/install/speech_to_goal_interfaces/include/speech_to_goal_interfaces/speech_to_goal_interfaces/msg/detail/dds_fastrtps
[30.414s] -- Installing: /home/igor/gral-iiriondo/unitree_ws/install/speech_to_goal_interfaces/include/speech_to_goal_interfaces/speech_to_goal_interfaces/msg/detail/waypoint__rosidl_typesupport_fastrtps_cpp.hpp
[30.418s] -- Up-to-date: /home/igor/gral-iiriondo/unitree_ws/install/speech_to_goal_interfaces/include/speech_to_goal_interfaces/speech_to_goal_interfaces/srv
[30.418s] -- Up-to-date: /home/igor/gral-iiriondo/unitree_ws/install/speech_to_goal_interfaces/include/speech_to_goal_interfaces/speech_to_goal_interfaces/srv/detail
[30.419s] -- Installing: /home/igor/gral-iiriondo/unitree_ws/install/speech_to_goal_interfaces/include/speech_to_goal_interfaces/speech_to_goal_interfaces/srv/detail/detect_intent__rosidl_typesupport_fastrtps_cpp.hpp
[30.419s] -- Installing: /home/igor/gral-iiriondo/unitree_ws/install/speech_to_goal_interfaces/include/speech_to_goal_interfaces/speech_to_goal_interfaces/srv/detail/llm_query__rosidl_typesupport_fastrtps_cpp.hpp
[30.419s] -- Installing: /home/igor/gral-iiriondo/unitree_ws/install/speech_to_goal_interfaces/include/speech_to_goal_interfaces/speech_to_goal_interfaces/srv/detail/dds_fastrtps
[30.420s] -- Installing: /home/igor/gral-iiriondo/unitree_ws/install/speech_to_goal_interfaces/lib/libspeech_to_goal_interfaces__rosidl_typesupport_fastrtps_cpp.so
[30.420s] -- Set runtime path of "/home/igor/gral-iiriondo/unitree_ws/install/speech_to_goal_interfaces/lib/libspeech_to_goal_interfaces__rosidl_typesupport_fastrtps_cpp.so" to ""
[30.420s] -- Up-to-date: /home/igor/gral-iiriondo/unitree_ws/install/speech_to_goal_interfaces/include/speech_to_goal_interfaces/speech_to_goal_interfaces
[30.420s] -- Up-to-date: /home/igor/gral-iiriondo/unitree_ws/install/speech_to_goal_interfaces/include/speech_to_goal_interfaces/speech_to_goal_interfaces/msg
[30.420s] -- Up-to-date: /home/igor/gral-iiriondo/unitree_ws/install/speech_to_goal_interfaces/include/speech_to_goal_interfaces/speech_to_goal_interfaces/msg/detail
[30.421s] -- Installing: /home/igor/gral-iiriondo/unitree_ws/install/speech_to_goal_interfaces/include/speech_to_goal_interfaces/speech_to_goal_interfaces/msg/detail/waypoint__type_support.cpp
[30.421s] -- Installing: /home/igor/gral-iiriondo/unitree_ws/install/speech_to_goal_interfaces/include/speech_to_goal_interfaces/speech_to_goal_interfaces/msg/detail/waypoint__rosidl_typesupport_introspection_cpp.hpp
[30.422s] -- Up-to-date: /home/igor/gral-iiriondo/unitree_ws/install/speech_to_goal_interfaces/include/speech_to_goal_interfaces/speech_to_goal_interfaces/srv
[30.424s] -- Up-to-date: /home/igor/gral-iiriondo/unitree_ws/install/speech_to_goal_interfaces/include/speech_to_goal_interfaces/speech_to_goal_interfaces/srv/detail
[30.425s] -- Installing: /home/igor/gral-iiriondo/unitree_ws/install/speech_to_goal_interfaces/include/speech_to_goal_interfaces/speech_to_goal_interfaces/srv/detail/detect_intent__type_support.cpp
[30.425s] -- Installing: /home/igor/gral-iiriondo/unitree_ws/install/speech_to_goal_interfaces/include/speech_to_goal_interfaces/speech_to_goal_interfaces/srv/detail/detect_intent__rosidl_typesupport_introspection_cpp.hpp
[30.425s] -- Installing: /home/igor/gral-iiriondo/unitree_ws/install/speech_to_goal_interfaces/include/speech_to_goal_interfaces/speech_to_goal_interfaces/srv/detail/llm_query__rosidl_typesupport_introspection_cpp.hpp
[30.425s] -- Installing: /home/igor/gral-iiriondo/unitree_ws/install/speech_to_goal_interfaces/include/speech_to_goal_interfaces/speech_to_goal_interfaces/srv/detail/llm_query__type_support.cpp
[30.425s] -- Installing: /home/igor/gral-iiriondo/unitree_ws/install/speech_to_goal_interfaces/lib/libspeech_to_goal_interfaces__rosidl_typesupport_introspection_cpp.so
[30.426s] -- Set runtime path of "/home/igor/gral-iiriondo/unitree_ws/install/speech_to_goal_interfaces/lib/libspeech_to_goal_interfaces__rosidl_typesupport_introspection_cpp.so" to ""
[30.426s] -- Installing: /home/igor/gral-iiriondo/unitree_ws/install/speech_to_goal_interfaces/lib/libspeech_to_goal_interfaces__rosidl_typesupport_cpp.so
[30.426s] -- Set runtime path of "/home/igor/gral-iiriondo/unitree_ws/install/speech_to_goal_interfaces/lib/libspeech_to_goal_interfaces__rosidl_typesupport_cpp.so" to ""
[30.427s] -- Installing: /home/igor/gral-iiriondo/unitree_ws/install/speech_to_goal_interfaces/share/speech_to_goal_interfaces/environment/pythonpath.sh
[30.427s] -- Installing: /home/igor/gral-iiriondo/unitree_ws/install/speech_to_goal_interfaces/share/speech_to_goal_interfaces/environment/pythonpath.dsv
[30.427s] -- Installing: /home/igor/gral-iiriondo/unitree_ws/install/speech_to_goal_interfaces/lib/python3.8/site-packages/speech_to_goal_interfaces-0.0.0-py3.8.egg-info
[30.427s] -- Installing: /home/igor/gral-iiriondo/unitree_ws/install/speech_to_goal_interfaces/lib/python3.8/site-packages/speech_to_goal_interfaces-0.0.0-py3.8.egg-info/top_level.txt
[30.428s] -- Installing: /home/igor/gral-iiriondo/unitree_ws/install/speech_to_goal_interfaces/lib/python3.8/site-packages/speech_to_goal_interfaces-0.0.0-py3.8.egg-info/PKG-INFO
[30.428s] -- Installing: /home/igor/gral-iiriondo/unitree_ws/install/speech_to_goal_interfaces/lib/python3.8/site-packages/speech_to_goal_interfaces-0.0.0-py3.8.egg-info/dependency_links.txt
[30.428s] -- Installing: /home/igor/gral-iiriondo/unitree_ws/install/speech_to_goal_interfaces/lib/python3.8/site-packages/speech_to_goal_interfaces-0.0.0-py3.8.egg-info/SOURCES.txt
[30.429s] -- Installing: /home/igor/gral-iiriondo/unitree_ws/install/speech_to_goal_interfaces/lib/python3.8/site-packages/speech_to_goal_interfaces
[30.429s] -- Installing: /home/igor/gral-iiriondo/unitree_ws/install/speech_to_goal_interfaces/lib/python3.8/site-packages/speech_to_goal_interfaces/speech_to_goal_interfaces_s__rosidl_typesupport_c.cpython-310-x86_64-linux-gnu.so
[30.430s] -- Installing: /home/igor/gral-iiriondo/unitree_ws/install/speech_to_goal_interfaces/lib/python3.8/site-packages/speech_to_goal_interfaces/speech_to_goal_interfaces_s__rosidl_typesupport_fastrtps_c.cpython-310-x86_64-linux-gnu.so
[30.430s] -- Installing: /home/igor/gral-iiriondo/unitree_ws/install/speech_to_goal_interfaces/lib/python3.8/site-packages/speech_to_goal_interfaces/__init__.py
[30.430s] -- Installing: /home/igor/gral-iiriondo/unitree_ws/install/speech_to_goal_interfaces/lib/python3.8/site-packages/speech_to_goal_interfaces/_speech_to_goal_interfaces_s.ep.rosidl_typesupport_introspection_c.c
[30.430s] -- Installing: /home/igor/gral-iiriondo/unitree_ws/install/speech_to_goal_interfaces/lib/python3.8/site-packages/speech_to_goal_interfaces/msg
[30.430s] -- Installing: /home/igor/gral-iiriondo/unitree_ws/install/speech_to_goal_interfaces/lib/python3.8/site-packages/speech_to_goal_interfaces/msg/_waypoint_s.c
[30.430s] -- Installing: /home/igor/gral-iiriondo/unitree_ws/install/speech_to_goal_interfaces/lib/python3.8/site-packages/speech_to_goal_interfaces/msg/_waypoint.py
[30.436s] -- Installing: /home/igor/gral-iiriondo/unitree_ws/install/speech_to_goal_interfaces/lib/python3.8/site-packages/speech_to_goal_interfaces/msg/__init__.py
[30.437s] -- Installing: /home/igor/gral-iiriondo/unitree_ws/install/speech_to_goal_interfaces/lib/python3.8/site-packages/speech_to_goal_interfaces/_speech_to_goal_interfaces_s.ep.rosidl_typesupport_fastrtps_c.c
[30.437s] -- Installing: /home/igor/gral-iiriondo/unitree_ws/install/speech_to_goal_interfaces/lib/python3.8/site-packages/speech_to_goal_interfaces/_speech_to_goal_interfaces_s.ep.rosidl_typesupport_c.c
[30.437s] -- Installing: /home/igor/gral-iiriondo/unitree_ws/install/speech_to_goal_interfaces/lib/python3.8/site-packages/speech_to_goal_interfaces/libspeech_to_goal_interfaces__rosidl_generator_py.so
[30.437s] -- Installing: /home/igor/gral-iiriondo/unitree_ws/install/speech_to_goal_interfaces/lib/python3.8/site-packages/speech_to_goal_interfaces/speech_to_goal_interfaces_s__rosidl_typesupport_introspection_c.cpython-310-x86_64-linux-gnu.so
[30.437s] -- Installing: /home/igor/gral-iiriondo/unitree_ws/install/speech_to_goal_interfaces/lib/python3.8/site-packages/speech_to_goal_interfaces/srv
[30.438s] -- Installing: /home/igor/gral-iiriondo/unitree_ws/install/speech_to_goal_interfaces/lib/python3.8/site-packages/speech_to_goal_interfaces/srv/_llm_query.py
[30.438s] -- Installing: /home/igor/gral-iiriondo/unitree_ws/install/speech_to_goal_interfaces/lib/python3.8/site-packages/speech_to_goal_interfaces/srv/__init__.py
[30.438s] -- Installing: /home/igor/gral-iiriondo/unitree_ws/install/speech_to_goal_interfaces/lib/python3.8/site-packages/speech_to_goal_interfaces/srv/_detect_intent_s.c
[30.438s] -- Installing: /home/igor/gral-iiriondo/unitree_ws/install/speech_to_goal_interfaces/lib/python3.8/site-packages/speech_to_goal_interfaces/srv/_llm_query_s.c
[30.438s] -- Installing: /home/igor/gral-iiriondo/unitree_ws/install/speech_to_goal_interfaces/lib/python3.8/site-packages/speech_to_goal_interfaces/srv/_detect_intent.py
[30.540s] Listing '/home/igor/gral-iiriondo/unitree_ws/install/speech_to_goal_interfaces/lib/python3.8/site-packages/speech_to_goal_interfaces'...
[30.540s] Compiling '/home/igor/gral-iiriondo/unitree_ws/install/speech_to_goal_interfaces/lib/python3.8/site-packages/speech_to_goal_interfaces/__init__.py'...
[30.540s] Listing '/home/igor/gral-iiriondo/unitree_ws/install/speech_to_goal_interfaces/lib/python3.8/site-packages/speech_to_goal_interfaces/msg'...
[30.541s] Compiling '/home/igor/gral-iiriondo/unitree_ws/install/speech_to_goal_interfaces/lib/python3.8/site-packages/speech_to_goal_interfaces/msg/__init__.py'...
[30.541s] Compiling '/home/igor/gral-iiriondo/unitree_ws/install/speech_to_goal_interfaces/lib/python3.8/site-packages/speech_to_goal_interfaces/msg/_waypoint.py'...
[30.541s] Listing '/home/igor/gral-iiriondo/unitree_ws/install/speech_to_goal_interfaces/lib/python3.8/site-packages/speech_to_goal_interfaces/srv'...
[30.541s] Compiling '/home/igor/gral-iiriondo/unitree_ws/install/speech_to_goal_interfaces/lib/python3.8/site-packages/speech_to_goal_interfaces/srv/__init__.py'...
[30.541s] Compiling '/home/igor/gral-iiriondo/unitree_ws/install/speech_to_goal_interfaces/lib/python3.8/site-packages/speech_to_goal_interfaces/srv/_detect_intent.py'...
[30.542s] Compiling '/home/igor/gral-iiriondo/unitree_ws/install/speech_to_goal_interfaces/lib/python3.8/site-packages/speech_to_goal_interfaces/srv/_llm_query.py'...
[30.549s] -- Installing: /home/igor/gral-iiriondo/unitree_ws/install/speech_to_goal_interfaces/lib/python3.8/site-packages/speech_to_goal_interfaces/speech_to_goal_interfaces_s__rosidl_typesupport_fastrtps_c.cpython-310-x86_64-linux-gnu.so
[30.550s] -- Set runtime path of "/home/igor/gral-iiriondo/unitree_ws/install/speech_to_goal_interfaces/lib/python3.8/site-packages/speech_to_goal_interfaces/speech_to_goal_interfaces_s__rosidl_typesupport_fastrtps_c.cpython-310-x86_64-linux-gnu.so" to ""
[30.551s] -- Installing: /home/igor/gral-iiriondo/unitree_ws/install/speech_to_goal_interfaces/lib/python3.8/site-packages/speech_to_goal_interfaces/speech_to_goal_interfaces_s__rosidl_typesupport_introspection_c.cpython-310-x86_64-linux-gnu.so
[30.552s] -- Set runtime path of "/home/igor/gral-iiriondo/unitree_ws/install/speech_to_goal_interfaces/lib/python3.8/site-packages/speech_to_goal_interfaces/speech_to_goal_interfaces_s__rosidl_typesupport_introspection_c.cpython-310-x86_64-linux-gnu.so" to ""
[30.554s] -- Installing: /home/igor/gral-iiriondo/unitree_ws/install/speech_to_goal_interfaces/lib/python3.8/site-packages/speech_to_goal_interfaces/speech_to_goal_interfaces_s__rosidl_typesupport_c.cpython-310-x86_64-linux-gnu.so
[30.555s] -- Set runtime path of "/home/igor/gral-iiriondo/unitree_ws/install/speech_to_goal_interfaces/lib/python3.8/site-packages/speech_to_goal_interfaces/speech_to_goal_interfaces_s__rosidl_typesupport_c.cpython-310-x86_64-linux-gnu.so" to ""
[30.555s] -- Installing: /home/igor/gral-iiriondo/unitree_ws/install/speech_to_goal_interfaces/lib/libspeech_to_goal_interfaces__rosidl_generator_py.so
[30.556s] -- Set runtime path of "/home/igor/gral-iiriondo/unitree_ws/install/speech_to_goal_interfaces/lib/libspeech_to_goal_interfaces__rosidl_generator_py.so" to ""
[30.558s] -- Installing: /home/igor/gral-iiriondo/unitree_ws/install/speech_to_goal_interfaces/share/ament_index/resource_index/rust_packages/speech_to_goal_interfaces
[30.558s] -- Installing: /home/igor/gral-iiriondo/unitree_ws/install/speech_to_goal_interfaces/share/speech_to_goal_interfaces/rust
[30.558s] -- Installing: /home/igor/gral-iiriondo/unitree_ws/install/speech_to_goal_interfaces/share/speech_to_goal_interfaces/rust/build.rs
[30.559s] -- Installing: /home/igor/gral-iiriondo/unitree_ws/install/speech_to_goal_interfaces/share/speech_to_goal_interfaces/rust/src
[30.559s] -- Installing: /home/igor/gral-iiriondo/unitree_ws/install/speech_to_goal_interfaces/share/speech_to_goal_interfaces/rust/src/msg.rs
[30.559s] -- Installing: /home/igor/gral-iiriondo/unitree_ws/install/speech_to_goal_interfaces/share/speech_to_goal_interfaces/rust/src/srv.rs
[30.559s] -- Installing: /home/igor/gral-iiriondo/unitree_ws/install/speech_to_goal_interfaces/share/speech_to_goal_interfaces/rust/src/msg
[30.559s] -- Installing: /home/igor/gral-iiriondo/unitree_ws/install/speech_to_goal_interfaces/share/speech_to_goal_interfaces/rust/src/msg/rmw.rs
[30.560s] -- Installing: /home/igor/gral-iiriondo/unitree_ws/install/speech_to_goal_interfaces/share/speech_to_goal_interfaces/rust/src/lib.rs
[30.560s] -- Installing: /home/igor/gral-iiriondo/unitree_ws/install/speech_to_goal_interfaces/share/speech_to_goal_interfaces/rust/src/srv
[30.560s] -- Installing: /home/igor/gral-iiriondo/unitree_ws/install/speech_to_goal_interfaces/share/speech_to_goal_interfaces/rust/src/srv/rmw.rs
[30.560s] -- Installing: /home/igor/gral-iiriondo/unitree_ws/install/speech_to_goal_interfaces/share/speech_to_goal_interfaces/rust/Cargo.toml
[30.561s] -- Installing: /home/igor/gral-iiriondo/unitree_ws/install/speech_to_goal_interfaces/share/speech_to_goal_interfaces/msg/Waypoint.idl
[30.561s] -- Installing: /home/igor/gral-iiriondo/unitree_ws/install/speech_to_goal_interfaces/share/speech_to_goal_interfaces/srv/LLMQuery.idl
[30.561s] -- Installing: /home/igor/gral-iiriondo/unitree_ws/install/speech_to_goal_interfaces/share/speech_to_goal_interfaces/srv/DetectIntent.idl
[30.561s] -- Installing: /home/igor/gral-iiriondo/unitree_ws/install/speech_to_goal_interfaces/share/speech_to_goal_interfaces/msg/Waypoint.msg
[30.562s] -- Installing: /home/igor/gral-iiriondo/unitree_ws/install/speech_to_goal_interfaces/share/speech_to_goal_interfaces/srv/LLMQuery.srv
[30.562s] -- Installing: /home/igor/gral-iiriondo/unitree_ws/install/speech_to_goal_interfaces/share/speech_to_goal_interfaces/srv/LLMQuery_Request.msg
[30.562s] -- Installing: /home/igor/gral-iiriondo/unitree_ws/install/speech_to_goal_interfaces/share/speech_to_goal_interfaces/srv/LLMQuery_Response.msg
[30.562s] -- Installing: /home/igor/gral-iiriondo/unitree_ws/install/speech_to_goal_interfaces/share/speech_to_goal_interfaces/srv/DetectIntent.srv
[30.562s] -- Installing: /home/igor/gral-iiriondo/unitree_ws/install/speech_to_goal_interfaces/share/speech_to_goal_interfaces/srv/DetectIntent_Request.msg
[30.563s] -- Installing: /home/igor/gral-iiriondo/unitree_ws/install/speech_to_goal_interfaces/share/speech_to_goal_interfaces/srv/DetectIntent_Response.msg
[30.563s] -- Installing: /home/igor/gral-iiriondo/unitree_ws/install/speech_to_goal_interfaces/share/ament_index/resource_index/package_run_dependencies/speech_to_goal_interfaces
[30.563s] -- Installing: /home/igor/gral-iiriondo/unitree_ws/install/speech_to_goal_interfaces/share/ament_index/resource_index/parent_prefix_path/speech_to_goal_interfaces
[30.564s] -- Installing: /home/igor/gral-iiriondo/unitree_ws/install/speech_to_goal_interfaces/share/speech_to_goal_interfaces/environment/ament_prefix_path.sh
[30.564s] -- Installing: /home/igor/gral-iiriondo/unitree_ws/install/speech_to_goal_interfaces/share/speech_to_goal_interfaces/environment/ament_prefix_path.dsv
[30.565s] -- Installing: /home/igor/gral-iiriondo/unitree_ws/install/speech_to_goal_interfaces/share/speech_to_goal_interfaces/environment/path.sh
[30.565s] -- Installing: /home/igor/gral-iiriondo/unitree_ws/install/speech_to_goal_interfaces/share/speech_to_goal_interfaces/environment/path.dsv
[30.565s] -- Installing: /home/igor/gral-iiriondo/unitree_ws/install/speech_to_goal_interfaces/share/speech_to_goal_interfaces/local_setup.bash
[30.566s] -- Installing: /home/igor/gral-iiriondo/unitree_ws/install/speech_to_goal_interfaces/share/speech_to_goal_interfaces/local_setup.sh
[30.566s] -- Installing: /home/igor/gral-iiriondo/unitree_ws/install/speech_to_goal_interfaces/share/speech_to_goal_interfaces/local_setup.zsh
[30.567s] -- Installing: /home/igor/gral-iiriondo/unitree_ws/install/speech_to_goal_interfaces/share/speech_to_goal_interfaces/local_setup.dsv
[30.567s] -- Installing: /home/igor/gral-iiriondo/unitree_ws/install/speech_to_goal_interfaces/share/speech_to_goal_interfaces/package.dsv
[30.568s] -- Installing: /home/igor/gral-iiriondo/unitree_ws/install/speech_to_goal_interfaces/share/ament_index/resource_index/packages/speech_to_goal_interfaces
[30.571s] -- Installing: /home/igor/gral-iiriondo/unitree_ws/install/speech_to_goal_interfaces/share/speech_to_goal_interfaces/cmake/export_speech_to_goal_interfaces__rosidl_generator_cExport.cmake
[30.571s] -- Installing: /home/igor/gral-iiriondo/unitree_ws/install/speech_to_goal_interfaces/share/speech_to_goal_interfaces/cmake/export_speech_to_goal_interfaces__rosidl_generator_cExport-noconfig.cmake
[30.571s] -- Installing: /home/igor/gral-iiriondo/unitree_ws/install/speech_to_goal_interfaces/share/speech_to_goal_interfaces/cmake/export_speech_to_goal_interfaces__rosidl_typesupport_fastrtps_cExport.cmake
[30.572s] -- Installing: /home/igor/gral-iiriondo/unitree_ws/install/speech_to_goal_interfaces/share/speech_to_goal_interfaces/cmake/export_speech_to_goal_interfaces__rosidl_typesupport_fastrtps_cExport-noconfig.cmake
[30.572s] -- Installing: /home/igor/gral-iiriondo/unitree_ws/install/speech_to_goal_interfaces/share/speech_to_goal_interfaces/cmake/speech_to_goal_interfaces__rosidl_typesupport_introspection_cExport.cmake
[30.572s] -- Installing: /home/igor/gral-iiriondo/unitree_ws/install/speech_to_goal_interfaces/share/speech_to_goal_interfaces/cmake/speech_to_goal_interfaces__rosidl_typesupport_introspection_cExport-noconfig.cmake
[30.572s] -- Installing: /home/igor/gral-iiriondo/unitree_ws/install/speech_to_goal_interfaces/share/speech_to_goal_interfaces/cmake/speech_to_goal_interfaces__rosidl_typesupport_cExport.cmake
[30.572s] -- Installing: /home/igor/gral-iiriondo/unitree_ws/install/speech_to_goal_interfaces/share/speech_to_goal_interfaces/cmake/speech_to_goal_interfaces__rosidl_typesupport_cExport-noconfig.cmake
[30.573s] -- Installing: /home/igor/gral-iiriondo/unitree_ws/install/speech_to_goal_interfaces/share/speech_to_goal_interfaces/cmake/export_speech_to_goal_interfaces__rosidl_generator_cppExport.cmake
[30.573s] -- Installing: /home/igor/gral-iiriondo/unitree_ws/install/speech_to_goal_interfaces/share/speech_to_goal_interfaces/cmake/export_speech_to_goal_interfaces__rosidl_typesupport_fastrtps_cppExport.cmake
[30.573s] -- Installing: /home/igor/gral-iiriondo/unitree_ws/install/speech_to_goal_interfaces/share/speech_to_goal_interfaces/cmake/export_speech_to_goal_interfaces__rosidl_typesupport_fastrtps_cppExport-noconfig.cmake
[30.573s] -- Installing: /home/igor/gral-iiriondo/unitree_ws/install/speech_to_goal_interfaces/share/speech_to_goal_interfaces/cmake/speech_to_goal_interfaces__rosidl_typesupport_introspection_cppExport.cmake
[30.574s] -- Installing: /home/igor/gral-iiriondo/unitree_ws/install/speech_to_goal_interfaces/share/speech_to_goal_interfaces/cmake/speech_to_goal_interfaces__rosidl_typesupport_introspection_cppExport-noconfig.cmake
[30.574s] -- Installing: /home/igor/gral-iiriondo/unitree_ws/install/speech_to_goal_interfaces/share/speech_to_goal_interfaces/cmake/speech_to_goal_interfaces__rosidl_typesupport_cppExport.cmake
[30.574s] -- Installing: /home/igor/gral-iiriondo/unitree_ws/install/speech_to_goal_interfaces/share/speech_to_goal_interfaces/cmake/speech_to_goal_interfaces__rosidl_typesupport_cppExport-noconfig.cmake
[30.574s] -- Installing: /home/igor/gral-iiriondo/unitree_ws/install/speech_to_goal_interfaces/share/speech_to_goal_interfaces/cmake/export_speech_to_goal_interfaces__rosidl_generator_pyExport.cmake
[30.575s] -- Installing: /home/igor/gral-iiriondo/unitree_ws/install/speech_to_goal_interfaces/share/speech_to_goal_interfaces/cmake/export_speech_to_goal_interfaces__rosidl_generator_pyExport-noconfig.cmake
[30.577s] -- Installing: /home/igor/gral-iiriondo/unitree_ws/install/speech_to_goal_interfaces/share/speech_to_goal_interfaces/cmake/rosidl_cmake-extras.cmake
[30.577s] -- Installing: /home/igor/gral-iiriondo/unitree_ws/install/speech_to_goal_interfaces/share/speech_to_goal_interfaces/cmake/ament_cmake_export_include_directories-extras.cmake
[30.577s] -- Installing: /home/igor/gral-iiriondo/unitree_ws/install/speech_to_goal_interfaces/share/speech_to_goal_interfaces/cmake/ament_cmake_export_libraries-extras.cmake
[30.578s] -- Installing: /home/igor/gral-iiriondo/unitree_ws/install/speech_to_goal_interfaces/share/speech_to_goal_interfaces/cmake/ament_cmake_export_targets-extras.cmake
[30.578s] -- Installing: /home/igor/gral-iiriondo/unitree_ws/install/speech_to_goal_interfaces/share/speech_to_goal_interfaces/cmake/rosidl_cmake_export_typesupport_targets-extras.cmake
[30.578s] -- Installing: /home/igor/gral-iiriondo/unitree_ws/install/speech_to_goal_interfaces/share/speech_to_goal_interfaces/cmake/ament_cmake_export_dependencies-extras.cmake
[30.578s] -- Installing: /home/igor/gral-iiriondo/unitree_ws/install/speech_to_goal_interfaces/share/speech_to_goal_interfaces/cmake/rosidl_cmake_export_typesupport_libraries-extras.cmake
[30.579s] -- Installing: /home/igor/gral-iiriondo/unitree_ws/install/speech_to_goal_interfaces/share/speech_to_goal_interfaces/cmake/speech_to_goal_interfacesConfig.cmake
[30.579s] -- Installing: /home/igor/gral-iiriondo/unitree_ws/install/speech_to_goal_interfaces/share/speech_to_goal_interfaces/cmake/speech_to_goal_interfacesConfig-version.cmake
[30.579s] -- Installing: /home/igor/gral-iiriondo/unitree_ws/install/speech_to_goal_interfaces/share/speech_to_goal_interfaces/package.xml
[30.587s] Invoked command in '/home/igor/gral-iiriondo/unitree_ws/build/speech_to_goal_interfaces' returned '0': /usr/bin/cmake --install /home/igor/gral-iiriondo/unitree_ws/build/speech_to_goal_interfaces
