[0.073s] Invoking command in '/home/tknika/gral-iiriondo/unitree_ws/build/object_recognition_interfaces': CMAKE_PREFIX_PATH=/opt/ros/humble /usr/bin/cmake --build /home/tknika/gral-iiriondo/unitree_ws/build/object_recognition_interfaces -- -j8 -l8
[1.575s] [  2%] Built target object_recognition_interfaces__cpp
[1.577s] [  5%] Built target object_recognition_interfaces__rs
[1.577s] [ 15%] Built target object_recognition_interfaces__rosidl_generator_c
[1.577s] [ 15%] Built target ament_cmake_python_symlink_object_recognition_interfaces
[1.578s] [ 25%] Built target object_recognition_interfaces__rosidl_typesupport_fastrtps_cpp
[1.579s] [ 35%] Built target object_recognition_interfaces__rosidl_typesupport_introspection_cpp
[1.579s] [ 45%] Built target object_recognition_interfaces__rosidl_typesupport_cpp
[1.580s] [ 55%] Built target object_recognition_interfaces__rosidl_typesupport_introspection_c
[1.580s] [ 65%] Built target object_recognition_interfaces__rosidl_typesupport_c
[1.580s] [ 75%] Built target object_recognition_interfaces__rosidl_typesupport_fastrtps_c
[1.581s] [ 75%] Built target object_recognition_interfaces
[1.581s] [ 77%] Built target object_recognition_interfaces__py
[1.581s] [ 85%] Built target object_recognition_interfaces__rosidl_generator_py
[1.581s] [ 90%] Built target object_recognition_interfaces__rosidl_typesupport_c__pyext
[1.581s] [ 95%] Built target object_recognition_interfaces__rosidl_typesupport_fastrtps_c__pyext
[1.581s] [100%] Built target object_recognition_interfaces__rosidl_typesupport_introspection_c__pyext
[1.581s] running egg_info
[1.581s] writing object_recognition_interfaces.egg-info/PKG-INFO
[1.582s] writing dependency_links to object_recognition_interfaces.egg-info/dependency_links.txt
[1.582s] writing top-level names to object_recognition_interfaces.egg-info/top_level.txt
[1.582s] reading manifest file 'object_recognition_interfaces.egg-info/SOURCES.txt'
[1.582s] writing manifest file 'object_recognition_interfaces.egg-info/SOURCES.txt'
[1.582s] [100%] Built target ament_cmake_python_build_object_recognition_interfaces_egg
[2.027s] Invoked command in '/home/tknika/gral-iiriondo/unitree_ws/build/object_recognition_interfaces' returned '0': CMAKE_PREFIX_PATH=/opt/ros/humble /usr/bin/cmake --build /home/tknika/gral-iiriondo/unitree_ws/build/object_recognition_interfaces -- -j8 -l8
[2.030s] Invoking command in '/home/tknika/gral-iiriondo/unitree_ws/build/object_recognition_interfaces': CMAKE_PREFIX_PATH=/opt/ros/humble /usr/bin/cmake --install /home/tknika/gral-iiriondo/unitree_ws/build/object_recognition_interfaces
[2.049s] -- Install configuration: ""
[2.050s] -- Execute custom install script
[2.052s] -- Up-to-date symlink: /home/tknika/gral-iiriondo/unitree_ws/install/object_recognition_interfaces/share/ament_index/resource_index/rosidl_interfaces/object_recognition_interfaces
[2.052s] -- Up-to-date symlink: /home/tknika/gral-iiriondo/unitree_ws/install/object_recognition_interfaces/include/object_recognition_interfaces/object_recognition_interfaces/msg/rosidl_generator_c__visibility_control.h
[2.053s] -- Up-to-date symlink: /home/tknika/gral-iiriondo/unitree_ws/install/object_recognition_interfaces/include/object_recognition_interfaces/object_recognition_interfaces/srv/add_object.h
[2.054s] -- Up-to-date symlink: /home/tknika/gral-iiriondo/unitree_ws/install/object_recognition_interfaces/include/object_recognition_interfaces/object_recognition_interfaces/srv/detail/add_object__functions.h
[2.055s] -- Up-to-date symlink: /home/tknika/gral-iiriondo/unitree_ws/install/object_recognition_interfaces/include/object_recognition_interfaces/object_recognition_interfaces/srv/detail/add_object__struct.h
[2.056s] -- Up-to-date symlink: /home/tknika/gral-iiriondo/unitree_ws/install/object_recognition_interfaces/include/object_recognition_interfaces/object_recognition_interfaces/srv/detail/add_object__type_support.h
[2.057s] -- Up-to-date symlink: /home/tknika/gral-iiriondo/unitree_ws/install/object_recognition_interfaces/include/object_recognition_interfaces/object_recognition_interfaces/srv/detail/detect_object__functions.h
[2.057s] -- Up-to-date symlink: /home/tknika/gral-iiriondo/unitree_ws/install/object_recognition_interfaces/include/object_recognition_interfaces/object_recognition_interfaces/srv/detail/detect_object__struct.h
[2.059s] -- Up-to-date symlink: /home/tknika/gral-iiriondo/unitree_ws/install/object_recognition_interfaces/include/object_recognition_interfaces/object_recognition_interfaces/srv/detail/detect_object__type_support.h
[2.059s] -- Up-to-date symlink: /home/tknika/gral-iiriondo/unitree_ws/install/object_recognition_interfaces/include/object_recognition_interfaces/object_recognition_interfaces/srv/detect_object.h
[2.060s] -- Up-to-date symlink: /home/tknika/gral-iiriondo/unitree_ws/install/object_recognition_interfaces/share/object_recognition_interfaces/environment/library_path.sh
[2.060s] -- Up-to-date symlink: /home/tknika/gral-iiriondo/unitree_ws/install/object_recognition_interfaces/share/object_recognition_interfaces/environment/library_path.dsv
[2.061s] -- Up-to-date symlink: /home/tknika/gral-iiriondo/unitree_ws/install/object_recognition_interfaces/include/object_recognition_interfaces/object_recognition_interfaces/msg/rosidl_typesupport_fastrtps_c__visibility_control.h
[2.063s] -- Up-to-date symlink: /home/tknika/gral-iiriondo/unitree_ws/install/object_recognition_interfaces/include/object_recognition_interfaces/object_recognition_interfaces/srv/detail/add_object__rosidl_typesupport_fastrtps_c.h
[2.065s] -- Up-to-date symlink: /home/tknika/gral-iiriondo/unitree_ws/install/object_recognition_interfaces/include/object_recognition_interfaces/object_recognition_interfaces/srv/detail/detect_object__rosidl_typesupport_fastrtps_c.h
[2.067s] -- Up-to-date symlink: /home/tknika/gral-iiriondo/unitree_ws/install/object_recognition_interfaces/include/object_recognition_interfaces/object_recognition_interfaces/msg/rosidl_typesupport_introspection_c__visibility_control.h
[2.067s] -- Up-to-date symlink: /home/tknika/gral-iiriondo/unitree_ws/install/object_recognition_interfaces/include/object_recognition_interfaces/object_recognition_interfaces/srv/detail/add_object__rosidl_typesupport_introspection_c.h
[2.069s] -- Up-to-date symlink: /home/tknika/gral-iiriondo/unitree_ws/install/object_recognition_interfaces/include/object_recognition_interfaces/object_recognition_interfaces/srv/detail/detect_object__rosidl_typesupport_introspection_c.h
[2.071s] -- Up-to-date symlink: /home/tknika/gral-iiriondo/unitree_ws/install/object_recognition_interfaces/include/object_recognition_interfaces/object_recognition_interfaces/msg/rosidl_generator_cpp__visibility_control.hpp
[2.071s] -- Up-to-date symlink: /home/tknika/gral-iiriondo/unitree_ws/install/object_recognition_interfaces/include/object_recognition_interfaces/object_recognition_interfaces/srv/add_object.hpp
[2.072s] -- Up-to-date symlink: /home/tknika/gral-iiriondo/unitree_ws/install/object_recognition_interfaces/include/object_recognition_interfaces/object_recognition_interfaces/srv/detail/add_object__builder.hpp
[2.072s] -- Up-to-date symlink: /home/tknika/gral-iiriondo/unitree_ws/install/object_recognition_interfaces/include/object_recognition_interfaces/object_recognition_interfaces/srv/detail/add_object__struct.hpp
[2.073s] -- Up-to-date symlink: /home/tknika/gral-iiriondo/unitree_ws/install/object_recognition_interfaces/include/object_recognition_interfaces/object_recognition_interfaces/srv/detail/add_object__traits.hpp
[2.073s] -- Up-to-date symlink: /home/tknika/gral-iiriondo/unitree_ws/install/object_recognition_interfaces/include/object_recognition_interfaces/object_recognition_interfaces/srv/detail/add_object__type_support.hpp
[2.073s] -- Up-to-date symlink: /home/tknika/gral-iiriondo/unitree_ws/install/object_recognition_interfaces/include/object_recognition_interfaces/object_recognition_interfaces/srv/detail/detect_object__builder.hpp
[2.074s] -- Up-to-date symlink: /home/tknika/gral-iiriondo/unitree_ws/install/object_recognition_interfaces/include/object_recognition_interfaces/object_recognition_interfaces/srv/detail/detect_object__struct.hpp
[2.074s] -- Up-to-date symlink: /home/tknika/gral-iiriondo/unitree_ws/install/object_recognition_interfaces/include/object_recognition_interfaces/object_recognition_interfaces/srv/detail/detect_object__traits.hpp
[2.074s] -- Up-to-date symlink: /home/tknika/gral-iiriondo/unitree_ws/install/object_recognition_interfaces/include/object_recognition_interfaces/object_recognition_interfaces/srv/detail/detect_object__type_support.hpp
[2.075s] -- Up-to-date symlink: /home/tknika/gral-iiriondo/unitree_ws/install/object_recognition_interfaces/include/object_recognition_interfaces/object_recognition_interfaces/srv/detect_object.hpp
[2.075s] -- Up-to-date symlink: /home/tknika/gral-iiriondo/unitree_ws/install/object_recognition_interfaces/include/object_recognition_interfaces/object_recognition_interfaces/msg/rosidl_typesupport_fastrtps_cpp__visibility_control.h
[2.077s] -- Up-to-date symlink: /home/tknika/gral-iiriondo/unitree_ws/install/object_recognition_interfaces/include/object_recognition_interfaces/object_recognition_interfaces/srv/detail/add_object__rosidl_typesupport_fastrtps_cpp.hpp
[2.077s] -- Up-to-date symlink: /home/tknika/gral-iiriondo/unitree_ws/install/object_recognition_interfaces/include/object_recognition_interfaces/object_recognition_interfaces/srv/detail/detect_object__rosidl_typesupport_fastrtps_cpp.hpp
[2.080s] -- Up-to-date symlink: /home/tknika/gral-iiriondo/unitree_ws/install/object_recognition_interfaces/include/object_recognition_interfaces/object_recognition_interfaces/srv/detail/add_object__rosidl_typesupport_introspection_cpp.hpp
[2.080s] -- Up-to-date symlink: /home/tknika/gral-iiriondo/unitree_ws/install/object_recognition_interfaces/include/object_recognition_interfaces/object_recognition_interfaces/srv/detail/detect_object__rosidl_typesupport_introspection_cpp.hpp
[2.081s] -- Up-to-date symlink: /home/tknika/gral-iiriondo/unitree_ws/install/object_recognition_interfaces/share/object_recognition_interfaces/environment/pythonpath.sh
[2.082s] -- Up-to-date symlink: /home/tknika/gral-iiriondo/unitree_ws/install/object_recognition_interfaces/share/object_recognition_interfaces/environment/pythonpath.dsv
[2.084s] -- Up-to-date symlink: /home/tknika/gral-iiriondo/unitree_ws/install/object_recognition_interfaces/local/lib/python3.10/dist-packages/object_recognition_interfaces-0.0.0-py3.10.egg-info/PKG-INFO
[2.085s] -- Up-to-date symlink: /home/tknika/gral-iiriondo/unitree_ws/install/object_recognition_interfaces/local/lib/python3.10/dist-packages/object_recognition_interfaces-0.0.0-py3.10.egg-info/SOURCES.txt
[2.086s] -- Up-to-date symlink: /home/tknika/gral-iiriondo/unitree_ws/install/object_recognition_interfaces/local/lib/python3.10/dist-packages/object_recognition_interfaces-0.0.0-py3.10.egg-info/dependency_links.txt
[2.087s] -- Up-to-date symlink: /home/tknika/gral-iiriondo/unitree_ws/install/object_recognition_interfaces/local/lib/python3.10/dist-packages/object_recognition_interfaces-0.0.0-py3.10.egg-info/top_level.txt
[2.091s] -- Up-to-date symlink: /home/tknika/gral-iiriondo/unitree_ws/install/object_recognition_interfaces/local/lib/python3.10/dist-packages/object_recognition_interfaces/__init__.py
[2.093s] -- Up-to-date symlink: /home/tknika/gral-iiriondo/unitree_ws/install/object_recognition_interfaces/local/lib/python3.10/dist-packages/object_recognition_interfaces/_object_recognition_interfaces_s.ep.rosidl_typesupport_c.c
[2.095s] -- Up-to-date symlink: /home/tknika/gral-iiriondo/unitree_ws/install/object_recognition_interfaces/local/lib/python3.10/dist-packages/object_recognition_interfaces/_object_recognition_interfaces_s.ep.rosidl_typesupport_fastrtps_c.c
[2.096s] -- Up-to-date symlink: /home/tknika/gral-iiriondo/unitree_ws/install/object_recognition_interfaces/local/lib/python3.10/dist-packages/object_recognition_interfaces/_object_recognition_interfaces_s.ep.rosidl_typesupport_introspection_c.c
[2.097s] -- Up-to-date symlink: /home/tknika/gral-iiriondo/unitree_ws/install/object_recognition_interfaces/local/lib/python3.10/dist-packages/object_recognition_interfaces/libobject_recognition_interfaces__rosidl_generator_py.so
[2.098s] -- Up-to-date symlink: /home/tknika/gral-iiriondo/unitree_ws/install/object_recognition_interfaces/local/lib/python3.10/dist-packages/object_recognition_interfaces/object_recognition_interfaces_s__rosidl_typesupport_c.cpython-310-aarch64-linux-gnu.so
[2.099s] -- Up-to-date symlink: /home/tknika/gral-iiriondo/unitree_ws/install/object_recognition_interfaces/local/lib/python3.10/dist-packages/object_recognition_interfaces/object_recognition_interfaces_s__rosidl_typesupport_fastrtps_c.cpython-310-aarch64-linux-gnu.so
[2.100s] -- Up-to-date symlink: /home/tknika/gral-iiriondo/unitree_ws/install/object_recognition_interfaces/local/lib/python3.10/dist-packages/object_recognition_interfaces/object_recognition_interfaces_s__rosidl_typesupport_introspection_c.cpython-310-aarch64-linux-gnu.so
[2.101s] -- Up-to-date symlink: /home/tknika/gral-iiriondo/unitree_ws/install/object_recognition_interfaces/local/lib/python3.10/dist-packages/object_recognition_interfaces/srv/__init__.py
[2.102s] -- Up-to-date symlink: /home/tknika/gral-iiriondo/unitree_ws/install/object_recognition_interfaces/local/lib/python3.10/dist-packages/object_recognition_interfaces/srv/_add_object.py
[2.103s] -- Up-to-date symlink: /home/tknika/gral-iiriondo/unitree_ws/install/object_recognition_interfaces/local/lib/python3.10/dist-packages/object_recognition_interfaces/srv/_add_object_s.c
[2.104s] -- Up-to-date symlink: /home/tknika/gral-iiriondo/unitree_ws/install/object_recognition_interfaces/local/lib/python3.10/dist-packages/object_recognition_interfaces/srv/_detect_object.py
[2.105s] -- Up-to-date symlink: /home/tknika/gral-iiriondo/unitree_ws/install/object_recognition_interfaces/local/lib/python3.10/dist-packages/object_recognition_interfaces/srv/_detect_object_s.c
[2.107s] -- Up-to-date symlink: /home/tknika/gral-iiriondo/unitree_ws/install/object_recognition_interfaces/local/lib/python3.10/dist-packages/object_recognition_interfaces/object_recognition_interfaces_s__rosidl_typesupport_fastrtps_c.cpython-310-aarch64-linux-gnu.so
[2.108s] -- Up-to-date symlink: /home/tknika/gral-iiriondo/unitree_ws/install/object_recognition_interfaces/local/lib/python3.10/dist-packages/object_recognition_interfaces/object_recognition_interfaces_s__rosidl_typesupport_introspection_c.cpython-310-aarch64-linux-gnu.so
[2.109s] -- Up-to-date symlink: /home/tknika/gral-iiriondo/unitree_ws/install/object_recognition_interfaces/local/lib/python3.10/dist-packages/object_recognition_interfaces/object_recognition_interfaces_s__rosidl_typesupport_c.cpython-310-aarch64-linux-gnu.so
[2.110s] -- Up-to-date symlink: /home/tknika/gral-iiriondo/unitree_ws/install/object_recognition_interfaces/share/ament_index/resource_index/rust_packages/object_recognition_interfaces
[2.111s] -- Up-to-date symlink: /home/tknika/gral-iiriondo/unitree_ws/install/object_recognition_interfaces/share/object_recognition_interfaces/rust/Cargo.toml
[2.112s] -- Up-to-date symlink: /home/tknika/gral-iiriondo/unitree_ws/install/object_recognition_interfaces/share/object_recognition_interfaces/rust/build.rs
[2.113s] -- Up-to-date symlink: /home/tknika/gral-iiriondo/unitree_ws/install/object_recognition_interfaces/share/object_recognition_interfaces/rust/src/lib.rs
[2.113s] -- Up-to-date symlink: /home/tknika/gral-iiriondo/unitree_ws/install/object_recognition_interfaces/share/object_recognition_interfaces/rust/src/srv.rs
[2.114s] -- Up-to-date symlink: /home/tknika/gral-iiriondo/unitree_ws/install/object_recognition_interfaces/share/object_recognition_interfaces/rust/src/srv/rmw.rs
[2.115s] -- Up-to-date symlink: /home/tknika/gral-iiriondo/unitree_ws/install/object_recognition_interfaces/share/object_recognition_interfaces/srv/DetectObject.idl
[2.117s] -- Up-to-date symlink: /home/tknika/gral-iiriondo/unitree_ws/install/object_recognition_interfaces/share/object_recognition_interfaces/srv/AddObject.idl
[2.119s] -- Up-to-date symlink: /home/tknika/gral-iiriondo/unitree_ws/install/object_recognition_interfaces/share/object_recognition_interfaces/srv/DetectObject.srv
[2.121s] -- Up-to-date symlink: /home/tknika/gral-iiriondo/unitree_ws/install/object_recognition_interfaces/share/object_recognition_interfaces/srv/DetectObject_Request.msg
[2.122s] -- Up-to-date symlink: /home/tknika/gral-iiriondo/unitree_ws/install/object_recognition_interfaces/share/object_recognition_interfaces/srv/DetectObject_Response.msg
[2.124s] -- Up-to-date symlink: /home/tknika/gral-iiriondo/unitree_ws/install/object_recognition_interfaces/share/object_recognition_interfaces/srv/AddObject.srv
[2.125s] -- Up-to-date symlink: /home/tknika/gral-iiriondo/unitree_ws/install/object_recognition_interfaces/share/object_recognition_interfaces/srv/AddObject_Request.msg
[2.127s] -- Up-to-date symlink: /home/tknika/gral-iiriondo/unitree_ws/install/object_recognition_interfaces/share/object_recognition_interfaces/srv/AddObject_Response.msg
[2.128s] -- Up-to-date symlink: /home/tknika/gral-iiriondo/unitree_ws/install/object_recognition_interfaces/share/ament_index/resource_index/package_run_dependencies/object_recognition_interfaces
[2.130s] -- Up-to-date symlink: /home/tknika/gral-iiriondo/unitree_ws/install/object_recognition_interfaces/share/ament_index/resource_index/parent_prefix_path/object_recognition_interfaces
[2.132s] -- Up-to-date symlink: /home/tknika/gral-iiriondo/unitree_ws/install/object_recognition_interfaces/share/object_recognition_interfaces/environment/ament_prefix_path.sh
[2.133s] -- Up-to-date symlink: /home/tknika/gral-iiriondo/unitree_ws/install/object_recognition_interfaces/share/object_recognition_interfaces/environment/ament_prefix_path.dsv
[2.135s] -- Up-to-date symlink: /home/tknika/gral-iiriondo/unitree_ws/install/object_recognition_interfaces/share/object_recognition_interfaces/environment/path.sh
[2.136s] -- Up-to-date symlink: /home/tknika/gral-iiriondo/unitree_ws/install/object_recognition_interfaces/share/object_recognition_interfaces/environment/path.dsv
[2.137s] -- Up-to-date symlink: /home/tknika/gral-iiriondo/unitree_ws/install/object_recognition_interfaces/share/object_recognition_interfaces/local_setup.bash
[2.139s] -- Up-to-date symlink: /home/tknika/gral-iiriondo/unitree_ws/install/object_recognition_interfaces/share/object_recognition_interfaces/local_setup.sh
[2.140s] -- Up-to-date symlink: /home/tknika/gral-iiriondo/unitree_ws/install/object_recognition_interfaces/share/object_recognition_interfaces/local_setup.zsh
[2.141s] -- Up-to-date symlink: /home/tknika/gral-iiriondo/unitree_ws/install/object_recognition_interfaces/share/object_recognition_interfaces/local_setup.dsv
[2.142s] -- Symlinking: /home/tknika/gral-iiriondo/unitree_ws/install/object_recognition_interfaces/share/object_recognition_interfaces/package.dsv
[2.167s] -- Up-to-date symlink: /home/tknika/gral-iiriondo/unitree_ws/install/object_recognition_interfaces/share/ament_index/resource_index/packages/object_recognition_interfaces
[2.168s] -- Up-to-date symlink: /home/tknika/gral-iiriondo/unitree_ws/install/object_recognition_interfaces/share/object_recognition_interfaces/cmake/rosidl_cmake-extras.cmake
[2.168s] -- Up-to-date symlink: /home/tknika/gral-iiriondo/unitree_ws/install/object_recognition_interfaces/share/object_recognition_interfaces/cmake/ament_cmake_export_include_directories-extras.cmake
[2.169s] -- Up-to-date symlink: /home/tknika/gral-iiriondo/unitree_ws/install/object_recognition_interfaces/share/object_recognition_interfaces/cmake/ament_cmake_export_libraries-extras.cmake
[2.170s] -- Up-to-date symlink: /home/tknika/gral-iiriondo/unitree_ws/install/object_recognition_interfaces/share/object_recognition_interfaces/cmake/ament_cmake_export_targets-extras.cmake
[2.171s] -- Up-to-date symlink: /home/tknika/gral-iiriondo/unitree_ws/install/object_recognition_interfaces/share/object_recognition_interfaces/cmake/rosidl_cmake_export_typesupport_targets-extras.cmake
[2.171s] -- Up-to-date symlink: /home/tknika/gral-iiriondo/unitree_ws/install/object_recognition_interfaces/share/object_recognition_interfaces/cmake/ament_cmake_export_dependencies-extras.cmake
[2.172s] -- Up-to-date symlink: /home/tknika/gral-iiriondo/unitree_ws/install/object_recognition_interfaces/share/object_recognition_interfaces/cmake/rosidl_cmake_export_typesupport_libraries-extras.cmake
[2.173s] -- Up-to-date symlink: /home/tknika/gral-iiriondo/unitree_ws/install/object_recognition_interfaces/share/object_recognition_interfaces/cmake/object_recognition_interfacesConfig.cmake
[2.174s] -- Up-to-date symlink: /home/tknika/gral-iiriondo/unitree_ws/install/object_recognition_interfaces/share/object_recognition_interfaces/cmake/object_recognition_interfacesConfig-version.cmake
[2.175s] -- Up-to-date symlink: /home/tknika/gral-iiriondo/unitree_ws/install/object_recognition_interfaces/share/object_recognition_interfaces/package.xml
[2.177s] -- Up-to-date: /home/tknika/gral-iiriondo/unitree_ws/install/object_recognition_interfaces/lib/libobject_recognition_interfaces__rosidl_generator_c.so
[2.179s] -- Up-to-date: /home/tknika/gral-iiriondo/unitree_ws/install/object_recognition_interfaces/lib/libobject_recognition_interfaces__rosidl_typesupport_fastrtps_c.so
[2.181s] -- Up-to-date: /home/tknika/gral-iiriondo/unitree_ws/install/object_recognition_interfaces/lib/libobject_recognition_interfaces__rosidl_typesupport_introspection_c.so
[2.183s] -- Up-to-date: /home/tknika/gral-iiriondo/unitree_ws/install/object_recognition_interfaces/lib/libobject_recognition_interfaces__rosidl_typesupport_c.so
[2.186s] -- Up-to-date: /home/tknika/gral-iiriondo/unitree_ws/install/object_recognition_interfaces/lib/libobject_recognition_interfaces__rosidl_typesupport_fastrtps_cpp.so
[2.188s] -- Up-to-date: /home/tknika/gral-iiriondo/unitree_ws/install/object_recognition_interfaces/lib/libobject_recognition_interfaces__rosidl_typesupport_introspection_cpp.so
[2.189s] -- Up-to-date: /home/tknika/gral-iiriondo/unitree_ws/install/object_recognition_interfaces/lib/libobject_recognition_interfaces__rosidl_typesupport_cpp.so
[2.261s] Listing '/home/tknika/gral-iiriondo/unitree_ws/install/object_recognition_interfaces/local/lib/python3.10/dist-packages/object_recognition_interfaces'...
[2.262s] Listing '/home/tknika/gral-iiriondo/unitree_ws/install/object_recognition_interfaces/local/lib/python3.10/dist-packages/object_recognition_interfaces/srv'...
[2.280s] -- Up-to-date: /home/tknika/gral-iiriondo/unitree_ws/install/object_recognition_interfaces/lib/libobject_recognition_interfaces__rosidl_generator_py.so
[2.281s] -- Up-to-date: /home/tknika/gral-iiriondo/unitree_ws/install/object_recognition_interfaces/share/object_recognition_interfaces/cmake/export_object_recognition_interfaces__rosidl_generator_cExport.cmake
[2.282s] -- Up-to-date: /home/tknika/gral-iiriondo/unitree_ws/install/object_recognition_interfaces/share/object_recognition_interfaces/cmake/export_object_recognition_interfaces__rosidl_generator_cExport-noconfig.cmake
[2.283s] -- Up-to-date: /home/tknika/gral-iiriondo/unitree_ws/install/object_recognition_interfaces/share/object_recognition_interfaces/cmake/export_object_recognition_interfaces__rosidl_typesupport_fastrtps_cExport.cmake
[2.284s] -- Up-to-date: /home/tknika/gral-iiriondo/unitree_ws/install/object_recognition_interfaces/share/object_recognition_interfaces/cmake/export_object_recognition_interfaces__rosidl_typesupport_fastrtps_cExport-noconfig.cmake
[2.285s] -- Up-to-date: /home/tknika/gral-iiriondo/unitree_ws/install/object_recognition_interfaces/share/object_recognition_interfaces/cmake/object_recognition_interfaces__rosidl_typesupport_introspection_cExport.cmake
[2.285s] -- Up-to-date: /home/tknika/gral-iiriondo/unitree_ws/install/object_recognition_interfaces/share/object_recognition_interfaces/cmake/object_recognition_interfaces__rosidl_typesupport_introspection_cExport-noconfig.cmake
[2.288s] -- Up-to-date: /home/tknika/gral-iiriondo/unitree_ws/install/object_recognition_interfaces/share/object_recognition_interfaces/cmake/object_recognition_interfaces__rosidl_typesupport_cExport.cmake
[2.288s] -- Up-to-date: /home/tknika/gral-iiriondo/unitree_ws/install/object_recognition_interfaces/share/object_recognition_interfaces/cmake/object_recognition_interfaces__rosidl_typesupport_cExport-noconfig.cmake
[2.289s] -- Up-to-date: /home/tknika/gral-iiriondo/unitree_ws/install/object_recognition_interfaces/share/object_recognition_interfaces/cmake/export_object_recognition_interfaces__rosidl_generator_cppExport.cmake
[2.291s] -- Up-to-date: /home/tknika/gral-iiriondo/unitree_ws/install/object_recognition_interfaces/share/object_recognition_interfaces/cmake/export_object_recognition_interfaces__rosidl_typesupport_fastrtps_cppExport.cmake
[2.291s] -- Up-to-date: /home/tknika/gral-iiriondo/unitree_ws/install/object_recognition_interfaces/share/object_recognition_interfaces/cmake/export_object_recognition_interfaces__rosidl_typesupport_fastrtps_cppExport-noconfig.cmake
[2.292s] -- Up-to-date: /home/tknika/gral-iiriondo/unitree_ws/install/object_recognition_interfaces/share/object_recognition_interfaces/cmake/object_recognition_interfaces__rosidl_typesupport_introspection_cppExport.cmake
[2.292s] -- Up-to-date: /home/tknika/gral-iiriondo/unitree_ws/install/object_recognition_interfaces/share/object_recognition_interfaces/cmake/object_recognition_interfaces__rosidl_typesupport_introspection_cppExport-noconfig.cmake
[2.295s] -- Up-to-date: /home/tknika/gral-iiriondo/unitree_ws/install/object_recognition_interfaces/share/object_recognition_interfaces/cmake/object_recognition_interfaces__rosidl_typesupport_cppExport.cmake
[2.295s] -- Up-to-date: /home/tknika/gral-iiriondo/unitree_ws/install/object_recognition_interfaces/share/object_recognition_interfaces/cmake/object_recognition_interfaces__rosidl_typesupport_cppExport-noconfig.cmake
[2.296s] -- Up-to-date: /home/tknika/gral-iiriondo/unitree_ws/install/object_recognition_interfaces/share/object_recognition_interfaces/cmake/export_object_recognition_interfaces__rosidl_generator_pyExport.cmake
[2.297s] -- Up-to-date: /home/tknika/gral-iiriondo/unitree_ws/install/object_recognition_interfaces/share/object_recognition_interfaces/cmake/export_object_recognition_interfaces__rosidl_generator_pyExport-noconfig.cmake
[2.368s] Invoked command in '/home/tknika/gral-iiriondo/unitree_ws/build/object_recognition_interfaces' returned '0': CMAKE_PREFIX_PATH=/opt/ros/humble /usr/bin/cmake --install /home/tknika/gral-iiriondo/unitree_ws/build/object_recognition_interfaces
