[0.091s] Invoking command in '/home/tknika/gral-iiriondo/unitree_ws/build/object_recognition_interfaces': CMAKE_PREFIX_PATH=${CMAKE_PREFIX_PATH}:/home/tknika/gral-iiriondo/unitree_ws/install/standing_mode:/home/tknika/gral-iiriondo/unitree_ws/install/speech_to_goal:/home/tknika/gral-iiriondo/unitree_ws/install/object_recognition:/home/tknika/gral-iiriondo/unitree_ws/install/mapping_configuration:/home/tknika/gral-iiriondo/unitree_ws/install/go1_description:/home/tknika/gral-iiriondo/unitree_ws/install/asr:/home/tknika/gral-iiriondo/unitree_ws/install/aruco_detector:/opt/ros/humble /usr/bin/cmake --build /home/tknika/gral-iiriondo/unitree_ws/build/object_recognition_interfaces -- -j8 -l8
[2.562s] [35m[1mConsolidate compiler generated dependencies of target object_recognition_interfaces__rosidl_generator_c[0m
[2.563s] [  2%] Built target object_recognition_interfaces__rs
[2.563s] [  5%] Built target object_recognition_interfaces__cpp
[2.563s] [ 15%] Built target object_recognition_interfaces__rosidl_generator_c
[2.565s] [ 15%] Built target ament_cmake_python_symlink_object_recognition_interfaces
[2.565s] [35m[1mConsolidate compiler generated dependencies of target object_recognition_interfaces__rosidl_typesupport_introspection_cpp[0m
[2.565s] [35m[1mConsolidate compiler generated dependencies of target object_recognition_interfaces__rosidl_typesupport_fastrtps_cpp[0m
[2.565s] [35m[1mConsolidate compiler generated dependencies of target object_recognition_interfaces__rosidl_typesupport_cpp[0m
[2.565s] [35m[1mConsolidate compiler generated dependencies of target object_recognition_interfaces__rosidl_typesupport_c[0m
[2.565s] [ 25%] Built target object_recognition_interfaces__rosidl_typesupport_introspection_cpp
[2.566s] [35m[1mConsolidate compiler generated dependencies of target object_recognition_interfaces__rosidl_typesupport_introspection_c[0m
[2.566s] [ 35%] Built target object_recognition_interfaces__rosidl_typesupport_fastrtps_cpp
[2.566s] [35m[1mConsolidate compiler generated dependencies of target object_recognition_interfaces__rosidl_typesupport_fastrtps_c[0m
[2.566s] [ 45%] Built target object_recognition_interfaces__rosidl_typesupport_c
[2.566s] [ 57%] Built target object_recognition_interfaces__rosidl_typesupport_introspection_c
[2.566s] [ 65%] Built target object_recognition_interfaces__rosidl_typesupport_cpp
[2.566s] [ 75%] Built target object_recognition_interfaces__rosidl_typesupport_fastrtps_c
[2.566s] [ 75%] Built target object_recognition_interfaces
[2.567s] [ 77%] Built target object_recognition_interfaces__py
[2.567s] [35m[1mConsolidate compiler generated dependencies of target object_recognition_interfaces__rosidl_generator_py[0m
[2.567s] [ 85%] Built target object_recognition_interfaces__rosidl_generator_py
[2.567s] [35m[1mConsolidate compiler generated dependencies of target object_recognition_interfaces__rosidl_typesupport_c__pyext[0m
[2.567s] [35m[1mConsolidate compiler generated dependencies of target object_recognition_interfaces__rosidl_typesupport_fastrtps_c__pyext[0m
[2.567s] [35m[1mConsolidate compiler generated dependencies of target object_recognition_interfaces__rosidl_typesupport_introspection_c__pyext[0m
[2.567s] [ 90%] Built target object_recognition_interfaces__rosidl_typesupport_c__pyext
[2.567s] [ 95%] Built target object_recognition_interfaces__rosidl_typesupport_fastrtps_c__pyext
[2.568s] [100%] Built target object_recognition_interfaces__rosidl_typesupport_introspection_c__pyext
[2.568s] running egg_info
[2.568s] writing object_recognition_interfaces.egg-info/PKG-INFO
[2.568s] writing dependency_links to object_recognition_interfaces.egg-info/dependency_links.txt
[2.568s] writing top-level names to object_recognition_interfaces.egg-info/top_level.txt
[2.568s] reading manifest file 'object_recognition_interfaces.egg-info/SOURCES.txt'
[2.568s] writing manifest file 'object_recognition_interfaces.egg-info/SOURCES.txt'
[2.568s] [100%] Built target ament_cmake_python_build_object_recognition_interfaces_egg
[3.385s] Invoked command in '/home/tknika/gral-iiriondo/unitree_ws/build/object_recognition_interfaces' returned '0': CMAKE_PREFIX_PATH=${CMAKE_PREFIX_PATH}:/home/tknika/gral-iiriondo/unitree_ws/install/standing_mode:/home/tknika/gral-iiriondo/unitree_ws/install/speech_to_goal:/home/tknika/gral-iiriondo/unitree_ws/install/object_recognition:/home/tknika/gral-iiriondo/unitree_ws/install/mapping_configuration:/home/tknika/gral-iiriondo/unitree_ws/install/go1_description:/home/tknika/gral-iiriondo/unitree_ws/install/asr:/home/tknika/gral-iiriondo/unitree_ws/install/aruco_detector:/opt/ros/humble /usr/bin/cmake --build /home/tknika/gral-iiriondo/unitree_ws/build/object_recognition_interfaces -- -j8 -l8
[3.390s] Invoking command in '/home/tknika/gral-iiriondo/unitree_ws/build/object_recognition_interfaces': CMAKE_PREFIX_PATH=${CMAKE_PREFIX_PATH}:/home/tknika/gral-iiriondo/unitree_ws/install/standing_mode:/home/tknika/gral-iiriondo/unitree_ws/install/speech_to_goal:/home/tknika/gral-iiriondo/unitree_ws/install/object_recognition:/home/tknika/gral-iiriondo/unitree_ws/install/mapping_configuration:/home/tknika/gral-iiriondo/unitree_ws/install/go1_description:/home/tknika/gral-iiriondo/unitree_ws/install/asr:/home/tknika/gral-iiriondo/unitree_ws/install/aruco_detector:/opt/ros/humble /usr/bin/cmake --install /home/tknika/gral-iiriondo/unitree_ws/build/object_recognition_interfaces
[3.408s] -- Install configuration: ""
[3.418s] -- Execute custom install script
[3.418s] -- Up-to-date symlink: /home/tknika/gral-iiriondo/unitree_ws/install/object_recognition_interfaces/share/ament_index/resource_index/rosidl_interfaces/object_recognition_interfaces
[3.425s] -- Up-to-date symlink: /home/tknika/gral-iiriondo/unitree_ws/install/object_recognition_interfaces/include/object_recognition_interfaces/object_recognition_interfaces/msg/rosidl_generator_c__visibility_control.h
[3.426s] -- Up-to-date symlink: /home/tknika/gral-iiriondo/unitree_ws/install/object_recognition_interfaces/include/object_recognition_interfaces/object_recognition_interfaces/srv/add_object.h
[3.426s] -- Up-to-date symlink: /home/tknika/gral-iiriondo/unitree_ws/install/object_recognition_interfaces/include/object_recognition_interfaces/object_recognition_interfaces/srv/detail/add_object__functions.h
[3.426s] -- Up-to-date symlink: /home/tknika/gral-iiriondo/unitree_ws/install/object_recognition_interfaces/include/object_recognition_interfaces/object_recognition_interfaces/srv/detail/add_object__struct.h
[3.427s] -- Up-to-date symlink: /home/tknika/gral-iiriondo/unitree_ws/install/object_recognition_interfaces/include/object_recognition_interfaces/object_recognition_interfaces/srv/detail/add_object__type_support.h
[3.427s] -- Up-to-date symlink: /home/tknika/gral-iiriondo/unitree_ws/install/object_recognition_interfaces/include/object_recognition_interfaces/object_recognition_interfaces/srv/detail/detect_object__functions.h
[3.427s] -- Up-to-date symlink: /home/tknika/gral-iiriondo/unitree_ws/install/object_recognition_interfaces/include/object_recognition_interfaces/object_recognition_interfaces/srv/detail/detect_object__struct.h
[3.428s] -- Up-to-date symlink: /home/tknika/gral-iiriondo/unitree_ws/install/object_recognition_interfaces/include/object_recognition_interfaces/object_recognition_interfaces/srv/detail/detect_object__type_support.h
[3.428s] -- Up-to-date symlink: /home/tknika/gral-iiriondo/unitree_ws/install/object_recognition_interfaces/include/object_recognition_interfaces/object_recognition_interfaces/srv/detect_object.h
[3.428s] -- Up-to-date symlink: /home/tknika/gral-iiriondo/unitree_ws/install/object_recognition_interfaces/share/object_recognition_interfaces/environment/library_path.sh
[3.428s] -- Up-to-date symlink: /home/tknika/gral-iiriondo/unitree_ws/install/object_recognition_interfaces/share/object_recognition_interfaces/environment/library_path.dsv
[3.429s] -- Up-to-date symlink: /home/tknika/gral-iiriondo/unitree_ws/install/object_recognition_interfaces/include/object_recognition_interfaces/object_recognition_interfaces/msg/rosidl_typesupport_fastrtps_c__visibility_control.h
[3.429s] -- Up-to-date symlink: /home/tknika/gral-iiriondo/unitree_ws/install/object_recognition_interfaces/include/object_recognition_interfaces/object_recognition_interfaces/srv/detail/add_object__rosidl_typesupport_fastrtps_c.h
[3.430s] -- Up-to-date symlink: /home/tknika/gral-iiriondo/unitree_ws/install/object_recognition_interfaces/include/object_recognition_interfaces/object_recognition_interfaces/srv/detail/detect_object__rosidl_typesupport_fastrtps_c.h
[3.430s] -- Up-to-date symlink: /home/tknika/gral-iiriondo/unitree_ws/install/object_recognition_interfaces/include/object_recognition_interfaces/object_recognition_interfaces/msg/rosidl_typesupport_introspection_c__visibility_control.h
[3.430s] -- Up-to-date symlink: /home/tknika/gral-iiriondo/unitree_ws/install/object_recognition_interfaces/include/object_recognition_interfaces/object_recognition_interfaces/srv/detail/add_object__rosidl_typesupport_introspection_c.h
[3.431s] -- Up-to-date symlink: /home/tknika/gral-iiriondo/unitree_ws/install/object_recognition_interfaces/include/object_recognition_interfaces/object_recognition_interfaces/srv/detail/detect_object__rosidl_typesupport_introspection_c.h
[3.431s] -- Up-to-date symlink: /home/tknika/gral-iiriondo/unitree_ws/install/object_recognition_interfaces/include/object_recognition_interfaces/object_recognition_interfaces/msg/rosidl_generator_cpp__visibility_control.hpp
[3.432s] -- Up-to-date symlink: /home/tknika/gral-iiriondo/unitree_ws/install/object_recognition_interfaces/include/object_recognition_interfaces/object_recognition_interfaces/srv/add_object.hpp
[3.432s] -- Up-to-date symlink: /home/tknika/gral-iiriondo/unitree_ws/install/object_recognition_interfaces/include/object_recognition_interfaces/object_recognition_interfaces/srv/detail/add_object__builder.hpp
[3.433s] -- Up-to-date symlink: /home/tknika/gral-iiriondo/unitree_ws/install/object_recognition_interfaces/include/object_recognition_interfaces/object_recognition_interfaces/srv/detail/add_object__struct.hpp
[3.433s] -- Up-to-date symlink: /home/tknika/gral-iiriondo/unitree_ws/install/object_recognition_interfaces/include/object_recognition_interfaces/object_recognition_interfaces/srv/detail/add_object__traits.hpp
[3.434s] -- Up-to-date symlink: /home/tknika/gral-iiriondo/unitree_ws/install/object_recognition_interfaces/include/object_recognition_interfaces/object_recognition_interfaces/srv/detail/add_object__type_support.hpp
[3.435s] -- Up-to-date symlink: /home/tknika/gral-iiriondo/unitree_ws/install/object_recognition_interfaces/include/object_recognition_interfaces/object_recognition_interfaces/srv/detail/detect_object__builder.hpp
[3.437s] -- Up-to-date symlink: /home/tknika/gral-iiriondo/unitree_ws/install/object_recognition_interfaces/include/object_recognition_interfaces/object_recognition_interfaces/srv/detail/detect_object__struct.hpp
[3.438s] -- Up-to-date symlink: /home/tknika/gral-iiriondo/unitree_ws/install/object_recognition_interfaces/include/object_recognition_interfaces/object_recognition_interfaces/srv/detail/detect_object__traits.hpp
[3.438s] -- Up-to-date symlink: /home/tknika/gral-iiriondo/unitree_ws/install/object_recognition_interfaces/include/object_recognition_interfaces/object_recognition_interfaces/srv/detail/detect_object__type_support.hpp
[3.438s] -- Up-to-date symlink: /home/tknika/gral-iiriondo/unitree_ws/install/object_recognition_interfaces/include/object_recognition_interfaces/object_recognition_interfaces/srv/detect_object.hpp
[3.439s] -- Up-to-date symlink: /home/tknika/gral-iiriondo/unitree_ws/install/object_recognition_interfaces/include/object_recognition_interfaces/object_recognition_interfaces/msg/rosidl_typesupport_fastrtps_cpp__visibility_control.h
[3.439s] -- Up-to-date symlink: /home/tknika/gral-iiriondo/unitree_ws/install/object_recognition_interfaces/include/object_recognition_interfaces/object_recognition_interfaces/srv/detail/add_object__rosidl_typesupport_fastrtps_cpp.hpp
[3.443s] -- Up-to-date symlink: /home/tknika/gral-iiriondo/unitree_ws/install/object_recognition_interfaces/include/object_recognition_interfaces/object_recognition_interfaces/srv/detail/detect_object__rosidl_typesupport_fastrtps_cpp.hpp
[3.444s] -- Up-to-date symlink: /home/tknika/gral-iiriondo/unitree_ws/install/object_recognition_interfaces/include/object_recognition_interfaces/object_recognition_interfaces/srv/detail/add_object__rosidl_typesupport_introspection_cpp.hpp
[3.446s] -- Up-to-date symlink: /home/tknika/gral-iiriondo/unitree_ws/install/object_recognition_interfaces/include/object_recognition_interfaces/object_recognition_interfaces/srv/detail/detect_object__rosidl_typesupport_introspection_cpp.hpp
[3.446s] -- Up-to-date symlink: /home/tknika/gral-iiriondo/unitree_ws/install/object_recognition_interfaces/share/object_recognition_interfaces/environment/pythonpath.sh
[3.446s] -- Up-to-date symlink: /home/tknika/gral-iiriondo/unitree_ws/install/object_recognition_interfaces/share/object_recognition_interfaces/environment/pythonpath.dsv
[3.447s] -- Up-to-date symlink: /home/tknika/gral-iiriondo/unitree_ws/install/object_recognition_interfaces/local/lib/python3.10/dist-packages/object_recognition_interfaces-0.0.0-py3.10.egg-info/PKG-INFO
[3.447s] -- Up-to-date symlink: /home/tknika/gral-iiriondo/unitree_ws/install/object_recognition_interfaces/local/lib/python3.10/dist-packages/object_recognition_interfaces-0.0.0-py3.10.egg-info/SOURCES.txt
[3.447s] -- Up-to-date symlink: /home/tknika/gral-iiriondo/unitree_ws/install/object_recognition_interfaces/local/lib/python3.10/dist-packages/object_recognition_interfaces-0.0.0-py3.10.egg-info/dependency_links.txt
[3.447s] -- Up-to-date symlink: /home/tknika/gral-iiriondo/unitree_ws/install/object_recognition_interfaces/local/lib/python3.10/dist-packages/object_recognition_interfaces-0.0.0-py3.10.egg-info/top_level.txt
[3.448s] -- Up-to-date symlink: /home/tknika/gral-iiriondo/unitree_ws/install/object_recognition_interfaces/local/lib/python3.10/dist-packages/object_recognition_interfaces/__init__.py
[3.450s] -- Up-to-date symlink: /home/tknika/gral-iiriondo/unitree_ws/install/object_recognition_interfaces/local/lib/python3.10/dist-packages/object_recognition_interfaces/_object_recognition_interfaces_s.ep.rosidl_typesupport_c.c
[3.450s] -- Up-to-date symlink: /home/tknika/gral-iiriondo/unitree_ws/install/object_recognition_interfaces/local/lib/python3.10/dist-packages/object_recognition_interfaces/_object_recognition_interfaces_s.ep.rosidl_typesupport_fastrtps_c.c
[3.455s] -- Up-to-date symlink: /home/tknika/gral-iiriondo/unitree_ws/install/object_recognition_interfaces/local/lib/python3.10/dist-packages/object_recognition_interfaces/_object_recognition_interfaces_s.ep.rosidl_typesupport_introspection_c.c
[3.458s] -- Up-to-date symlink: /home/tknika/gral-iiriondo/unitree_ws/install/object_recognition_interfaces/local/lib/python3.10/dist-packages/object_recognition_interfaces/libobject_recognition_interfaces__rosidl_generator_py.so
[3.460s] -- Up-to-date symlink: /home/tknika/gral-iiriondo/unitree_ws/install/object_recognition_interfaces/local/lib/python3.10/dist-packages/object_recognition_interfaces/object_recognition_interfaces_s__rosidl_typesupport_c.cpython-310-aarch64-linux-gnu.so
[3.460s] -- Up-to-date symlink: /home/tknika/gral-iiriondo/unitree_ws/install/object_recognition_interfaces/local/lib/python3.10/dist-packages/object_recognition_interfaces/object_recognition_interfaces_s__rosidl_typesupport_fastrtps_c.cpython-310-aarch64-linux-gnu.so
[3.461s] -- Up-to-date symlink: /home/tknika/gral-iiriondo/unitree_ws/install/object_recognition_interfaces/local/lib/python3.10/dist-packages/object_recognition_interfaces/object_recognition_interfaces_s__rosidl_typesupport_introspection_c.cpython-310-aarch64-linux-gnu.so
[3.461s] -- Up-to-date symlink: /home/tknika/gral-iiriondo/unitree_ws/install/object_recognition_interfaces/local/lib/python3.10/dist-packages/object_recognition_interfaces/srv/__init__.py
[3.462s] -- Up-to-date symlink: /home/tknika/gral-iiriondo/unitree_ws/install/object_recognition_interfaces/local/lib/python3.10/dist-packages/object_recognition_interfaces/srv/_add_object.py
[3.463s] -- Up-to-date symlink: /home/tknika/gral-iiriondo/unitree_ws/install/object_recognition_interfaces/local/lib/python3.10/dist-packages/object_recognition_interfaces/srv/_add_object_s.c
[3.463s] -- Up-to-date symlink: /home/tknika/gral-iiriondo/unitree_ws/install/object_recognition_interfaces/local/lib/python3.10/dist-packages/object_recognition_interfaces/srv/_detect_object.py
[3.463s] -- Up-to-date symlink: /home/tknika/gral-iiriondo/unitree_ws/install/object_recognition_interfaces/local/lib/python3.10/dist-packages/object_recognition_interfaces/srv/_detect_object_s.c
[3.463s] -- Up-to-date symlink: /home/tknika/gral-iiriondo/unitree_ws/install/object_recognition_interfaces/local/lib/python3.10/dist-packages/object_recognition_interfaces/object_recognition_interfaces_s__rosidl_typesupport_fastrtps_c.cpython-310-aarch64-linux-gnu.so
[3.464s] -- Up-to-date symlink: /home/tknika/gral-iiriondo/unitree_ws/install/object_recognition_interfaces/local/lib/python3.10/dist-packages/object_recognition_interfaces/object_recognition_interfaces_s__rosidl_typesupport_introspection_c.cpython-310-aarch64-linux-gnu.so
[3.464s] -- Up-to-date symlink: /home/tknika/gral-iiriondo/unitree_ws/install/object_recognition_interfaces/local/lib/python3.10/dist-packages/object_recognition_interfaces/object_recognition_interfaces_s__rosidl_typesupport_c.cpython-310-aarch64-linux-gnu.so
[3.465s] -- Up-to-date symlink: /home/tknika/gral-iiriondo/unitree_ws/install/object_recognition_interfaces/share/ament_index/resource_index/rust_packages/object_recognition_interfaces
[3.465s] -- Up-to-date symlink: /home/tknika/gral-iiriondo/unitree_ws/install/object_recognition_interfaces/share/object_recognition_interfaces/rust/Cargo.toml
[3.466s] -- Up-to-date symlink: /home/tknika/gral-iiriondo/unitree_ws/install/object_recognition_interfaces/share/object_recognition_interfaces/rust/build.rs
[3.466s] -- Up-to-date symlink: /home/tknika/gral-iiriondo/unitree_ws/install/object_recognition_interfaces/share/object_recognition_interfaces/rust/src/lib.rs
[3.467s] -- Up-to-date symlink: /home/tknika/gral-iiriondo/unitree_ws/install/object_recognition_interfaces/share/object_recognition_interfaces/rust/src/srv.rs
[3.467s] -- Up-to-date symlink: /home/tknika/gral-iiriondo/unitree_ws/install/object_recognition_interfaces/share/object_recognition_interfaces/rust/src/srv/rmw.rs
[3.467s] -- Up-to-date symlink: /home/tknika/gral-iiriondo/unitree_ws/install/object_recognition_interfaces/share/object_recognition_interfaces/srv/DetectObject.idl
[3.468s] -- Up-to-date symlink: /home/tknika/gral-iiriondo/unitree_ws/install/object_recognition_interfaces/share/object_recognition_interfaces/srv/AddObject.idl
[3.468s] -- Up-to-date symlink: /home/tknika/gral-iiriondo/unitree_ws/install/object_recognition_interfaces/share/object_recognition_interfaces/srv/DetectObject.srv
[3.469s] -- Up-to-date symlink: /home/tknika/gral-iiriondo/unitree_ws/install/object_recognition_interfaces/share/object_recognition_interfaces/srv/DetectObject_Request.msg
[3.469s] -- Up-to-date symlink: /home/tknika/gral-iiriondo/unitree_ws/install/object_recognition_interfaces/share/object_recognition_interfaces/srv/DetectObject_Response.msg
[3.470s] -- Up-to-date symlink: /home/tknika/gral-iiriondo/unitree_ws/install/object_recognition_interfaces/share/object_recognition_interfaces/srv/AddObject.srv
[3.470s] -- Up-to-date symlink: /home/tknika/gral-iiriondo/unitree_ws/install/object_recognition_interfaces/share/object_recognition_interfaces/srv/AddObject_Request.msg
[3.470s] -- Up-to-date symlink: /home/tknika/gral-iiriondo/unitree_ws/install/object_recognition_interfaces/share/object_recognition_interfaces/srv/AddObject_Response.msg
[3.471s] -- Up-to-date symlink: /home/tknika/gral-iiriondo/unitree_ws/install/object_recognition_interfaces/share/ament_index/resource_index/package_run_dependencies/object_recognition_interfaces
[3.471s] -- Up-to-date symlink: /home/tknika/gral-iiriondo/unitree_ws/install/object_recognition_interfaces/share/ament_index/resource_index/parent_prefix_path/object_recognition_interfaces
[3.472s] -- Up-to-date symlink: /home/tknika/gral-iiriondo/unitree_ws/install/object_recognition_interfaces/share/object_recognition_interfaces/environment/ament_prefix_path.sh
[3.472s] -- Up-to-date symlink: /home/tknika/gral-iiriondo/unitree_ws/install/object_recognition_interfaces/share/object_recognition_interfaces/environment/ament_prefix_path.dsv
[3.472s] -- Up-to-date symlink: /home/tknika/gral-iiriondo/unitree_ws/install/object_recognition_interfaces/share/object_recognition_interfaces/environment/path.sh
[3.473s] -- Up-to-date symlink: /home/tknika/gral-iiriondo/unitree_ws/install/object_recognition_interfaces/share/object_recognition_interfaces/environment/path.dsv
[3.473s] -- Up-to-date symlink: /home/tknika/gral-iiriondo/unitree_ws/install/object_recognition_interfaces/share/object_recognition_interfaces/local_setup.bash
[3.474s] -- Up-to-date symlink: /home/tknika/gral-iiriondo/unitree_ws/install/object_recognition_interfaces/share/object_recognition_interfaces/local_setup.sh
[3.474s] -- Up-to-date symlink: /home/tknika/gral-iiriondo/unitree_ws/install/object_recognition_interfaces/share/object_recognition_interfaces/local_setup.zsh
[3.475s] -- Up-to-date symlink: /home/tknika/gral-iiriondo/unitree_ws/install/object_recognition_interfaces/share/object_recognition_interfaces/local_setup.dsv
[3.475s] -- Symlinking: /home/tknika/gral-iiriondo/unitree_ws/install/object_recognition_interfaces/share/object_recognition_interfaces/package.dsv
[3.497s] -- Up-to-date symlink: /home/tknika/gral-iiriondo/unitree_ws/install/object_recognition_interfaces/share/ament_index/resource_index/packages/object_recognition_interfaces
[3.498s] -- Up-to-date symlink: /home/tknika/gral-iiriondo/unitree_ws/install/object_recognition_interfaces/share/object_recognition_interfaces/cmake/rosidl_cmake-extras.cmake
[3.499s] -- Up-to-date symlink: /home/tknika/gral-iiriondo/unitree_ws/install/object_recognition_interfaces/share/object_recognition_interfaces/cmake/ament_cmake_export_include_directories-extras.cmake
[3.499s] -- Up-to-date symlink: /home/tknika/gral-iiriondo/unitree_ws/install/object_recognition_interfaces/share/object_recognition_interfaces/cmake/ament_cmake_export_libraries-extras.cmake
[3.500s] -- Up-to-date symlink: /home/tknika/gral-iiriondo/unitree_ws/install/object_recognition_interfaces/share/object_recognition_interfaces/cmake/ament_cmake_export_targets-extras.cmake
[3.500s] -- Up-to-date symlink: /home/tknika/gral-iiriondo/unitree_ws/install/object_recognition_interfaces/share/object_recognition_interfaces/cmake/rosidl_cmake_export_typesupport_targets-extras.cmake
[3.504s] -- Up-to-date symlink: /home/tknika/gral-iiriondo/unitree_ws/install/object_recognition_interfaces/share/object_recognition_interfaces/cmake/ament_cmake_export_dependencies-extras.cmake
[3.505s] -- Up-to-date symlink: /home/tknika/gral-iiriondo/unitree_ws/install/object_recognition_interfaces/share/object_recognition_interfaces/cmake/rosidl_cmake_export_typesupport_libraries-extras.cmake
[3.505s] -- Up-to-date symlink: /home/tknika/gral-iiriondo/unitree_ws/install/object_recognition_interfaces/share/object_recognition_interfaces/cmake/object_recognition_interfacesConfig.cmake
[3.506s] -- Up-to-date symlink: /home/tknika/gral-iiriondo/unitree_ws/install/object_recognition_interfaces/share/object_recognition_interfaces/cmake/object_recognition_interfacesConfig-version.cmake
[3.507s] -- Up-to-date symlink: /home/tknika/gral-iiriondo/unitree_ws/install/object_recognition_interfaces/share/object_recognition_interfaces/package.xml
[3.508s] -- Up-to-date: /home/tknika/gral-iiriondo/unitree_ws/install/object_recognition_interfaces/lib/libobject_recognition_interfaces__rosidl_generator_c.so
[3.509s] -- Up-to-date: /home/tknika/gral-iiriondo/unitree_ws/install/object_recognition_interfaces/lib/libobject_recognition_interfaces__rosidl_typesupport_fastrtps_c.so
[3.511s] -- Up-to-date: /home/tknika/gral-iiriondo/unitree_ws/install/object_recognition_interfaces/lib/libobject_recognition_interfaces__rosidl_typesupport_introspection_c.so
[3.512s] -- Up-to-date: /home/tknika/gral-iiriondo/unitree_ws/install/object_recognition_interfaces/lib/libobject_recognition_interfaces__rosidl_typesupport_c.so
[3.513s] -- Up-to-date: /home/tknika/gral-iiriondo/unitree_ws/install/object_recognition_interfaces/lib/libobject_recognition_interfaces__rosidl_typesupport_fastrtps_cpp.so
[3.515s] -- Up-to-date: /home/tknika/gral-iiriondo/unitree_ws/install/object_recognition_interfaces/lib/libobject_recognition_interfaces__rosidl_typesupport_introspection_cpp.so
[3.516s] -- Up-to-date: /home/tknika/gral-iiriondo/unitree_ws/install/object_recognition_interfaces/lib/libobject_recognition_interfaces__rosidl_typesupport_cpp.so
[3.605s] Listing '/home/tknika/gral-iiriondo/unitree_ws/install/object_recognition_interfaces/local/lib/python3.10/dist-packages/object_recognition_interfaces'...
[3.605s] Listing '/home/tknika/gral-iiriondo/unitree_ws/install/object_recognition_interfaces/local/lib/python3.10/dist-packages/object_recognition_interfaces/srv'...
[3.620s] -- Up-to-date: /home/tknika/gral-iiriondo/unitree_ws/install/object_recognition_interfaces/lib/libobject_recognition_interfaces__rosidl_generator_py.so
[3.621s] -- Up-to-date: /home/tknika/gral-iiriondo/unitree_ws/install/object_recognition_interfaces/share/object_recognition_interfaces/cmake/export_object_recognition_interfaces__rosidl_generator_cExport.cmake
[3.621s] -- Up-to-date: /home/tknika/gral-iiriondo/unitree_ws/install/object_recognition_interfaces/share/object_recognition_interfaces/cmake/export_object_recognition_interfaces__rosidl_generator_cExport-noconfig.cmake
[3.622s] -- Up-to-date: /home/tknika/gral-iiriondo/unitree_ws/install/object_recognition_interfaces/share/object_recognition_interfaces/cmake/export_object_recognition_interfaces__rosidl_typesupport_fastrtps_cExport.cmake
[3.622s] -- Up-to-date: /home/tknika/gral-iiriondo/unitree_ws/install/object_recognition_interfaces/share/object_recognition_interfaces/cmake/export_object_recognition_interfaces__rosidl_typesupport_fastrtps_cExport-noconfig.cmake
[3.623s] -- Up-to-date: /home/tknika/gral-iiriondo/unitree_ws/install/object_recognition_interfaces/share/object_recognition_interfaces/cmake/object_recognition_interfaces__rosidl_typesupport_introspection_cExport.cmake
[3.623s] -- Up-to-date: /home/tknika/gral-iiriondo/unitree_ws/install/object_recognition_interfaces/share/object_recognition_interfaces/cmake/object_recognition_interfaces__rosidl_typesupport_introspection_cExport-noconfig.cmake
[3.624s] -- Up-to-date: /home/tknika/gral-iiriondo/unitree_ws/install/object_recognition_interfaces/share/object_recognition_interfaces/cmake/object_recognition_interfaces__rosidl_typesupport_cExport.cmake
[3.624s] -- Up-to-date: /home/tknika/gral-iiriondo/unitree_ws/install/object_recognition_interfaces/share/object_recognition_interfaces/cmake/object_recognition_interfaces__rosidl_typesupport_cExport-noconfig.cmake
[3.625s] -- Up-to-date: /home/tknika/gral-iiriondo/unitree_ws/install/object_recognition_interfaces/share/object_recognition_interfaces/cmake/export_object_recognition_interfaces__rosidl_generator_cppExport.cmake
[3.626s] -- Up-to-date: /home/tknika/gral-iiriondo/unitree_ws/install/object_recognition_interfaces/share/object_recognition_interfaces/cmake/export_object_recognition_interfaces__rosidl_typesupport_fastrtps_cppExport.cmake
[3.626s] -- Up-to-date: /home/tknika/gral-iiriondo/unitree_ws/install/object_recognition_interfaces/share/object_recognition_interfaces/cmake/export_object_recognition_interfaces__rosidl_typesupport_fastrtps_cppExport-noconfig.cmake
[3.627s] -- Up-to-date: /home/tknika/gral-iiriondo/unitree_ws/install/object_recognition_interfaces/share/object_recognition_interfaces/cmake/object_recognition_interfaces__rosidl_typesupport_introspection_cppExport.cmake
[3.627s] -- Up-to-date: /home/tknika/gral-iiriondo/unitree_ws/install/object_recognition_interfaces/share/object_recognition_interfaces/cmake/object_recognition_interfaces__rosidl_typesupport_introspection_cppExport-noconfig.cmake
[3.628s] -- Up-to-date: /home/tknika/gral-iiriondo/unitree_ws/install/object_recognition_interfaces/share/object_recognition_interfaces/cmake/object_recognition_interfaces__rosidl_typesupport_cppExport.cmake
[3.628s] -- Up-to-date: /home/tknika/gral-iiriondo/unitree_ws/install/object_recognition_interfaces/share/object_recognition_interfaces/cmake/object_recognition_interfaces__rosidl_typesupport_cppExport-noconfig.cmake
[3.629s] -- Up-to-date: /home/tknika/gral-iiriondo/unitree_ws/install/object_recognition_interfaces/share/object_recognition_interfaces/cmake/export_object_recognition_interfaces__rosidl_generator_pyExport.cmake
[3.630s] -- Up-to-date: /home/tknika/gral-iiriondo/unitree_ws/install/object_recognition_interfaces/share/object_recognition_interfaces/cmake/export_object_recognition_interfaces__rosidl_generator_pyExport-noconfig.cmake
[3.636s] Invoked command in '/home/tknika/gral-iiriondo/unitree_ws/build/object_recognition_interfaces' returned '0': CMAKE_PREFIX_PATH=${CMAKE_PREFIX_PATH}:/home/tknika/gral-iiriondo/unitree_ws/install/standing_mode:/home/tknika/gral-iiriondo/unitree_ws/install/speech_to_goal:/home/tknika/gral-iiriondo/unitree_ws/install/object_recognition:/home/tknika/gral-iiriondo/unitree_ws/install/mapping_configuration:/home/tknika/gral-iiriondo/unitree_ws/install/go1_description:/home/tknika/gral-iiriondo/unitree_ws/install/asr:/home/tknika/gral-iiriondo/unitree_ws/install/aruco_detector:/opt/ros/humble /usr/bin/cmake --install /home/tknika/gral-iiriondo/unitree_ws/build/object_recognition_interfaces
