running develop
running egg_info
creating mapping_configuration.egg-info
writing mapping_configuration.egg-info/PKG-INFO
writing dependency_links to mapping_configuration.egg-info/dependency_links.txt
writing entry points to mapping_configuration.egg-info/entry_points.txt
writing requirements to mapping_configuration.egg-info/requires.txt
writing top-level names to mapping_configuration.egg-info/top_level.txt
writing manifest file 'mapping_configuration.egg-info/SOURCES.txt'
reading manifest file 'mapping_configuration.egg-info/SOURCES.txt'
writing manifest file 'mapping_configuration.egg-info/SOURCES.txt'
running build_ext
Creating /home/tknika/gral-iiriondo/unitree_ws/install/mapping_configuration/lib/python3.10/site-packages/mapping-configuration.egg-link (link to .)
Installing mapping_publishers script to /home/tknika/gral-iiriondo/unitree_ws/install/mapping_configuration/lib/mapping_configuration

Installed /home/tknika/gral-iiriondo/unitree_ws/build/mapping_configuration
running symlink_data
creating /home/tknika/gral-iiriondo/unitree_ws/install/mapping_configuration/share/ament_index
creating /home/tknika/gral-iiriondo/unitree_ws/install/mapping_configuration/share/ament_index/resource_index
creating /home/tknika/gral-iiriondo/unitree_ws/install/mapping_configuration/share/ament_index/resource_index/packages
symbolically linking /home/tknika/gral-iiriondo/unitree_ws/build/mapping_configuration/resource/mapping_configuration -> /home/tknika/gral-iiriondo/unitree_ws/install/mapping_configuration/share/ament_index/resource_index/packages
symbolically linking /home/tknika/gral-iiriondo/unitree_ws/build/mapping_configuration/package.xml -> /home/tknika/gral-iiriondo/unitree_ws/install/mapping_configuration/share/mapping_configuration
